106.51.226.49 - - [23/Jul/2016:12:50:33 +0000] "GET /favicon.ico HTTP/1.1" 404 1110 "http://melvyn.pythonanywhere.com/" "Mozilla/5.0 (Linux; Android 5.1.1; SM-J200G Build/LMY47X) AppleWebKit/537.36 (KHTML, like Gecko) Chrome/51.0.2704.81 Mobile Safari/537.36" "106.51.226.49"
66.249.64.170 - - [24/Jul/2016:03:55:41 +0000] "GET /robots.txt HTTP/1.1" 404 1108 "-" "Mozilla/5.0 (compatible; Googlebot/2.1; +http://www.google.com/bot.html)" "66.249.64.170"
66.249.64.170 - - [24/Jul/2016:03:55:41 +0000] "GET /posts/ HTTP/1.1" 200 2005 "-" "Mozilla/5.0 (compatible; Googlebot/2.1; +http://www.google.com/bot.html)" "66.249.64.170"
66.249.64.170 - - [24/Jul/2016:03:55:41 +0000] "GET /robots.txt HTTP/1.1" 404 1108 "-" "Mozilla/5.0 (compatible; Googlebot/2.1; +http://www.google.com/bot.html)" "66.249.64.170"
66.249.64.170 - - [24/Jul/2016:03:55:41 +0000] "GET /posts/ HTTP/1.1" 200 2005 "-" "Mozilla/5.0 (compatible; Googlebot/2.1; +http://www.google.com/bot.html)" "66.249.64.170"
66.249.64.170 - - [24/Jul/2016:03:55:41 +0000] "GET /robots.txt HTTP/1.1" 404 1108 "-" "Mozilla/5.0 (compatible; Googlebot/2.1; +http://www.google.com/bot.html)" "66.249.64.170"
66.249.64.170 - - [24/Jul/2016:03:55:41 +0000] "GET /posts/ HTTP/1.1" 200 2005 "-" "Mozilla/5.0 (compatible; Googlebot/2.1; +http://www.google.com/bot.html)" "66.249.64.170"
66.249.64.170 - - [24/Jul/2016:03:55:41 +0000] "GET /robots.txt HTTP/1.1" 404 1108 "-" "Mozilla/5.0 (compatible; Googlebot/2.1; +http://www.google.com/bot.html)" "66.249.64.170"
66.249.64.170 - - [24/Jul/2016:03:55:41 +0000] "GET /posts/ HTTP/1.1" 200 2005 "-" "Mozilla/5.0 (compatible; Googlebot/2.1; +http://www.google.com/bot.html)" "66.249.64.170"
66.249.64.170 - - [24/Jul/2016:03:55:41 +0000] "GET /robots.txt HTTP/1.1" 404 1108 "-" "Mozilla/5.0 (compatible; Googlebot/2.1; +http://www.google.com/bot.html)" "66.249.64.170"
66.249.64.170 - - [24/Jul/2016:03:55:41 +0000] "GET /posts/ HTTP/1.1" 200 2005 "-" "Mozilla/5.0 (compatible; Googlebot/2.1; +http://www.google.com/bot.html)" "66.249.64.170"
66.249.64.170 - - [24/Jul/2016:03:55:41 +0000] "GET /robots.txt HTTP/1.1" 404 1108 "-" "Mozilla/5.0 (compatible; Googlebot/2.1; +http://www.google.com/bot.html)" "66.249.64.170"
66.249.64.170 - - [24/Jul/2016:03:55:41 +0000] "GET /posts/ HTTP/1.1" 200 2005 "-" "Mozilla/5.0 (compatible; Googlebot/2.1; +http://www.google.com/bot.html)" "66.249.64.170"
66.249.64.170 - - [24/Jul/2016:03:55:41 +0000] "GET /robots.txt HTTP/1.1" 404 1108 "-" "Mozilla/5.0 (compatible; Googlebot/2.1; +http://www.google.com/bot.html)" "66.249.64.170"
66.249.64.170 - - [24/Jul/2016:03:55:41 +0000] "GET /posts/ HTTP/1.1" 200 2005 "-" "Mozilla/5.0 (compatible; Googlebot/2.1; +http://www.google.com/bot.html)" "66.249.64.170"
107.77.97.51 - - [24/Jul/2016:05:37:17 +0000] "GET /static/img/home_illustration.png HTTP/1.1" 200 819937 "http://melvyn.pythonanywhere.com/" "Mozilla/5.0 (iPhone; CPU iPhone OS 9_3_2 like Mac OS X) AppleWebKit/601.1.46 (KHTML, like Gecko) Version/9.0 Mobile/13F69 Safari/601.1" "107.77.97.51"
107.77.97.51 - - [24/Jul/2016:05:37:17 +0000] "GET /static/img/home_illustration.png HTTP/1.1" 200 819937 "http://melvyn.pythonanywhere.com/" "Mozilla/5.0 (iPhone; CPU iPhone OS 9_3_2 like Mac OS X) AppleWebKit/601.1.46 (KHTML, like Gecko) Version/9.0 Mobile/13F69 Safari/601.1" "107.77.97.51"
107.77.97.51 - - [24/Jul/2016:05:37:17 +0000] "GET /static/img/home_illustration.png HTTP/1.1" 200 819937 "http://melvyn.pythonanywhere.com/" "Mozilla/5.0 (iPhone; CPU iPhone OS 9_3_2 like Mac OS X) AppleWebKit/601.1.46 (KHTML, like Gecko) Version/9.0 Mobile/13F69 Safari/601.1" "107.77.97.51"
107.77.97.51 - - [24/Jul/2016:05:37:17 +0000] "GET /static/img/home_illustration.png HTTP/1.1" 200 819937 "http://melvyn.pythonanywhere.com/" "Mozilla/5.0 (iPhone; CPU iPhone OS 9_3_2 like Mac OS X) AppleWebKit/601.1.46 (KHTML, like Gecko) Version/9.0 Mobile/13F69 Safari/601.1" "107.77.97.51"
107.77.97.51 - - [24/Jul/2016:05:37:17 +0000] "GET /static/img/home_illustration.png HTTP/1.1" 200 819937 "http://melvyn.pythonanywhere.com/" "Mozilla/5.0 (iPhone; CPU iPhone OS 9_3_2 like Mac OS X) AppleWebKit/601.1.46 (KHTML, like Gecko) Version/9.0 Mobile/13F69 Safari/601.1" "107.77.97.51"
107.77.97.51 - - [24/Jul/2016:05:37:17 +0000] "GET /static/img/home_illustration.png HTTP/1.1" 200 819937 "http://melvyn.pythonanywhere.com/" "Mozilla/5.0 (iPhone; CPU iPhone OS 9_3_2 like Mac OS X) AppleWebKit/601.1.46 (KHTML, like Gecko) Version/9.0 Mobile/13F69 Safari/601.1" "107.77.97.51"
107.77.97.51 - - [24/Jul/2016:05:37:17 +0000] "GET /static/img/home_illustration.png HTTP/1.1" 200 819937 "http://melvyn.pythonanywhere.com/" "Mozilla/5.0 (iPhone; CPU iPhone OS 9_3_2 like Mac OS X) AppleWebKit/601.1.46 (KHTML, like Gecko) Version/9.0 Mobile/13F69 Safari/601.1" "107.77.97.51"
107.77.97.51 - - [24/Jul/2016:05:37:17 +0000] "GET /static/img/home_illustration.png HTTP/1.1" 200 819937 "http://melvyn.pythonanywhere.com/" "Mozilla/5.0 (iPhone; CPU iPhone OS 9_3_2 like Mac OS X) AppleWebKit/601.1.46 (KHTML, like Gecko) Version/9.0 Mobile/13F69 Safari/601.1" "107.77.97.51"
107.77.97.51 - - [24/Jul/2016:05:37:17 +0000] "GET /static/img/home_illustration.png HTTP/1.1" 200 819937 "http://melvyn.pythonanywhere.com/" "Mozilla/5.0 (iPhone; CPU iPhone OS 9_3_2 like Mac OS X) AppleWebKit/601.1.46 (KHTML, like Gecko) Version/9.0 Mobile/13F69 Safari/601.1" "107.77.97.51"
107.77.97.51 - - [24/Jul/2016:05:37:17 +0000] "GET /static/img/home_illustration.png HTTP/1.1" 200 819937 "http://melvyn.pythonanywhere.com/" "Mozilla/5.0 (iPhone; CPU iPhone OS 9_3_2 like Mac OS X) AppleWebKit/601.1.46 (KHTML, like Gecko) Version/9.0 Mobile/13F69 Safari/601.1" "107.77.97.51"
107.77.97.51 - - [24/Jul/2016:05:37:17 +0000] "GET /static/img/home_illustration.png HTTP/1.1" 200 819937 "http://melvyn.pythonanywhere.com/" "Mozilla/5.0 (iPhone; CPU iPhone OS 9_3_2 like Mac OS X) AppleWebKit/601.1.46 (KHTML, like Gecko) Version/9.0 Mobile/13F69 Safari/601.1" "107.77.97.51"
107.77.97.51 - - [24/Jul/2016:05:37:17 +0000] "GET /static/img/home_illustration.png HTTP/1.1" 200 819937 "http://melvyn.pythonanywhere.com/" "Mozilla/5.0 (iPhone; CPU iPhone OS 9_3_2 like Mac OS X) AppleWebKit/601.1.46 (KHTML, like Gecko) Version/9.0 Mobile/13F69 Safari/601.1" "107.77.97.51"
107.77.97.51 - - [24/Jul/2016:05:37:17 +0000] "GET /static/img/home_illustration.png HTTP/1.1" 200 819937 "http://melvyn.pythonanywhere.com/" "Mozilla/5.0 (iPhone; CPU iPhone OS 9_3_2 like Mac OS X) AppleWebKit/601.1.46 (KHTML, like Gecko) Version/9.0 Mobile/13F69 Safari/601.1" "107.77.97.51"
107.77.97.51 - - [24/Jul/2016:05:37:17 +0000] "GET /static/img/home_illustration.png HTTP/1.1" 200 819937 "http://melvyn.pythonanywhere.com/" "Mozilla/5.0 (iPhone; CPU iPhone OS 9_3_2 like Mac OS X) AppleWebKit/601.1.46 (KHTML, like Gecko) Version/9.0 Mobile/13F69 Safari/601.1" "107.77.97.51"
107.77.97.51 - - [24/Jul/2016:05:37:17 +0000] "GET /static/img/home_illustration.png HTTP/1.1" 200 819937 "http://melvyn.pythonanywhere.com/" "Mozilla/5.0 (iPhone; CPU iPhone OS 9_3_2 like Mac OS X) AppleWebKit/601.1.46 (KHTML, like Gecko) Version/9.0 Mobile/13F69 Safari/601.1" "107.77.97.51"
107.77.97.51 - - [24/Jul/2016:05:37:17 +0000] "GET /static/img/home_illustration.png HTTP/1.1" 200 819937 "http://melvyn.pythonanywhere.com/" "Mozilla/5.0 (iPhone; CPU iPhone OS 9_3_2 like Mac OS X) AppleWebKit/601.1.46 (KHTML, like Gecko) Version/9.0 Mobile/13F69 Safari/601.1" "107.77.97.51"
107.77.97.51 - - [24/Jul/2016:05:37:17 +0000] "GET /static/img/home_illustration.png HTTP/1.1" 200 819937 "http://melvyn.pythonanywhere.com/" "Mozilla/5.0 (iPhone; CPU iPhone OS 9_3_2 like Mac OS X) AppleWebKit/601.1.46 (KHTML, like Gecko) Version/9.0 Mobile/13F69 Safari/601.1" "107.77.97.51"
107.77.97.51 - - [24/Jul/2016:05:37:17 +0000] "GET /static/img/home_illustration.png HTTP/1.1" 200 819937 "http://melvyn.pythonanywhere.com/" "Mozilla/5.0 (iPhone; CPU iPhone OS 9_3_2 like Mac OS X) AppleWebKit/601.1.46 (KHTML, like Gecko) Version/9.0 Mobile/13F69 Safari/601.1" "107.77.97.51"
107.77.97.51 - - [24/Jul/2016:05:37:17 +0000] "GET /static/img/home_illustration.png HTTP/1.1" 200 819937 "http://melvyn.pythonanywhere.com/" "Mozilla/5.0 (iPhone; CPU iPhone OS 9_3_2 like Mac OS X) AppleWebKit/601.1.46 (KHTML, like Gecko) Version/9.0 Mobile/13F69 Safari/601.1" "107.77.97.51"
107.77.97.51 - - [24/Jul/2016:05:37:17 +0000] "GET /static/img/home_illustration.png HTTP/1.1" 200 819937 "http://melvyn.pythonanywhere.com/" "Mozilla/5.0 (iPhone; CPU iPhone OS 9_3_2 like Mac OS X) AppleWebKit/601.1.46 (KHTML, like Gecko) Version/9.0 Mobile/13F69 Safari/601.1" "107.77.97.51"
107.77.97.51 - - [24/Jul/2016:05:37:17 +0000] "GET /static/img/home_illustration.png HTTP/1.1" 200 819937 "http://melvyn.pythonanywhere.com/" "Mozilla/5.0 (iPhone; CPU iPhone OS 9_3_2 like Mac OS X) AppleWebKit/601.1.46 (KHTML, like Gecko) Version/9.0 Mobile/13F69 Safari/601.1" "107.77.97.51"
107.77.97.51 - - [24/Jul/2016:05:37:17 +0000] "GET /static/img/home_illustration.png HTTP/1.1" 200 819937 "http://melvyn.pythonanywhere.com/" "Mozilla/5.0 (iPhone; CPU iPhone OS 9_3_2 like Mac OS X) AppleWebKit/601.1.46 (KHTML, like Gecko) Version/9.0 Mobile/13F69 Safari/601.1" "107.77.97.51"
107.77.97.51 - - [24/Jul/2016:05:37:17 +0000] "GET /static/img/home_illustration.png HTTP/1.1" 200 819937 "http://melvyn.pythonanywhere.com/" "Mozilla/5.0 (iPhone; CPU iPhone OS 9_3_2 like Mac OS X) AppleWebKit/601.1.46 (KHTML, like Gecko) Version/9.0 Mobile/13F69 Safari/601.1" "107.77.97.51"
107.77.97.51 - - [24/Jul/2016:05:37:17 +0000] "GET /static/img/home_illustration.png HTTP/1.1" 200 819937 "http://melvyn.pythonanywhere.com/" "Mozilla/5.0 (iPhone; CPU iPhone OS 9_3_2 like Mac OS X) AppleWebKit/601.1.46 (KHTML, like Gecko) Version/9.0 Mobile/13F69 Safari/601.1" "107.77.97.51"
107.77.97.51 - - [24/Jul/2016:05:37:17 +0000] "GET /static/img/home_illustration.png HTTP/1.1" 200 819937 "http://melvyn.pythonanywhere.com/" "Mozilla/5.0 (iPhone; CPU iPhone OS 9_3_2 like Mac OS X) AppleWebKit/601.1.46 (KHTML, like Gecko) Version/9.0 Mobile/13F69 Safari/601.1" "107.77.97.51"
107.77.97.51 - - [24/Jul/2016:05:37:17 +0000] "GET /static/img/home_illustration.png HTTP/1.1" 200 819937 "http://melvyn.pythonanywhere.com/" "Mozilla/5.0 (iPhone; CPU iPhone OS 9_3_2 like Mac OS X) AppleWebKit/601.1.46 (KHTML, like Gecko) Version/9.0 Mobile/13F69 Safari/601.1" "107.77.97.51"
107.77.97.51 - - [24/Jul/2016:05:37:17 +0000] "GET /static/img/home_illustration.png HTTP/1.1" 200 819937 "http://melvyn.pythonanywhere.com/" "Mozilla/5.0 (iPhone; CPU iPhone OS 9_3_2 like Mac OS X) AppleWebKit/601.1.46 (KHTML, like Gecko) Version/9.0 Mobile/13F69 Safari/601.1" "107.77.97.51"
107.77.97.51 - - [24/Jul/2016:05:37:17 +0000] "GET /static/img/home_illustration.png HTTP/1.1" 200 819937 "http://melvyn.pythonanywhere.com/" "Mozilla/5.0 (iPhone; CPU iPhone OS 9_3_2 like Mac OS X) AppleWebKit/601.1.46 (KHTML, like Gecko) Version/9.0 Mobile/13F69 Safari/601.1" "107.77.97.51"
107.77.97.51 - - [24/Jul/2016:05:37:17 +0000] "GET /static/img/home_illustration.png HTTP/1.1" 200 819937 "http://melvyn.pythonanywhere.com/" "Mozilla/5.0 (iPhone; CPU iPhone OS 9_3_2 like Mac OS X) AppleWebKit/601.1.46 (KHTML, like Gecko) Version/9.0 Mobile/13F69 Safari/601.1" "107.77.97.51"
107.77.97.51 - - [24/Jul/2016:05:37:17 +0000] "GET /static/img/home_illustration.png HTTP/1.1" 200 819937 "http://melvyn.pythonanywhere.com/" "Mozilla/5.0 (iPhone; CPU iPhone OS 9_3_2 like Mac OS X) AppleWebKit/601.1.46 (KHTML, like Gecko) Version/9.0 Mobile/13F69 Safari/601.1" "107.77.97.51"
107.77.97.51 - - [24/Jul/2016:05:37:17 +0000] "GET /static/img/home_illustration.png HTTP/1.1" 200 819937 "http://melvyn.pythonanywhere.com/" "Mozilla/5.0 (iPhone; CPU iPhone OS 9_3_2 like Mac OS X) AppleWebKit/601.1.46 (KHTML, like Gecko) Version/9.0 Mobile/13F69 Safari/601.1" "107.77.97.51"
103.204.83.50 - - [24/Jul/2016:05:53:53 +0000] "GET /about/ HTTP/1.1" 200 3818 "-" "Mozilla/5.0 (Windows NT 10.0; WOW64) AppleWebKit/537.36 (KHTML, like Gecko) Chrome/51.0.2704.103 Safari/537.36" "103.204.83.50"
103.204.83.50 - - [24/Jul/2016:05:53:54 +0000] "GET /static/style/css/base.css HTTP/1.1" 200 722 "http://melvyn.pythonanywhere.com/about/" "Mozilla/5.0 (Windows NT 10.0; WOW64) AppleWebKit/537.36 (KHTML, like Gecko) Chrome/51.0.2704.103 Safari/537.36" "103.204.83.50"
103.204.83.50 - - [24/Jul/2016:05:53:54 +0000] "GET /static/js/jquery.easing.1.3.js HTTP/1.1" 200 2027 "http://melvyn.pythonanywhere.com/about/" "Mozilla/5.0 (Windows NT 10.0; WOW64) AppleWebKit/537.36 (KHTML, like Gecko) Chrome/51.0.2704.103 Safari/537.36" "103.204.83.50"
103.204.83.50 - - [24/Jul/2016:05:53:54 +0000] "GET /static/style/css/about.css HTTP/1.1" 200 978 "http://melvyn.pythonanywhere.com/about/" "Mozilla/5.0 (Windows NT 10.0; WOW64) AppleWebKit/537.36 (KHTML, like Gecko) Chrome/51.0.2704.103 Safari/537.36" "103.204.83.50"
103.204.83.50 - - [24/Jul/2016:05:53:55 +0000] "GET /static/img/logo.png HTTP/1.1" 200 10965 "http://melvyn.pythonanywhere.com/about/" "Mozilla/5.0 (Windows NT 10.0; WOW64) AppleWebKit/537.36 (KHTML, like Gecko) Chrome/51.0.2704.103 Safari/537.36" "103.204.83.50"
103.204.83.50 - - [24/Jul/2016:05:53:55 +0000] "GET /static/img/melvyn_peignon.jpg HTTP/1.1" 200 19770 "http://melvyn.pythonanywhere.com/about/" "Mozilla/5.0 (Windows NT 10.0; WOW64) AppleWebKit/537.36 (KHTML, like Gecko) Chrome/51.0.2704.103 Safari/537.36" "103.204.83.50"
103.204.83.50 - - [24/Jul/2016:05:53:55 +0000] "GET /static/img/logo-phone.png HTTP/1.1" 200 1996 "http://melvyn.pythonanywhere.com/static/style/css/base.css" "Mozilla/5.0 (Windows NT 10.0; WOW64) AppleWebKit/537.36 (KHTML, like Gecko) Chrome/51.0.2704.103 Safari/537.36" "103.204.83.50"
103.204.83.50 - - [24/Jul/2016:05:53:55 +0000] "GET /static/img/sm-linkedin-icon.png HTTP/1.1" 200 1115 "http://melvyn.pythonanywhere.com/static/style/css/about.css" "Mozilla/5.0 (Windows NT 10.0; WOW64) AppleWebKit/537.36 (KHTML, like Gecko) Chrome/51.0.2704.103 Safari/537.36" "103.204.83.50"
103.204.83.50 - - [24/Jul/2016:05:53:55 +0000] "GET /static/img/mail-logo.png HTTP/1.1" 200 2088 "http://melvyn.pythonanywhere.com/static/style/css/base.css" "Mozilla/5.0 (Windows NT 10.0; WOW64) AppleWebKit/537.36 (KHTML, like Gecko) Chrome/51.0.2704.103 Safari/537.36" "103.204.83.50"
103.204.83.50 - - [24/Jul/2016:05:53:55 +0000] "GET /static/img/divider.png HTTP/1.1" 200 939 "http://melvyn.pythonanywhere.com/static/style/css/about.css" "Mozilla/5.0 (Windows NT 10.0; WOW64) AppleWebKit/537.36 (KHTML, like Gecko) Chrome/51.0.2704.103 Safari/537.36" "103.204.83.50"
103.204.83.50 - - [24/Jul/2016:05:53:56 +0000] "GET /static/img/position-logo.png HTTP/1.1" 200 1676 "http://melvyn.pythonanywhere.com/static/style/css/base.css" "Mozilla/5.0 (Windows NT 10.0; WOW64) AppleWebKit/537.36 (KHTML, like Gecko) Chrome/51.0.2704.103 Safari/537.36" "103.204.83.50"
103.204.83.50 - - [24/Jul/2016:05:53:56 +0000] "GET /static/img/github-logo.png HTTP/1.1" 200 3347 "http://melvyn.pythonanywhere.com/static/style/css/about.css" "Mozilla/5.0 (Windows NT 10.0; WOW64) AppleWebKit/537.36 (KHTML, like Gecko) Chrome/51.0.2704.103 Safari/537.36" "103.204.83.50"
103.204.83.50 - - [24/Jul/2016:05:53:56 +0000] "GET /static/img/eisti-logo.png HTTP/1.1" 200 29113 "http://melvyn.pythonanywhere.com/about/" "Mozilla/5.0 (Windows NT 10.0; WOW64) AppleWebKit/537.36 (KHTML, like Gecko) Chrome/51.0.2704.103 Safari/537.36" "103.204.83.50"
103.204.83.50 - - [24/Jul/2016:05:53:56 +0000] "GET /static/img/UCP-logo.png HTTP/1.1" 200 82900 "http://melvyn.pythonanywhere.com/about/" "Mozilla/5.0 (Windows NT 10.0; WOW64) AppleWebKit/537.36 (KHTML, like Gecko) Chrome/51.0.2704.103 Safari/537.36" "103.204.83.50"
103.204.83.50 - - [24/Jul/2016:05:53:56 +0000] "GET /static/img/rey-logo.png HTTP/1.1" 200 7656 "http://melvyn.pythonanywhere.com/about/" "Mozilla/5.0 (Windows NT 10.0; WOW64) AppleWebKit/537.36 (KHTML, like Gecko) Chrome/51.0.2704.103 Safari/537.36" "103.204.83.50"
103.204.83.50 - - [24/Jul/2016:05:53:56 +0000] "GET /static/img/Warner.png HTTP/1.1" 200 114363 "http://melvyn.pythonanywhere.com/about/" "Mozilla/5.0 (Windows NT 10.0; WOW64) AppleWebKit/537.36 (KHTML, like Gecko) Chrome/51.0.2704.103 Safari/537.36" "103.204.83.50"
103.204.83.50 - - [24/Jul/2016:05:53:56 +0000] "GET /static/img/yanport.gif HTTP/1.1" 200 6859 "http://melvyn.pythonanywhere.com/about/" "Mozilla/5.0 (Windows NT 10.0; WOW64) AppleWebKit/537.36 (KHTML, like Gecko) Chrome/51.0.2704.103 Safari/537.36" "103.204.83.50"
103.204.83.50 - - [24/Jul/2016:05:53:56 +0000] "GET /static/img/askia.png HTTP/1.1" 200 18575 "http://melvyn.pythonanywhere.com/about/" "Mozilla/5.0 (Windows NT 10.0; WOW64) AppleWebKit/537.36 (KHTML, like Gecko) Chrome/51.0.2704.103 Safari/537.36" "103.204.83.50"
103.204.83.50 - - [24/Jul/2016:05:53:56 +0000] "GET /static/img/blog.png HTTP/1.1" 200 359779 "http://melvyn.pythonanywhere.com/about/" "Mozilla/5.0 (Windows NT 10.0; WOW64) AppleWebKit/537.36 (KHTML, like Gecko) Chrome/51.0.2704.103 Safari/537.36" "103.204.83.50"
103.204.83.50 - - [24/Jul/2016:05:53:56 +0000] "GET /static/img/h2ces.png HTTP/1.1" 200 22074 "http://melvyn.pythonanywhere.com/about/" "Mozilla/5.0 (Windows NT 10.0; WOW64) AppleWebKit/537.36 (KHTML, like Gecko) Chrome/51.0.2704.103 Safari/537.36" "103.204.83.50"
103.204.83.50 - - [24/Jul/2016:05:53:56 +0000] "GET /static/img/currency_arbitrage.png HTTP/1.1" 200 58574 "http://melvyn.pythonanywhere.com/about/" "Mozilla/5.0 (Windows NT 10.0; WOW64) AppleWebKit/537.36 (KHTML, like Gecko) Chrome/51.0.2704.103 Safari/537.36" "103.204.83.50"
103.204.83.50 - - [24/Jul/2016:05:57:12 +0000] "GET /posts HTTP/1.1" 301 5 "http://melvyn.pythonanywhere.com/about/" "Mozilla/5.0 (Windows NT 10.0; WOW64) AppleWebKit/537.36 (KHTML, like Gecko) Chrome/51.0.2704.103 Safari/537.36" "103.204.83.50"
103.204.83.50 - - [24/Jul/2016:05:57:12 +0000] "GET /posts/ HTTP/1.1" 200 2005 "http://melvyn.pythonanywhere.com/about/" "Mozilla/5.0 (Windows NT 10.0; WOW64) AppleWebKit/537.36 (KHTML, like Gecko) Chrome/51.0.2704.103 Safari/537.36" "103.204.83.50"
103.204.83.50 - - [24/Jul/2016:05:57:13 +0000] "GET /static/style/css/posts.css HTTP/1.1" 200 356 "http://melvyn.pythonanywhere.com/posts/" "Mozilla/5.0 (Windows NT 10.0; WOW64) AppleWebKit/537.36 (KHTML, like Gecko) Chrome/51.0.2704.103 Safari/537.36" "103.204.83.50"
103.204.83.50 - - [24/Jul/2016:05:57:13 +0000] "GET /uploads/illustrations/Tell-a-Story-with-Data-Visualization-1560x878.png HTTP/1.1" 200 415431 "http://melvyn.pythonanywhere.com/posts/" "Mozilla/5.0 (Windows NT 10.0; WOW64) AppleWebKit/537.36 (KHTML, like Gecko) Chrome/51.0.2704.103 Safari/537.36" "103.204.83.50"
103.204.83.50 - - [24/Jul/2016:05:57:14 +0000] "GET /uploads/illustrations/food-vegetables-meal-kitchen_Nwzn7mA.jpg HTTP/1.1" 200 347812 "http://melvyn.pythonanywhere.com/posts/" "Mozilla/5.0 (Windows NT 10.0; WOW64) AppleWebKit/537.36 (KHTML, like Gecko) Chrome/51.0.2704.103 Safari/537.36" "103.204.83.50"
66.249.81.239 - - [24/Jul/2016:07:25:27 +0000] "GET / HTTP/1.1" 200 1041 "-" "Mozilla/5.0 (Linux; Android 6.0.1; ONE A2003 Build/MMB29M) AppleWebKit/537.36 (KHTML, like Gecko) Chrome/51.0.2704.81 Mobile Safari/537.36" "78.52.0.199, 66.249.81.239"
66.249.81.239 - - [24/Jul/2016:07:25:27 +0000] "GET /static/style/css/base.css HTTP/1.1" 200 722 "http://melvyn.pythonanywhere.com/" "Mozilla/5.0 (Linux; Android 6.0.1; ONE A2003 Build/MMB29M) AppleWebKit/537.36 (KHTML, like Gecko) Chrome/51.0.2704.81 Mobile Safari/537.36" "78.52.0.199, 66.249.81.239"
66.249.81.245 - - [24/Jul/2016:07:25:27 +0000] "GET /static/style/css/home.css HTTP/1.1" 200 578 "http://melvyn.pythonanywhere.com/" "Mozilla/5.0 (Linux; Android 6.0.1; ONE A2003 Build/MMB29M) AppleWebKit/537.36 (KHTML, like Gecko) Chrome/51.0.2704.81 Mobile Safari/537.36" "78.52.0.199, 66.249.81.245"
66.249.81.239 - - [24/Jul/2016:07:25:27 +0000] "GET /static/js/jquery.easing.1.3.js HTTP/1.1" 200 2027 "http://melvyn.pythonanywhere.com/" "Mozilla/5.0 (Linux; Android 6.0.1; ONE A2003 Build/MMB29M) AppleWebKit/537.36 (KHTML, like Gecko) Chrome/51.0.2704.81 Mobile Safari/537.36" "78.52.0.199, 66.249.81.239"
66.249.81.239 - - [24/Jul/2016:07:25:27 +0000] "GET /static/img/logo.png HTTP/1.1" 200 10965 "http://melvyn.pythonanywhere.com/" "Mozilla/5.0 (Linux; Android 6.0.1; ONE A2003 Build/MMB29M) AppleWebKit/537.36 (KHTML, like Gecko) Chrome/51.0.2704.81 Mobile Safari/537.36" "78.52.0.199, 66.249.81.239"
66.249.81.242 - - [24/Jul/2016:07:25:27 +0000] "GET /static/img/home_illustration.png HTTP/1.1" 200 819937 "http://melvyn.pythonanywhere.com/static/style/css/home.css" "Mozilla/5.0 (Linux; Android 6.0.1; ONE A2003 Build/MMB29M) AppleWebKit/537.36 (KHTML, like Gecko) Chrome/51.0.2704.81 Mobile Safari/537.36" "78.52.0.199, 66.249.81.242"
66.249.81.245 - - [24/Jul/2016:07:25:28 +0000] "GET /favicon.ico HTTP/1.1" 404 1110 "http://melvyn.pythonanywhere.com/" "Mozilla/5.0 (Linux; Android 6.0.1; ONE A2003 Build/MMB29M) AppleWebKit/537.36 (KHTML, like Gecko) Chrome/51.0.2704.81 Mobile Safari/537.36" "78.52.0.199, 66.249.81.245"
66.249.81.239 - - [24/Jul/2016:07:25:27 +0000] "GET / HTTP/1.1" 200 1041 "-" "Mozilla/5.0 (Linux; Android 6.0.1; ONE A2003 Build/MMB29M) AppleWebKit/537.36 (KHTML, like Gecko) Chrome/51.0.2704.81 Mobile Safari/537.36" "78.52.0.199, 66.249.81.239"
66.249.81.239 - - [24/Jul/2016:07:25:27 +0000] "GET /static/style/css/base.css HTTP/1.1" 200 722 "http://melvyn.pythonanywhere.com/" "Mozilla/5.0 (Linux; Android 6.0.1; ONE A2003 Build/MMB29M) AppleWebKit/537.36 (KHTML, like Gecko) Chrome/51.0.2704.81 Mobile Safari/537.36" "78.52.0.199, 66.249.81.239"
66.249.81.245 - - [24/Jul/2016:07:25:27 +0000] "GET /static/style/css/home.css HTTP/1.1" 200 578 "http://melvyn.pythonanywhere.com/" "Mozilla/5.0 (Linux; Android 6.0.1; ONE A2003 Build/MMB29M) AppleWebKit/537.36 (KHTML, like Gecko) Chrome/51.0.2704.81 Mobile Safari/537.36" "78.52.0.199, 66.249.81.245"
66.249.81.239 - - [24/Jul/2016:07:25:27 +0000] "GET /static/js/jquery.easing.1.3.js HTTP/1.1" 200 2027 "http://melvyn.pythonanywhere.com/" "Mozilla/5.0 (Linux; Android 6.0.1; ONE A2003 Build/MMB29M) AppleWebKit/537.36 (KHTML, like Gecko) Chrome/51.0.2704.81 Mobile Safari/537.36" "78.52.0.199, 66.249.81.239"
66.249.81.239 - - [24/Jul/2016:07:25:27 +0000] "GET /static/img/logo.png HTTP/1.1" 200 10965 "http://melvyn.pythonanywhere.com/" "Mozilla/5.0 (Linux; Android 6.0.1; ONE A2003 Build/MMB29M) AppleWebKit/537.36 (KHTML, like Gecko) Chrome/51.0.2704.81 Mobile Safari/537.36" "78.52.0.199, 66.249.81.239"
66.249.81.242 - - [24/Jul/2016:07:25:27 +0000] "GET /static/img/home_illustration.png HTTP/1.1" 200 819937 "http://melvyn.pythonanywhere.com/static/style/css/home.css" "Mozilla/5.0 (Linux; Android 6.0.1; ONE A2003 Build/MMB29M) AppleWebKit/537.36 (KHTML, like Gecko) Chrome/51.0.2704.81 Mobile Safari/537.36" "78.52.0.199, 66.249.81.242"
66.249.81.245 - - [24/Jul/2016:07:25:28 +0000] "GET /favicon.ico HTTP/1.1" 404 1110 "http://melvyn.pythonanywhere.com/" "Mozilla/5.0 (Linux; Android 6.0.1; ONE A2003 Build/MMB29M) AppleWebKit/537.36 (KHTML, like Gecko) Chrome/51.0.2704.81 Mobile Safari/537.36" "78.52.0.199, 66.249.81.245"
66.249.81.239 - - [24/Jul/2016:07:25:27 +0000] "GET / HTTP/1.1" 200 1041 "-" "Mozilla/5.0 (Linux; Android 6.0.1; ONE A2003 Build/MMB29M) AppleWebKit/537.36 (KHTML, like Gecko) Chrome/51.0.2704.81 Mobile Safari/537.36" "78.52.0.199, 66.249.81.239"
66.249.81.239 - - [24/Jul/2016:07:25:27 +0000] "GET /static/style/css/base.css HTTP/1.1" 200 722 "http://melvyn.pythonanywhere.com/" "Mozilla/5.0 (Linux; Android 6.0.1; ONE A2003 Build/MMB29M) AppleWebKit/537.36 (KHTML, like Gecko) Chrome/51.0.2704.81 Mobile Safari/537.36" "78.52.0.199, 66.249.81.239"
66.249.81.245 - - [24/Jul/2016:07:25:27 +0000] "GET /static/style/css/home.css HTTP/1.1" 200 578 "http://melvyn.pythonanywhere.com/" "Mozilla/5.0 (Linux; Android 6.0.1; ONE A2003 Build/MMB29M) AppleWebKit/537.36 (KHTML, like Gecko) Chrome/51.0.2704.81 Mobile Safari/537.36" "78.52.0.199, 66.249.81.245"
66.249.81.239 - - [24/Jul/2016:07:25:27 +0000] "GET /static/js/jquery.easing.1.3.js HTTP/1.1" 200 2027 "http://melvyn.pythonanywhere.com/" "Mozilla/5.0 (Linux; Android 6.0.1; ONE A2003 Build/MMB29M) AppleWebKit/537.36 (KHTML, like Gecko) Chrome/51.0.2704.81 Mobile Safari/537.36" "78.52.0.199, 66.249.81.239"
66.249.81.239 - - [24/Jul/2016:07:25:27 +0000] "GET /static/img/logo.png HTTP/1.1" 200 10965 "http://melvyn.pythonanywhere.com/" "Mozilla/5.0 (Linux; Android 6.0.1; ONE A2003 Build/MMB29M) AppleWebKit/537.36 (KHTML, like Gecko) Chrome/51.0.2704.81 Mobile Safari/537.36" "78.52.0.199, 66.249.81.239"
66.249.81.242 - - [24/Jul/2016:07:25:27 +0000] "GET /static/img/home_illustration.png HTTP/1.1" 200 819937 "http://melvyn.pythonanywhere.com/static/style/css/home.css" "Mozilla/5.0 (Linux; Android 6.0.1; ONE A2003 Build/MMB29M) AppleWebKit/537.36 (KHTML, like Gecko) Chrome/51.0.2704.81 Mobile Safari/537.36" "78.52.0.199, 66.249.81.242"
66.249.81.239 - - [24/Jul/2016:07:25:27 +0000] "GET / HTTP/1.1" 200 1041 "-" "Mozilla/5.0 (Linux; Android 6.0.1; ONE A2003 Build/MMB29M) AppleWebKit/537.36 (KHTML, like Gecko) Chrome/51.0.2704.81 Mobile Safari/537.36" "78.52.0.199, 66.249.81.239"
66.249.81.239 - - [24/Jul/2016:07:25:27 +0000] "GET /static/style/css/base.css HTTP/1.1" 200 722 "http://melvyn.pythonanywhere.com/" "Mozilla/5.0 (Linux; Android 6.0.1; ONE A2003 Build/MMB29M) AppleWebKit/537.36 (KHTML, like Gecko) Chrome/51.0.2704.81 Mobile Safari/537.36" "78.52.0.199, 66.249.81.239"
66.249.81.245 - - [24/Jul/2016:07:25:27 +0000] "GET /static/style/css/home.css HTTP/1.1" 200 578 "http://melvyn.pythonanywhere.com/" "Mozilla/5.0 (Linux; Android 6.0.1; ONE A2003 Build/MMB29M) AppleWebKit/537.36 (KHTML, like Gecko) Chrome/51.0.2704.81 Mobile Safari/537.36" "78.52.0.199, 66.249.81.245"
66.249.81.239 - - [24/Jul/2016:07:25:27 +0000] "GET /static/js/jquery.easing.1.3.js HTTP/1.1" 200 2027 "http://melvyn.pythonanywhere.com/" "Mozilla/5.0 (Linux; Android 6.0.1; ONE A2003 Build/MMB29M) AppleWebKit/537.36 (KHTML, like Gecko) Chrome/51.0.2704.81 Mobile Safari/537.36" "78.52.0.199, 66.249.81.239"
66.249.81.239 - - [24/Jul/2016:07:25:27 +0000] "GET /static/img/logo.png HTTP/1.1" 200 10965 "http://melvyn.pythonanywhere.com/" "Mozilla/5.0 (Linux; Android 6.0.1; ONE A2003 Build/MMB29M) AppleWebKit/537.36 (KHTML, like Gecko) Chrome/51.0.2704.81 Mobile Safari/537.36" "78.52.0.199, 66.249.81.239"
66.249.81.242 - - [24/Jul/2016:07:25:27 +0000] "GET /static/img/home_illustration.png HTTP/1.1" 200 819937 "http://melvyn.pythonanywhere.com/static/style/css/home.css" "Mozilla/5.0 (Linux; Android 6.0.1; ONE A2003 Build/MMB29M) AppleWebKit/537.36 (KHTML, like Gecko) Chrome/51.0.2704.81 Mobile Safari/537.36" "78.52.0.199, 66.249.81.242"
66.249.81.239 - - [24/Jul/2016:07:25:27 +0000] "GET / HTTP/1.1" 200 1041 "-" "Mozilla/5.0 (Linux; Android 6.0.1; ONE A2003 Build/MMB29M) AppleWebKit/537.36 (KHTML, like Gecko) Chrome/51.0.2704.81 Mobile Safari/537.36" "78.52.0.199, 66.249.81.239"
66.249.81.239 - - [24/Jul/2016:07:25:27 +0000] "GET /static/style/css/base.css HTTP/1.1" 200 722 "http://melvyn.pythonanywhere.com/" "Mozilla/5.0 (Linux; Android 6.0.1; ONE A2003 Build/MMB29M) AppleWebKit/537.36 (KHTML, like Gecko) Chrome/51.0.2704.81 Mobile Safari/537.36" "78.52.0.199, 66.249.81.239"
66.249.81.245 - - [24/Jul/2016:07:25:27 +0000] "GET /static/style/css/home.css HTTP/1.1" 200 578 "http://melvyn.pythonanywhere.com/" "Mozilla/5.0 (Linux; Android 6.0.1; ONE A2003 Build/MMB29M) AppleWebKit/537.36 (KHTML, like Gecko) Chrome/51.0.2704.81 Mobile Safari/537.36" "78.52.0.199, 66.249.81.245"
66.249.81.239 - - [24/Jul/2016:07:25:27 +0000] "GET /static/js/jquery.easing.1.3.js HTTP/1.1" 200 2027 "http://melvyn.pythonanywhere.com/" "Mozilla/5.0 (Linux; Android 6.0.1; ONE A2003 Build/MMB29M) AppleWebKit/537.36 (KHTML, like Gecko) Chrome/51.0.2704.81 Mobile Safari/537.36" "78.52.0.199, 66.249.81.239"
66.249.81.239 - - [24/Jul/2016:07:25:27 +0000] "GET /static/img/logo.png HTTP/1.1" 200 10965 "http://melvyn.pythonanywhere.com/" "Mozilla/5.0 (Linux; Android 6.0.1; ONE A2003 Build/MMB29M) AppleWebKit/537.36 (KHTML, like Gecko) Chrome/51.0.2704.81 Mobile Safari/537.36" "78.52.0.199, 66.249.81.239"
66.249.81.242 - - [24/Jul/2016:07:25:27 +0000] "GET /static/img/home_illustration.png HTTP/1.1" 200 819937 "http://melvyn.pythonanywhere.com/static/style/css/home.css" "Mozilla/5.0 (Linux; Android 6.0.1; ONE A2003 Build/MMB29M) AppleWebKit/537.36 (KHTML, like Gecko) Chrome/51.0.2704.81 Mobile Safari/537.36" "78.52.0.199, 66.249.81.242"
66.249.81.245 - - [24/Jul/2016:07:25:28 +0000] "GET /favicon.ico HTTP/1.1" 404 1110 "http://melvyn.pythonanywhere.com/" "Mozilla/5.0 (Linux; Android 6.0.1; ONE A2003 Build/MMB29M) AppleWebKit/537.36 (KHTML, like Gecko) Chrome/51.0.2704.81 Mobile Safari/537.36" "78.52.0.199, 66.249.81.245"
66.249.81.239 - - [24/Jul/2016:07:25:27 +0000] "GET / HTTP/1.1" 200 1041 "-" "Mozilla/5.0 (Linux; Android 6.0.1; ONE A2003 Build/MMB29M) AppleWebKit/537.36 (KHTML, like Gecko) Chrome/51.0.2704.81 Mobile Safari/537.36" "78.52.0.199, 66.249.81.239"
66.249.81.239 - - [24/Jul/2016:07:25:27 +0000] "GET /static/style/css/base.css HTTP/1.1" 200 722 "http://melvyn.pythonanywhere.com/" "Mozilla/5.0 (Linux; Android 6.0.1; ONE A2003 Build/MMB29M) AppleWebKit/537.36 (KHTML, like Gecko) Chrome/51.0.2704.81 Mobile Safari/537.36" "78.52.0.199, 66.249.81.239"
66.249.81.245 - - [24/Jul/2016:07:25:27 +0000] "GET /static/style/css/home.css HTTP/1.1" 200 578 "http://melvyn.pythonanywhere.com/" "Mozilla/5.0 (Linux; Android 6.0.1; ONE A2003 Build/MMB29M) AppleWebKit/537.36 (KHTML, like Gecko) Chrome/51.0.2704.81 Mobile Safari/537.36" "78.52.0.199, 66.249.81.245"
66.249.81.239 - - [24/Jul/2016:07:25:27 +0000] "GET /static/js/jquery.easing.1.3.js HTTP/1.1" 200 2027 "http://melvyn.pythonanywhere.com/" "Mozilla/5.0 (Linux; Android 6.0.1; ONE A2003 Build/MMB29M) AppleWebKit/537.36 (KHTML, like Gecko) Chrome/51.0.2704.81 Mobile Safari/537.36" "78.52.0.199, 66.249.81.239"
66.249.81.239 - - [24/Jul/2016:07:25:27 +0000] "GET /static/img/logo.png HTTP/1.1" 200 10965 "http://melvyn.pythonanywhere.com/" "Mozilla/5.0 (Linux; Android 6.0.1; ONE A2003 Build/MMB29M) AppleWebKit/537.36 (KHTML, like Gecko) Chrome/51.0.2704.81 Mobile Safari/537.36" "78.52.0.199, 66.249.81.239"
66.249.81.242 - - [24/Jul/2016:07:25:27 +0000] "GET /static/img/home_illustration.png HTTP/1.1" 200 819937 "http://melvyn.pythonanywhere.com/static/style/css/home.css" "Mozilla/5.0 (Linux; Android 6.0.1; ONE A2003 Build/MMB29M) AppleWebKit/537.36 (KHTML, like Gecko) Chrome/51.0.2704.81 Mobile Safari/537.36" "78.52.0.199, 66.249.81.242"
66.249.81.239 - - [24/Jul/2016:07:25:27 +0000] "GET / HTTP/1.1" 200 1041 "-" "Mozilla/5.0 (Linux; Android 6.0.1; ONE A2003 Build/MMB29M) AppleWebKit/537.36 (KHTML, like Gecko) Chrome/51.0.2704.81 Mobile Safari/537.36" "78.52.0.199, 66.249.81.239"
66.249.81.239 - - [24/Jul/2016:07:25:27 +0000] "GET /static/style/css/base.css HTTP/1.1" 200 722 "http://melvyn.pythonanywhere.com/" "Mozilla/5.0 (Linux; Android 6.0.1; ONE A2003 Build/MMB29M) AppleWebKit/537.36 (KHTML, like Gecko) Chrome/51.0.2704.81 Mobile Safari/537.36" "78.52.0.199, 66.249.81.239"
66.249.81.245 - - [24/Jul/2016:07:25:27 +0000] "GET /static/style/css/home.css HTTP/1.1" 200 578 "http://melvyn.pythonanywhere.com/" "Mozilla/5.0 (Linux; Android 6.0.1; ONE A2003 Build/MMB29M) AppleWebKit/537.36 (KHTML, like Gecko) Chrome/51.0.2704.81 Mobile Safari/537.36" "78.52.0.199, 66.249.81.245"
66.249.81.239 - - [24/Jul/2016:07:25:27 +0000] "GET /static/js/jquery.easing.1.3.js HTTP/1.1" 200 2027 "http://melvyn.pythonanywhere.com/" "Mozilla/5.0 (Linux; Android 6.0.1; ONE A2003 Build/MMB29M) AppleWebKit/537.36 (KHTML, like Gecko) Chrome/51.0.2704.81 Mobile Safari/537.36" "78.52.0.199, 66.249.81.239"
66.249.81.239 - - [24/Jul/2016:07:25:27 +0000] "GET /static/img/logo.png HTTP/1.1" 200 10965 "http://melvyn.pythonanywhere.com/" "Mozilla/5.0 (Linux; Android 6.0.1; ONE A2003 Build/MMB29M) AppleWebKit/537.36 (KHTML, like Gecko) Chrome/51.0.2704.81 Mobile Safari/537.36" "78.52.0.199, 66.249.81.239"
66.249.81.242 - - [24/Jul/2016:07:25:27 +0000] "GET /static/img/home_illustration.png HTTP/1.1" 200 819937 "http://melvyn.pythonanywhere.com/static/style/css/home.css" "Mozilla/5.0 (Linux; Android 6.0.1; ONE A2003 Build/MMB29M) AppleWebKit/537.36 (KHTML, like Gecko) Chrome/51.0.2704.81 Mobile Safari/537.36" "78.52.0.199, 66.249.81.242"
103.254.131.108 - - [24/Jul/2016:08:55:50 +0000] "GET /favicon.ico HTTP/1.1" 404 1110 "http://melvyn.pythonanywhere.com/" "Mozilla/5.0 (Linux; Android 5.1.1; SM-J200G Build/LMY47X) AppleWebKit/537.36 (KHTML, like Gecko) Chrome/51.0.2704.81 Mobile Safari/537.36" "103.254.131.108"
66.249.64.173 - - [24/Jul/2016:12:59:04 +0000] "GET /uploads/illustrations/Tell-a-Story-with-Data-Visualization-1560x878.png HTTP/1.1" 200 415431 "-" "Googlebot-Image/1.0" "66.249.64.173"
66.249.64.173 - - [24/Jul/2016:12:59:04 +0000] "GET /uploads/illustrations/Tell-a-Story-with-Data-Visualization-1560x878.png HTTP/1.1" 200 415431 "-" "Googlebot-Image/1.0" "66.249.64.173"
66.249.64.173 - - [24/Jul/2016:12:59:04 +0000] "GET /uploads/illustrations/Tell-a-Story-with-Data-Visualization-1560x878.png HTTP/1.1" 200 415431 "-" "Googlebot-Image/1.0" "66.249.64.173"
40.77.167.81 - - [24/Jul/2016:14:23:39 +0000] "GET /robots.txt HTTP/1.1" 404 3677 "-" "Mozilla/5.0 (compatible; bingbot/2.0; +http://www.bing.com/bingbot.htm)" "40.77.167.81"
40.77.167.81 - - [24/Jul/2016:14:23:39 +0000] "GET /robots.txt HTTP/1.1" 404 3677 "-" "Mozilla/5.0 (compatible; bingbot/2.0; +http://www.bing.com/bingbot.htm)" "40.77.167.81"
40.77.167.81 - - [24/Jul/2016:14:23:39 +0000] "GET /robots.txt HTTP/1.1" 404 3677 "-" "Mozilla/5.0 (compatible; bingbot/2.0; +http://www.bing.com/bingbot.htm)" "40.77.167.81"
40.77.167.81 - - [24/Jul/2016:14:23:39 +0000] "GET /robots.txt HTTP/1.1" 404 3677 "-" "Mozilla/5.0 (compatible; bingbot/2.0; +http://www.bing.com/bingbot.htm)" "40.77.167.81"
40.77.167.81 - - [24/Jul/2016:14:23:39 +0000] "GET /robots.txt HTTP/1.1" 404 3677 "-" "Mozilla/5.0 (compatible; bingbot/2.0; +http://www.bing.com/bingbot.htm)" "40.77.167.81"
40.77.167.81 - - [24/Jul/2016:14:23:39 +0000] "GET /robots.txt HTTP/1.1" 404 3677 "-" "Mozilla/5.0 (compatible; bingbot/2.0; +http://www.bing.com/bingbot.htm)" "40.77.167.81"
40.77.167.81 - - [24/Jul/2016:14:23:39 +0000] "GET /robots.txt HTTP/1.1" 404 3677 "-" "Mozilla/5.0 (compatible; bingbot/2.0; +http://www.bing.com/bingbot.htm)" "40.77.167.81"
49.49.244.122 - - [24/Jul/2016:17:13:47 +0000] "GET / HTTP/1.1" 200 1041 "-" "Mozilla/5.0 (Macintosh; Intel Mac OS X 10_10_5) AppleWebKit/537.36 (KHTML, like Gecko) Chrome/51.0.2704.103 Safari/537.36" "49.49.244.122"
49.49.244.122 - - [24/Jul/2016:17:13:48 +0000] "GET /static/style/css/base.css HTTP/1.1" 200 722 "http://melvyn.pythonanywhere.com/" "Mozilla/5.0 (Macintosh; Intel Mac OS X 10_10_5) AppleWebKit/537.36 (KHTML, like Gecko) Chrome/51.0.2704.103 Safari/537.36" "49.49.244.122"
49.49.244.122 - - [24/Jul/2016:17:13:48 +0000] "GET /static/js/jquery.easing.1.3.js HTTP/1.1" 200 2027 "http://melvyn.pythonanywhere.com/" "Mozilla/5.0 (Macintosh; Intel Mac OS X 10_10_5) AppleWebKit/537.36 (KHTML, like Gecko) Chrome/51.0.2704.103 Safari/537.36" "49.49.244.122"
49.49.244.122 - - [24/Jul/2016:17:13:48 +0000] "GET /static/style/css/home.css HTTP/1.1" 200 578 "http://melvyn.pythonanywhere.com/" "Mozilla/5.0 (Macintosh; Intel Mac OS X 10_10_5) AppleWebKit/537.36 (KHTML, like Gecko) Chrome/51.0.2704.103 Safari/537.36" "49.49.244.122"
49.49.244.122 - - [24/Jul/2016:17:13:48 +0000] "GET /static/img/logo.png HTTP/1.1" 200 10965 "http://melvyn.pythonanywhere.com/" "Mozilla/5.0 (Macintosh; Intel Mac OS X 10_10_5) AppleWebKit/537.36 (KHTML, like Gecko) Chrome/51.0.2704.103 Safari/537.36" "49.49.244.122"
49.49.244.122 - - [24/Jul/2016:17:13:48 +0000] "GET /static/img/home_illustration.png HTTP/1.1" 200 819937 "http://melvyn.pythonanywhere.com/static/style/css/home.css" "Mozilla/5.0 (Macintosh; Intel Mac OS X 10_10_5) AppleWebKit/537.36 (KHTML, like Gecko) Chrome/51.0.2704.103 Safari/537.36" "49.49.244.122"
49.49.244.122 - - [24/Jul/2016:17:13:47 +0000] "GET / HTTP/1.1" 200 1041 "-" "Mozilla/5.0 (Macintosh; Intel Mac OS X 10_10_5) AppleWebKit/537.36 (KHTML, like Gecko) Chrome/51.0.2704.103 Safari/537.36" "49.49.244.122"
49.49.244.122 - - [24/Jul/2016:17:13:48 +0000] "GET /static/style/css/base.css HTTP/1.1" 200 722 "http://melvyn.pythonanywhere.com/" "Mozilla/5.0 (Macintosh; Intel Mac OS X 10_10_5) AppleWebKit/537.36 (KHTML, like Gecko) Chrome/51.0.2704.103 Safari/537.36" "49.49.244.122"
49.49.244.122 - - [24/Jul/2016:17:13:48 +0000] "GET /static/js/jquery.easing.1.3.js HTTP/1.1" 200 2027 "http://melvyn.pythonanywhere.com/" "Mozilla/5.0 (Macintosh; Intel Mac OS X 10_10_5) AppleWebKit/537.36 (KHTML, like Gecko) Chrome/51.0.2704.103 Safari/537.36" "49.49.244.122"
49.49.244.122 - - [24/Jul/2016:17:13:48 +0000] "GET /static/style/css/home.css HTTP/1.1" 200 578 "http://melvyn.pythonanywhere.com/" "Mozilla/5.0 (Macintosh; Intel Mac OS X 10_10_5) AppleWebKit/537.36 (KHTML, like Gecko) Chrome/51.0.2704.103 Safari/537.36" "49.49.244.122"
49.49.244.122 - - [24/Jul/2016:17:13:48 +0000] "GET /static/img/logo.png HTTP/1.1" 200 10965 "http://melvyn.pythonanywhere.com/" "Mozilla/5.0 (Macintosh; Intel Mac OS X 10_10_5) AppleWebKit/537.36 (KHTML, like Gecko) Chrome/51.0.2704.103 Safari/537.36" "49.49.244.122"
49.49.244.122 - - [24/Jul/2016:17:13:48 +0000] "GET /static/img/home_illustration.png HTTP/1.1" 200 819937 "http://melvyn.pythonanywhere.com/static/style/css/home.css" "Mozilla/5.0 (Macintosh; Intel Mac OS X 10_10_5) AppleWebKit/537.36 (KHTML, like Gecko) Chrome/51.0.2704.103 Safari/537.36" "49.49.244.122"
49.49.244.122 - - [24/Jul/2016:17:13:47 +0000] "GET / HTTP/1.1" 200 1041 "-" "Mozilla/5.0 (Macintosh; Intel Mac OS X 10_10_5) AppleWebKit/537.36 (KHTML, like Gecko) Chrome/51.0.2704.103 Safari/537.36" "49.49.244.122"
49.49.244.122 - - [24/Jul/2016:17:13:48 +0000] "GET /static/style/css/base.css HTTP/1.1" 200 722 "http://melvyn.pythonanywhere.com/" "Mozilla/5.0 (Macintosh; Intel Mac OS X 10_10_5) AppleWebKit/537.36 (KHTML, like Gecko) Chrome/51.0.2704.103 Safari/537.36" "49.49.244.122"
49.49.244.122 - - [24/Jul/2016:17:13:48 +0000] "GET /static/js/jquery.easing.1.3.js HTTP/1.1" 200 2027 "http://melvyn.pythonanywhere.com/" "Mozilla/5.0 (Macintosh; Intel Mac OS X 10_10_5) AppleWebKit/537.36 (KHTML, like Gecko) Chrome/51.0.2704.103 Safari/537.36" "49.49.244.122"
49.49.244.122 - - [24/Jul/2016:17:13:48 +0000] "GET /static/style/css/home.css HTTP/1.1" 200 578 "http://melvyn.pythonanywhere.com/" "Mozilla/5.0 (Macintosh; Intel Mac OS X 10_10_5) AppleWebKit/537.36 (KHTML, like Gecko) Chrome/51.0.2704.103 Safari/537.36" "49.49.244.122"
49.49.244.122 - - [24/Jul/2016:17:13:48 +0000] "GET /static/img/logo.png HTTP/1.1" 200 10965 "http://melvyn.pythonanywhere.com/" "Mozilla/5.0 (Macintosh; Intel Mac OS X 10_10_5) AppleWebKit/537.36 (KHTML, like Gecko) Chrome/51.0.2704.103 Safari/537.36" "49.49.244.122"
49.49.244.122 - - [24/Jul/2016:17:13:48 +0000] "GET /static/img/home_illustration.png HTTP/1.1" 200 819937 "http://melvyn.pythonanywhere.com/static/style/css/home.css" "Mozilla/5.0 (Macintosh; Intel Mac OS X 10_10_5) AppleWebKit/537.36 (KHTML, like Gecko) Chrome/51.0.2704.103 Safari/537.36" "49.49.244.122"
49.49.244.122 - - [24/Jul/2016:17:14:01 +0000] "GET /static/img/yanport.gif HTTP/1.1" 200 6859 "http://melvyn.pythonanywhere.com/about/" "Mozilla/5.0 (Macintosh; Intel Mac OS X 10_10_5) AppleWebKit/537.36 (KHTML, like Gecko) Chrome/51.0.2704.103 Safari/537.36" "49.49.244.122"
49.49.244.122 - - [24/Jul/2016:17:14:01 +0000] "GET /static/img/askia.png HTTP/1.1" 200 18575 "http://melvyn.pythonanywhere.com/about/" "Mozilla/5.0 (Macintosh; Intel Mac OS X 10_10_5) AppleWebKit/537.36 (KHTML, like Gecko) Chrome/51.0.2704.103 Safari/537.36" "49.49.244.122"
49.49.244.122 - - [24/Jul/2016:17:14:01 +0000] "GET /static/img/blog.png HTTP/1.1" 200 359779 "http://melvyn.pythonanywhere.com/about/" "Mozilla/5.0 (Macintosh; Intel Mac OS X 10_10_5) AppleWebKit/537.36 (KHTML, like Gecko) Chrome/51.0.2704.103 Safari/537.36" "49.49.244.122"
49.49.244.122 - - [24/Jul/2016:17:14:01 +0000] "GET /static/img/h2ces.png HTTP/1.1" 200 22074 "http://melvyn.pythonanywhere.com/about/" "Mozilla/5.0 (Macintosh; Intel Mac OS X 10_10_5) AppleWebKit/537.36 (KHTML, like Gecko) Chrome/51.0.2704.103 Safari/537.36" "49.49.244.122"
49.49.244.122 - - [24/Jul/2016:17:14:01 +0000] "GET /static/img/yanport.gif HTTP/1.1" 200 6859 "http://melvyn.pythonanywhere.com/about/" "Mozilla/5.0 (Macintosh; Intel Mac OS X 10_10_5) AppleWebKit/537.36 (KHTML, like Gecko) Chrome/51.0.2704.103 Safari/537.36" "49.49.244.122"
49.49.244.122 - - [24/Jul/2016:17:14:01 +0000] "GET /static/img/askia.png HTTP/1.1" 200 18575 "http://melvyn.pythonanywhere.com/about/" "Mozilla/5.0 (Macintosh; Intel Mac OS X 10_10_5) AppleWebKit/537.36 (KHTML, like Gecko) Chrome/51.0.2704.103 Safari/537.36" "49.49.244.122"
49.49.244.122 - - [24/Jul/2016:17:14:01 +0000] "GET /static/img/blog.png HTTP/1.1" 200 359779 "http://melvyn.pythonanywhere.com/about/" "Mozilla/5.0 (Macintosh; Intel Mac OS X 10_10_5) AppleWebKit/537.36 (KHTML, like Gecko) Chrome/51.0.2704.103 Safari/537.36" "49.49.244.122"
49.49.244.122 - - [24/Jul/2016:17:14:01 +0000] "GET /static/img/h2ces.png HTTP/1.1" 200 22074 "http://melvyn.pythonanywhere.com/about/" "Mozilla/5.0 (Macintosh; Intel Mac OS X 10_10_5) AppleWebKit/537.36 (KHTML, like Gecko) Chrome/51.0.2704.103 Safari/537.36" "49.49.244.122"
49.49.244.122 - - [24/Jul/2016:17:14:01 +0000] "GET /static/img/yanport.gif HTTP/1.1" 200 6859 "http://melvyn.pythonanywhere.com/about/" "Mozilla/5.0 (Macintosh; Intel Mac OS X 10_10_5) AppleWebKit/537.36 (KHTML, like Gecko) Chrome/51.0.2704.103 Safari/537.36" "49.49.244.122"
49.49.244.122 - - [24/Jul/2016:17:14:01 +0000] "GET /static/img/askia.png HTTP/1.1" 200 18575 "http://melvyn.pythonanywhere.com/about/" "Mozilla/5.0 (Macintosh; Intel Mac OS X 10_10_5) AppleWebKit/537.36 (KHTML, like Gecko) Chrome/51.0.2704.103 Safari/537.36" "49.49.244.122"
49.49.244.122 - - [24/Jul/2016:17:14:01 +0000] "GET /static/img/blog.png HTTP/1.1" 200 359779 "http://melvyn.pythonanywhere.com/about/" "Mozilla/5.0 (Macintosh; Intel Mac OS X 10_10_5) AppleWebKit/537.36 (KHTML, like Gecko) Chrome/51.0.2704.103 Safari/537.36" "49.49.244.122"
49.49.244.122 - - [24/Jul/2016:17:14:01 +0000] "GET /static/img/h2ces.png HTTP/1.1" 200 22074 "http://melvyn.pythonanywhere.com/about/" "Mozilla/5.0 (Macintosh; Intel Mac OS X 10_10_5) AppleWebKit/537.36 (KHTML, like Gecko) Chrome/51.0.2704.103 Safari/537.36" "49.49.244.122"
49.49.244.122 - - [24/Jul/2016:17:14:01 +0000] "GET /static/img/yanport.gif HTTP/1.1" 200 6859 "http://melvyn.pythonanywhere.com/about/" "Mozilla/5.0 (Macintosh; Intel Mac OS X 10_10_5) AppleWebKit/537.36 (KHTML, like Gecko) Chrome/51.0.2704.103 Safari/537.36" "49.49.244.122"
49.49.244.122 - - [24/Jul/2016:17:14:01 +0000] "GET /static/img/askia.png HTTP/1.1" 200 18575 "http://melvyn.pythonanywhere.com/about/" "Mozilla/5.0 (Macintosh; Intel Mac OS X 10_10_5) AppleWebKit/537.36 (KHTML, like Gecko) Chrome/51.0.2704.103 Safari/537.36" "49.49.244.122"
49.49.244.122 - - [24/Jul/2016:17:14:01 +0000] "GET /static/img/blog.png HTTP/1.1" 200 359779 "http://melvyn.pythonanywhere.com/about/" "Mozilla/5.0 (Macintosh; Intel Mac OS X 10_10_5) AppleWebKit/537.36 (KHTML, like Gecko) Chrome/51.0.2704.103 Safari/537.36" "49.49.244.122"
49.49.244.122 - - [24/Jul/2016:17:14:01 +0000] "GET /static/img/h2ces.png HTTP/1.1" 200 22074 "http://melvyn.pythonanywhere.com/about/" "Mozilla/5.0 (Macintosh; Intel Mac OS X 10_10_5) AppleWebKit/537.36 (KHTML, like Gecko) Chrome/51.0.2704.103 Safari/537.36" "49.49.244.122"
49.49.244.122 - - [24/Jul/2016:17:14:01 +0000] "GET /static/img/yanport.gif HTTP/1.1" 200 6859 "http://melvyn.pythonanywhere.com/about/" "Mozilla/5.0 (Macintosh; Intel Mac OS X 10_10_5) AppleWebKit/537.36 (KHTML, like Gecko) Chrome/51.0.2704.103 Safari/537.36" "49.49.244.122"
49.49.244.122 - - [24/Jul/2016:17:14:01 +0000] "GET /static/img/askia.png HTTP/1.1" 200 18575 "http://melvyn.pythonanywhere.com/about/" "Mozilla/5.0 (Macintosh; Intel Mac OS X 10_10_5) AppleWebKit/537.36 (KHTML, like Gecko) Chrome/51.0.2704.103 Safari/537.36" "49.49.244.122"
49.49.244.122 - - [24/Jul/2016:17:14:01 +0000] "GET /static/img/blog.png HTTP/1.1" 200 359779 "http://melvyn.pythonanywhere.com/about/" "Mozilla/5.0 (Macintosh; Intel Mac OS X 10_10_5) AppleWebKit/537.36 (KHTML, like Gecko) Chrome/51.0.2704.103 Safari/537.36" "49.49.244.122"
49.49.244.122 - - [24/Jul/2016:17:14:01 +0000] "GET /static/img/h2ces.png HTTP/1.1" 200 22074 "http://melvyn.pythonanywhere.com/about/" "Mozilla/5.0 (Macintosh; Intel Mac OS X 10_10_5) AppleWebKit/537.36 (KHTML, like Gecko) Chrome/51.0.2704.103 Safari/537.36" "49.49.244.122"
49.49.244.122 - - [24/Jul/2016:17:14:01 +0000] "GET /static/img/yanport.gif HTTP/1.1" 200 6859 "http://melvyn.pythonanywhere.com/about/" "Mozilla/5.0 (Macintosh; Intel Mac OS X 10_10_5) AppleWebKit/537.36 (KHTML, like Gecko) Chrome/51.0.2704.103 Safari/537.36" "49.49.244.122"
49.49.244.122 - - [24/Jul/2016:17:14:01 +0000] "GET /static/img/askia.png HTTP/1.1" 200 18575 "http://melvyn.pythonanywhere.com/about/" "Mozilla/5.0 (Macintosh; Intel Mac OS X 10_10_5) AppleWebKit/537.36 (KHTML, like Gecko) Chrome/51.0.2704.103 Safari/537.36" "49.49.244.122"
49.49.244.122 - - [24/Jul/2016:17:14:01 +0000] "GET /static/img/blog.png HTTP/1.1" 200 359779 "http://melvyn.pythonanywhere.com/about/" "Mozilla/5.0 (Macintosh; Intel Mac OS X 10_10_5) AppleWebKit/537.36 (KHTML, like Gecko) Chrome/51.0.2704.103 Safari/537.36" "49.49.244.122"
49.49.244.122 - - [24/Jul/2016:17:14:01 +0000] "GET /static/img/h2ces.png HTTP/1.1" 200 22074 "http://melvyn.pythonanywhere.com/about/" "Mozilla/5.0 (Macintosh; Intel Mac OS X 10_10_5) AppleWebKit/537.36 (KHTML, like Gecko) Chrome/51.0.2704.103 Safari/537.36" "49.49.244.122"
49.49.244.122 - - [24/Jul/2016:17:14:01 +0000] "GET /static/img/yanport.gif HTTP/1.1" 200 6859 "http://melvyn.pythonanywhere.com/about/" "Mozilla/5.0 (Macintosh; Intel Mac OS X 10_10_5) AppleWebKit/537.36 (KHTML, like Gecko) Chrome/51.0.2704.103 Safari/537.36" "49.49.244.122"
49.49.244.122 - - [24/Jul/2016:17:14:01 +0000] "GET /static/img/askia.png HTTP/1.1" 200 18575 "http://melvyn.pythonanywhere.com/about/" "Mozilla/5.0 (Macintosh; Intel Mac OS X 10_10_5) AppleWebKit/537.36 (KHTML, like Gecko) Chrome/51.0.2704.103 Safari/537.36" "49.49.244.122"
49.49.244.122 - - [24/Jul/2016:17:14:01 +0000] "GET /static/img/blog.png HTTP/1.1" 200 359779 "http://melvyn.pythonanywhere.com/about/" "Mozilla/5.0 (Macintosh; Intel Mac OS X 10_10_5) AppleWebKit/537.36 (KHTML, like Gecko) Chrome/51.0.2704.103 Safari/537.36" "49.49.244.122"
49.49.244.122 - - [24/Jul/2016:17:14:01 +0000] "GET /static/img/h2ces.png HTTP/1.1" 200 22074 "http://melvyn.pythonanywhere.com/about/" "Mozilla/5.0 (Macintosh; Intel Mac OS X 10_10_5) AppleWebKit/537.36 (KHTML, like Gecko) Chrome/51.0.2704.103 Safari/537.36" "49.49.244.122"
49.49.244.122 - - [24/Jul/2016:17:14:01 +0000] "GET /static/img/yanport.gif HTTP/1.1" 200 6859 "http://melvyn.pythonanywhere.com/about/" "Mozilla/5.0 (Macintosh; Intel Mac OS X 10_10_5) AppleWebKit/537.36 (KHTML, like Gecko) Chrome/51.0.2704.103 Safari/537.36" "49.49.244.122"
49.49.244.122 - - [24/Jul/2016:17:14:01 +0000] "GET /static/img/askia.png HTTP/1.1" 200 18575 "http://melvyn.pythonanywhere.com/about/" "Mozilla/5.0 (Macintosh; Intel Mac OS X 10_10_5) AppleWebKit/537.36 (KHTML, like Gecko) Chrome/51.0.2704.103 Safari/537.36" "49.49.244.122"
49.49.244.122 - - [24/Jul/2016:17:14:01 +0000] "GET /static/img/blog.png HTTP/1.1" 200 359779 "http://melvyn.pythonanywhere.com/about/" "Mozilla/5.0 (Macintosh; Intel Mac OS X 10_10_5) AppleWebKit/537.36 (KHTML, like Gecko) Chrome/51.0.2704.103 Safari/537.36" "49.49.244.122"
49.49.244.122 - - [24/Jul/2016:17:14:01 +0000] "GET /static/img/h2ces.png HTTP/1.1" 200 22074 "http://melvyn.pythonanywhere.com/about/" "Mozilla/5.0 (Macintosh; Intel Mac OS X 10_10_5) AppleWebKit/537.36 (KHTML, like Gecko) Chrome/51.0.2704.103 Safari/537.36" "49.49.244.122"
49.49.244.122 - - [24/Jul/2016:17:14:01 +0000] "GET /static/img/yanport.gif HTTP/1.1" 200 6859 "http://melvyn.pythonanywhere.com/about/" "Mozilla/5.0 (Macintosh; Intel Mac OS X 10_10_5) AppleWebKit/537.36 (KHTML, like Gecko) Chrome/51.0.2704.103 Safari/537.36" "49.49.244.122"
49.49.244.122 - - [24/Jul/2016:17:14:01 +0000] "GET /static/img/askia.png HTTP/1.1" 200 18575 "http://melvyn.pythonanywhere.com/about/" "Mozilla/5.0 (Macintosh; Intel Mac OS X 10_10_5) AppleWebKit/537.36 (KHTML, like Gecko) Chrome/51.0.2704.103 Safari/537.36" "49.49.244.122"
49.49.244.122 - - [24/Jul/2016:17:14:01 +0000] "GET /static/img/blog.png HTTP/1.1" 200 359779 "http://melvyn.pythonanywhere.com/about/" "Mozilla/5.0 (Macintosh; Intel Mac OS X 10_10_5) AppleWebKit/537.36 (KHTML, like Gecko) Chrome/51.0.2704.103 Safari/537.36" "49.49.244.122"
49.49.244.122 - - [24/Jul/2016:17:14:01 +0000] "GET /static/img/h2ces.png HTTP/1.1" 200 22074 "http://melvyn.pythonanywhere.com/about/" "Mozilla/5.0 (Macintosh; Intel Mac OS X 10_10_5) AppleWebKit/537.36 (KHTML, like Gecko) Chrome/51.0.2704.103 Safari/537.36" "49.49.244.122"
49.49.244.122 - - [24/Jul/2016:17:14:01 +0000] "GET /static/img/yanport.gif HTTP/1.1" 200 6859 "http://melvyn.pythonanywhere.com/about/" "Mozilla/5.0 (Macintosh; Intel Mac OS X 10_10_5) AppleWebKit/537.36 (KHTML, like Gecko) Chrome/51.0.2704.103 Safari/537.36" "49.49.244.122"
49.49.244.122 - - [24/Jul/2016:17:14:01 +0000] "GET /static/img/askia.png HTTP/1.1" 200 18575 "http://melvyn.pythonanywhere.com/about/" "Mozilla/5.0 (Macintosh; Intel Mac OS X 10_10_5) AppleWebKit/537.36 (KHTML, like Gecko) Chrome/51.0.2704.103 Safari/537.36" "49.49.244.122"
