90.216.134.194 - - [12/Jul/2016:13:34:50 +0000] "GET /static/img/logo.png HTTP/1.1" 200 10965 "http://melvyn.pythonanywhere.com/about/" "Mozilla/5.0 (X11; Ubuntu; Linux i686; rv:47.0) Gecko/20100101 Firefox/47.0" "90.216.134.194"
90.216.134.194 - - [12/Jul/2016:13:34:50 +0000] "GET /static/img/melvyn_peignon.jpg HTTP/1.1" 200 19770 "http://melvyn.pythonanywhere.com/about/" "Mozilla/5.0 (X11; Ubuntu; Linux i686; rv:47.0) Gecko/20100101 Firefox/47.0" "90.216.134.194"
90.216.134.194 - - [12/Jul/2016:13:34:50 +0000] "GET /static/img/eisti-logo.png HTTP/1.1" 200 29113 "http://melvyn.pythonanywhere.com/about/" "Mozilla/5.0 (X11; Ubuntu; Linux i686; rv:47.0) Gecko/20100101 Firefox/47.0" "90.216.134.194"
90.216.134.194 - - [12/Jul/2016:13:34:50 +0000] "GET /static/img/UCP-logo.png HTTP/1.1" 200 82900 "http://melvyn.pythonanywhere.com/about/" "Mozilla/5.0 (X11; Ubuntu; Linux i686; rv:47.0) Gecko/20100101 Firefox/47.0" "90.216.134.194"
90.216.134.194 - - [12/Jul/2016:13:34:50 +0000] "GET /static/img/rey-logo.png HTTP/1.1" 200 7656 "http://melvyn.pythonanywhere.com/about/" "Mozilla/5.0 (X11; Ubuntu; Linux i686; rv:47.0) Gecko/20100101 Firefox/47.0" "90.216.134.194"
90.216.134.194 - - [12/Jul/2016:13:34:50 +0000] "GET /static/img/Warner.png HTTP/1.1" 200 114363 "http://melvyn.pythonanywhere.com/about/" "Mozilla/5.0 (X11; Ubuntu; Linux i686; rv:47.0) Gecko/20100101 Firefox/47.0" "90.216.134.194"
90.216.134.194 - - [12/Jul/2016:13:34:50 +0000] "GET /static/img/sm-linkedin-icon.png HTTP/1.1" 200 1115 "http://melvyn.pythonanywhere.com/static/style/css/about.css" "Mozilla/5.0 (X11; Ubuntu; Linux i686; rv:47.0) Gecko/20100101 Firefox/47.0" "90.216.134.194"
90.216.134.194 - - [12/Jul/2016:13:34:51 +0000] "GET /static/img/github-logo.png HTTP/1.1" 200 3347 "http://melvyn.pythonanywhere.com/static/style/css/about.css" "Mozilla/5.0 (X11; Ubuntu; Linux i686; rv:47.0) Gecko/20100101 Firefox/47.0" "90.216.134.194"
90.216.134.194 - - [12/Jul/2016:13:34:51 +0000] "GET /static/img/mail-logo.png HTTP/1.1" 200 2088 "http://melvyn.pythonanywhere.com/static/style/css/base.css" "Mozilla/5.0 (X11; Ubuntu; Linux i686; rv:47.0) Gecko/20100101 Firefox/47.0" "90.216.134.194"
90.216.134.194 - - [12/Jul/2016:13:34:51 +0000] "GET /static/img/position-logo.png HTTP/1.1" 200 1676 "http://melvyn.pythonanywhere.com/static/style/css/base.css" "Mozilla/5.0 (X11; Ubuntu; Linux i686; rv:47.0) Gecko/20100101 Firefox/47.0" "90.216.134.194"
90.216.134.194 - - [12/Jul/2016:13:34:51 +0000] "GET /static/img/logo-phone.png HTTP/1.1" 200 1996 "http://melvyn.pythonanywhere.com/static/style/css/base.css" "Mozilla/5.0 (X11; Ubuntu; Linux i686; rv:47.0) Gecko/20100101 Firefox/47.0" "90.216.134.194"
90.216.134.194 - - [12/Jul/2016:13:34:51 +0000] "GET /static/img/divider.png HTTP/1.1" 200 939 "http://melvyn.pythonanywhere.com/static/style/css/about.css" "Mozilla/5.0 (X11; Ubuntu; Linux i686; rv:47.0) Gecko/20100101 Firefox/47.0" "90.216.134.194"
90.216.134.194 - - [12/Jul/2016:13:34:51 +0000] "GET /static/img/yanport.gif HTTP/1.1" 200 6859 "http://melvyn.pythonanywhere.com/about/" "Mozilla/5.0 (X11; Ubuntu; Linux i686; rv:47.0) Gecko/20100101 Firefox/47.0" "90.216.134.194"
90.216.134.194 - - [12/Jul/2016:13:34:51 +0000] "GET /static/img/askia.png HTTP/1.1" 200 18575 "http://melvyn.pythonanywhere.com/about/" "Mozilla/5.0 (X11; Ubuntu; Linux i686; rv:47.0) Gecko/20100101 Firefox/47.0" "90.216.134.194"
90.216.134.194 - - [12/Jul/2016:13:34:51 +0000] "GET /static/img/blog.png HTTP/1.1" 200 359779 "http://melvyn.pythonanywhere.com/about/" "Mozilla/5.0 (X11; Ubuntu; Linux i686; rv:47.0) Gecko/20100101 Firefox/47.0" "90.216.134.194"
90.216.134.194 - - [12/Jul/2016:13:34:51 +0000] "GET /static/img/h2ces.png HTTP/1.1" 200 22074 "http://melvyn.pythonanywhere.com/about/" "Mozilla/5.0 (X11; Ubuntu; Linux i686; rv:47.0) Gecko/20100101 Firefox/47.0" "90.216.134.194"
90.216.134.194 - - [12/Jul/2016:13:34:51 +0000] "GET /static/img/currency_arbitrage.png HTTP/1.1" 200 58574 "http://melvyn.pythonanywhere.com/about/" "Mozilla/5.0 (X11; Ubuntu; Linux i686; rv:47.0) Gecko/20100101 Firefox/47.0" "90.216.134.194"
90.216.134.194 - - [12/Jul/2016:13:34:51 +0000] "GET /favicon.ico HTTP/1.1" 404 1110 "-" "Mozilla/5.0 (X11; Ubuntu; Linux i686; rv:47.0) Gecko/20100101 Firefox/47.0" "90.216.134.194"
90.216.134.194 - - [12/Jul/2016:13:34:51 +0000] "GET /favicon.ico HTTP/1.1" 404 1110 "-" "Mozilla/5.0 (X11; Ubuntu; Linux i686; rv:47.0) Gecko/20100101 Firefox/47.0" "90.216.134.194"
90.216.134.194 - - [12/Jul/2016:13:34:51 +0000] "GET /favicon.ico HTTP/1.1" 404 1110 "-" "Mozilla/5.0 (X11; Ubuntu; Linux i686; rv:47.0) Gecko/20100101 Firefox/47.0" "90.216.134.194"
90.216.134.194 - - [12/Jul/2016:13:34:51 +0000] "GET /favicon.ico HTTP/1.1" 404 1110 "-" "Mozilla/5.0 (X11; Ubuntu; Linux i686; rv:47.0) Gecko/20100101 Firefox/47.0" "90.216.134.194"
90.216.134.194 - - [12/Jul/2016:13:34:51 +0000] "GET /favicon.ico HTTP/1.1" 404 1110 "-" "Mozilla/5.0 (X11; Ubuntu; Linux i686; rv:47.0) Gecko/20100101 Firefox/47.0" "90.216.134.194"
90.216.134.194 - - [12/Jul/2016:13:34:51 +0000] "GET /favicon.ico HTTP/1.1" 404 1110 "-" "Mozilla/5.0 (X11; Ubuntu; Linux i686; rv:47.0) Gecko/20100101 Firefox/47.0" "90.216.134.194"
90.216.134.194 - - [12/Jul/2016:13:34:51 +0000] "GET /favicon.ico HTTP/1.1" 404 1110 "-" "Mozilla/5.0 (X11; Ubuntu; Linux i686; rv:47.0) Gecko/20100101 Firefox/47.0" "90.216.134.194"
90.216.134.194 - - [12/Jul/2016:13:34:51 +0000] "GET /favicon.ico HTTP/1.1" 404 1110 "-" "Mozilla/5.0 (X11; Ubuntu; Linux i686; rv:47.0) Gecko/20100101 Firefox/47.0" "90.216.134.194"
90.216.134.194 - - [12/Jul/2016:13:34:51 +0000] "GET /favicon.ico HTTP/1.1" 404 1110 "-" "Mozilla/5.0 (X11; Ubuntu; Linux i686; rv:47.0) Gecko/20100101 Firefox/47.0" "90.216.134.194"
90.216.134.194 - - [12/Jul/2016:13:34:51 +0000] "GET /favicon.ico HTTP/1.1" 404 1110 "-" "Mozilla/5.0 (X11; Ubuntu; Linux i686; rv:47.0) Gecko/20100101 Firefox/47.0" "90.216.134.194"
90.216.134.194 - - [12/Jul/2016:13:34:51 +0000] "GET /favicon.ico HTTP/1.1" 404 1110 "-" "Mozilla/5.0 (X11; Ubuntu; Linux i686; rv:47.0) Gecko/20100101 Firefox/47.0" "90.216.134.194"
90.216.134.194 - - [12/Jul/2016:13:34:51 +0000] "GET /favicon.ico HTTP/1.1" 404 1110 "-" "Mozilla/5.0 (X11; Ubuntu; Linux i686; rv:47.0) Gecko/20100101 Firefox/47.0" "90.216.134.194"
90.216.134.194 - - [12/Jul/2016:13:34:51 +0000] "GET /favicon.ico HTTP/1.1" 404 1110 "-" "Mozilla/5.0 (X11; Ubuntu; Linux i686; rv:47.0) Gecko/20100101 Firefox/47.0" "90.216.134.194"
90.216.134.194 - - [12/Jul/2016:13:34:51 +0000] "GET /favicon.ico HTTP/1.1" 404 1110 "-" "Mozilla/5.0 (X11; Ubuntu; Linux i686; rv:47.0) Gecko/20100101 Firefox/47.0" "90.216.134.194"
64.233.173.223 - - [12/Jul/2016:13:35:47 +0000] "GET /about/ HTTP/1.1" 200 3818 "-" "Mozilla/5.0 (Linux; Android 6.0.1; Moto G (4) Build/MPJ24.139-23.1) AppleWebKit/537.36 (KHTML, like Gecko) Chrome/51.0.2704.81 Mobile Safari/537.36" "183.82.70.56, 64.233.173.223"
64.233.173.219 - - [12/Jul/2016:13:35:49 +0000] "GET /about/ HTTP/1.1" 200 3818 "-" "Mozilla/5.0 (Linux; Android 6.0.1; Moto G (4) Build/MPJ24.139-23.1) AppleWebKit/537.36 (KHTML, like Gecko) Chrome/51.0.2704.81 Mobile Safari/537.36" "183.82.70.56, 64.233.173.219"
64.233.173.223 - - [12/Jul/2016:13:35:49 +0000] "GET /static/style/css/base.css HTTP/1.1" 200 722 "http://melvyn.pythonanywhere.com/about/" "Mozilla/5.0 (Linux; Android 6.0.1; Moto G (4) Build/MPJ24.139-23.1) AppleWebKit/537.36 (KHTML, like Gecko) Chrome/51.0.2704.81 Mobile Safari/537.36" "183.82.70.56, 64.233.173.223"
64.233.173.219 - - [12/Jul/2016:13:35:49 +0000] "GET /static/img/blog.png HTTP/1.1" 200 359779 "http://melvyn.pythonanywhere.com/about/" "Mozilla/5.0 (Linux; Android 6.0.1; Moto G (4) Build/MPJ24.139-23.1) AppleWebKit/537.36 (KHTML, like Gecko) Chrome/51.0.2704.81 Mobile Safari/537.36" "183.82.70.56, 64.233.173.219"
64.233.173.223 - - [12/Jul/2016:13:35:50 +0000] "GET /static/img/UCP-logo.png HTTP/1.1" 200 82900 "http://melvyn.pythonanywhere.com/about/" "Mozilla/5.0 (Linux; Android 6.0.1; Moto G (4) Build/MPJ24.139-23.1) AppleWebKit/537.36 (KHTML, like Gecko) Chrome/51.0.2704.81 Mobile Safari/537.36" "183.82.70.56, 64.233.173.223"
64.233.173.223 - - [12/Jul/2016:13:35:50 +0000] "GET /static/js/jquery.easing.1.3.js HTTP/1.1" 200 2027 "http://melvyn.pythonanywhere.com/about/" "Mozilla/5.0 (Linux; Android 6.0.1; Moto G (4) Build/MPJ24.139-23.1) AppleWebKit/537.36 (KHTML, like Gecko) Chrome/51.0.2704.81 Mobile Safari/537.36" "183.82.70.56, 64.233.173.223"
64.233.173.223 - - [12/Jul/2016:13:35:50 +0000] "GET /static/style/css/about.css HTTP/1.1" 200 978 "http://melvyn.pythonanywhere.com/about/" "Mozilla/5.0 (Linux; Android 6.0.1; Moto G (4) Build/MPJ24.139-23.1) AppleWebKit/537.36 (KHTML, like Gecko) Chrome/51.0.2704.81 Mobile Safari/537.36" "183.82.70.56, 64.233.173.223"
64.233.173.215 - - [12/Jul/2016:13:35:50 +0000] "GET /static/img/logo.png HTTP/1.1" 200 10965 "http://melvyn.pythonanywhere.com/about/" "Mozilla/5.0 (Linux; Android 6.0.1; Moto G (4) Build/MPJ24.139-23.1) AppleWebKit/537.36 (KHTML, like Gecko) Chrome/51.0.2704.81 Mobile Safari/537.36" "183.82.70.56, 64.233.173.215"
64.233.173.219 - - [12/Jul/2016:13:35:50 +0000] "GET /static/img/yanport.gif HTTP/1.1" 200 6859 "http://melvyn.pythonanywhere.com/about/" "Mozilla/5.0 (Linux; Android 6.0.1; Moto G (4) Build/MPJ24.139-23.1) AppleWebKit/537.36 (KHTML, like Gecko) Chrome/51.0.2704.81 Mobile Safari/537.36" "183.82.70.56, 64.233.173.219"
64.233.173.219 - - [12/Jul/2016:13:35:50 +0000] "GET /static/img/currency_arbitrage.png HTTP/1.1" 200 58574 "http://melvyn.pythonanywhere.com/about/" "Mozilla/5.0 (Linux; Android 6.0.1; Moto G (4) Build/MPJ24.139-23.1) AppleWebKit/537.36 (KHTML, like Gecko) Chrome/51.0.2704.81 Mobile Safari/537.36" "183.82.70.56, 64.233.173.219"
64.233.173.219 - - [12/Jul/2016:13:35:50 +0000] "GET /about/ HTTP/1.1" 200 3818 "-" "Mozilla/5.0 (Linux; Android 6.0.1; Moto G (4) Build/MPJ24.139-23.1) AppleWebKit/537.36 (KHTML, like Gecko) Chrome/51.0.2704.81 Mobile Safari/537.36" "183.82.70.56, 64.233.173.219"
64.233.173.223 - - [12/Jul/2016:13:35:50 +0000] "GET /static/img/melvyn_peignon.jpg HTTP/1.1" 200 19770 "http://melvyn.pythonanywhere.com/about/" "Mozilla/5.0 (Linux; Android 6.0.1; Moto G (4) Build/MPJ24.139-23.1) AppleWebKit/537.36 (KHTML, like Gecko) Chrome/51.0.2704.81 Mobile Safari/537.36" "183.82.70.56, 64.233.173.223"
64.233.173.223 - - [12/Jul/2016:13:35:50 +0000] "GET /static/img/eisti-logo.png HTTP/1.1" 200 29113 "http://melvyn.pythonanywhere.com/about/" "Mozilla/5.0 (Linux; Android 6.0.1; Moto G (4) Build/MPJ24.139-23.1) AppleWebKit/537.36 (KHTML, like Gecko) Chrome/51.0.2704.81 Mobile Safari/537.36" "183.82.70.56, 64.233.173.223"
64.233.173.215 - - [12/Jul/2016:13:35:50 +0000] "GET /static/img/askia.png HTTP/1.1" 200 18575 "http://melvyn.pythonanywhere.com/about/" "Mozilla/5.0 (Linux; Android 6.0.1; Moto G (4) Build/MPJ24.139-23.1) AppleWebKit/537.36 (KHTML, like Gecko) Chrome/51.0.2704.81 Mobile Safari/537.36" "183.82.70.56, 64.233.173.215"
64.233.173.223 - - [12/Jul/2016:13:35:50 +0000] "GET /static/img/rey-logo.png HTTP/1.1" 200 7656 "http://melvyn.pythonanywhere.com/about/" "Mozilla/5.0 (Linux; Android 6.0.1; Moto G (4) Build/MPJ24.139-23.1) AppleWebKit/537.36 (KHTML, like Gecko) Chrome/51.0.2704.81 Mobile Safari/537.36" "183.82.70.56, 64.233.173.223"
64.233.173.223 - - [12/Jul/2016:13:35:50 +0000] "GET /static/img/h2ces.png HTTP/1.1" 200 22074 "http://melvyn.pythonanywhere.com/about/" "Mozilla/5.0 (Linux; Android 6.0.1; Moto G (4) Build/MPJ24.139-23.1) AppleWebKit/537.36 (KHTML, like Gecko) Chrome/51.0.2704.81 Mobile Safari/537.36" "183.82.70.56, 64.233.173.223"
64.233.173.219 - - [12/Jul/2016:13:35:50 +0000] "GET /static/img/Warner.png HTTP/1.1" 200 114363 "http://melvyn.pythonanywhere.com/about/" "Mozilla/5.0 (Linux; Android 6.0.1; Moto G (4) Build/MPJ24.139-23.1) AppleWebKit/537.36 (KHTML, like Gecko) Chrome/51.0.2704.81 Mobile Safari/537.36" "183.82.70.56, 64.233.173.219"
64.233.173.219 - - [12/Jul/2016:13:35:50 +0000] "GET /static/img/divider.png HTTP/1.1" 200 939 "http://melvyn.pythonanywhere.com/static/style/css/about.css" "Mozilla/5.0 (Linux; Android 6.0.1; Moto G (4) Build/MPJ24.139-23.1) AppleWebKit/537.36 (KHTML, like Gecko) Chrome/51.0.2704.81 Mobile Safari/537.36" "183.82.70.56, 64.233.173.219"
64.233.173.219 - - [12/Jul/2016:13:35:50 +0000] "GET /static/img/mail-logo.png HTTP/1.1" 200 2088 "http://melvyn.pythonanywhere.com/static/style/css/base.css" "Mozilla/5.0 (Linux; Android 6.0.1; Moto G (4) Build/MPJ24.139-23.1) AppleWebKit/537.36 (KHTML, like Gecko) Chrome/51.0.2704.81 Mobile Safari/537.36" "183.82.70.56, 64.233.173.219"
64.233.173.223 - - [12/Jul/2016:13:35:50 +0000] "GET /static/img/github-logo.png HTTP/1.1" 200 3347 "http://melvyn.pythonanywhere.com/static/style/css/about.css" "Mozilla/5.0 (Linux; Android 6.0.1; Moto G (4) Build/MPJ24.139-23.1) AppleWebKit/537.36 (KHTML, like Gecko) Chrome/51.0.2704.81 Mobile Safari/537.36" "183.82.70.56, 64.233.173.223"
64.233.173.223 - - [12/Jul/2016:13:35:50 +0000] "GET /static/img/sm-linkedin-icon.png HTTP/1.1" 200 1115 "http://melvyn.pythonanywhere.com/static/style/css/about.css" "Mozilla/5.0 (Linux; Android 6.0.1; Moto G (4) Build/MPJ24.139-23.1) AppleWebKit/537.36 (KHTML, like Gecko) Chrome/51.0.2704.81 Mobile Safari/537.36" "183.82.70.56, 64.233.173.223"
64.233.173.219 - - [12/Jul/2016:13:35:50 +0000] "GET /static/img/logo-phone.png HTTP/1.1" 200 1996 "http://melvyn.pythonanywhere.com/static/style/css/base.css" "Mozilla/5.0 (Linux; Android 6.0.1; Moto G (4) Build/MPJ24.139-23.1) AppleWebKit/537.36 (KHTML, like Gecko) Chrome/51.0.2704.81 Mobile Safari/537.36" "183.82.70.56, 64.233.173.219"
64.233.173.223 - - [12/Jul/2016:13:35:50 +0000] "GET /static/img/position-logo.png HTTP/1.1" 200 1676 "http://melvyn.pythonanywhere.com/static/style/css/base.css" "Mozilla/5.0 (Linux; Android 6.0.1; Moto G (4) Build/MPJ24.139-23.1) AppleWebKit/537.36 (KHTML, like Gecko) Chrome/51.0.2704.81 Mobile Safari/537.36" "183.82.70.56, 64.233.173.223"
64.233.173.219 - - [12/Jul/2016:13:35:51 +0000] "GET /favicon.ico HTTP/1.1" 404 1110 "http://melvyn.pythonanywhere.com/about/" "Mozilla/5.0 (Linux; Android 6.0.1; Moto G (4) Build/MPJ24.139-23.1) AppleWebKit/537.36 (KHTML, like Gecko) Chrome/51.0.2704.81 Mobile Safari/537.36" "183.82.70.56, 64.233.173.219"
64.233.173.219 - - [12/Jul/2016:13:35:51 +0000] "GET /favicon.ico HTTP/1.1" 404 1110 "http://melvyn.pythonanywhere.com/about/" "Mozilla/5.0 (Linux; Android 6.0.1; Moto G (4) Build/MPJ24.139-23.1) AppleWebKit/537.36 (KHTML, like Gecko) Chrome/51.0.2704.81 Mobile Safari/537.36" "183.82.70.56, 64.233.173.219"
37.58.139.53 - - [12/Jul/2016:13:37:22 +0000] "GET /about/ HTTP/1.1" 200 3818 "-" "Mozilla/5.0 (Macintosh; Intel Mac OS X 10_11_4) AppleWebKit/537.36 (KHTML, like Gecko) Chrome/51.0.2704.103 Safari/537.36" "37.58.139.53"
37.58.139.53 - - [12/Jul/2016:13:37:22 +0000] "GET /static/style/css/base.css HTTP/1.1" 200 722 "http://melvyn.pythonanywhere.com/about/" "Mozilla/5.0 (Macintosh; Intel Mac OS X 10_11_4) AppleWebKit/537.36 (KHTML, like Gecko) Chrome/51.0.2704.103 Safari/537.36" "37.58.139.53"
37.58.139.53 - - [12/Jul/2016:13:37:22 +0000] "GET /static/js/jquery.easing.1.3.js HTTP/1.1" 200 2027 "http://melvyn.pythonanywhere.com/about/" "Mozilla/5.0 (Macintosh; Intel Mac OS X 10_11_4) AppleWebKit/537.36 (KHTML, like Gecko) Chrome/51.0.2704.103 Safari/537.36" "37.58.139.53"
37.58.139.53 - - [12/Jul/2016:13:37:22 +0000] "GET /static/style/css/about.css HTTP/1.1" 200 978 "http://melvyn.pythonanywhere.com/about/" "Mozilla/5.0 (Macintosh; Intel Mac OS X 10_11_4) AppleWebKit/537.36 (KHTML, like Gecko) Chrome/51.0.2704.103 Safari/537.36" "37.58.139.53"
37.58.139.53 - - [12/Jul/2016:13:37:22 +0000] "GET /static/img/logo.png HTTP/1.1" 200 10965 "http://melvyn.pythonanywhere.com/about/" "Mozilla/5.0 (Macintosh; Intel Mac OS X 10_11_4) AppleWebKit/537.36 (KHTML, like Gecko) Chrome/51.0.2704.103 Safari/537.36" "37.58.139.53"
37.58.139.53 - - [12/Jul/2016:13:37:22 +0000] "GET /static/img/eisti-logo.png HTTP/1.1" 200 29113 "http://melvyn.pythonanywhere.com/about/" "Mozilla/5.0 (Macintosh; Intel Mac OS X 10_11_4) AppleWebKit/537.36 (KHTML, like Gecko) Chrome/51.0.2704.103 Safari/537.36" "37.58.139.53"
37.58.139.53 - - [12/Jul/2016:13:37:22 +0000] "GET /static/img/melvyn_peignon.jpg HTTP/1.1" 200 19770 "http://melvyn.pythonanywhere.com/about/" "Mozilla/5.0 (Macintosh; Intel Mac OS X 10_11_4) AppleWebKit/537.36 (KHTML, like Gecko) Chrome/51.0.2704.103 Safari/537.36" "37.58.139.53"
37.58.139.53 - - [12/Jul/2016:13:37:22 +0000] "GET /static/img/UCP-logo.png HTTP/1.1" 200 82900 "http://melvyn.pythonanywhere.com/about/" "Mozilla/5.0 (Macintosh; Intel Mac OS X 10_11_4) AppleWebKit/537.36 (KHTML, like Gecko) Chrome/51.0.2704.103 Safari/537.36" "37.58.139.53"
37.58.139.53 - - [12/Jul/2016:13:37:23 +0000] "GET /static/img/logo-phone.png HTTP/1.1" 200 1996 "http://melvyn.pythonanywhere.com/static/style/css/base.css" "Mozilla/5.0 (Macintosh; Intel Mac OS X 10_11_4) AppleWebKit/537.36 (KHTML, like Gecko) Chrome/51.0.2704.103 Safari/537.36" "37.58.139.53"
37.58.139.53 - - [12/Jul/2016:13:37:23 +0000] "GET /static/img/sm-linkedin-icon.png HTTP/1.1" 200 1115 "http://melvyn.pythonanywhere.com/static/style/css/about.css" "Mozilla/5.0 (Macintosh; Intel Mac OS X 10_11_4) AppleWebKit/537.36 (KHTML, like Gecko) Chrome/51.0.2704.103 Safari/537.36" "37.58.139.53"
37.58.139.53 - - [12/Jul/2016:13:37:23 +0000] "GET /static/img/mail-logo.png HTTP/1.1" 200 2088 "http://melvyn.pythonanywhere.com/static/style/css/base.css" "Mozilla/5.0 (Macintosh; Intel Mac OS X 10_11_4) AppleWebKit/537.36 (KHTML, like Gecko) Chrome/51.0.2704.103 Safari/537.36" "37.58.139.53"
37.58.139.53 - - [12/Jul/2016:13:37:23 +0000] "GET /static/img/divider.png HTTP/1.1" 200 939 "http://melvyn.pythonanywhere.com/static/style/css/about.css" "Mozilla/5.0 (Macintosh; Intel Mac OS X 10_11_4) AppleWebKit/537.36 (KHTML, like Gecko) Chrome/51.0.2704.103 Safari/537.36" "37.58.139.53"
37.58.139.53 - - [12/Jul/2016:13:37:23 +0000] "GET /static/img/position-logo.png HTTP/1.1" 200 1676 "http://melvyn.pythonanywhere.com/static/style/css/base.css" "Mozilla/5.0 (Macintosh; Intel Mac OS X 10_11_4) AppleWebKit/537.36 (KHTML, like Gecko) Chrome/51.0.2704.103 Safari/537.36" "37.58.139.53"
37.58.139.53 - - [12/Jul/2016:13:37:23 +0000] "GET /static/img/github-logo.png HTTP/1.1" 200 3347 "http://melvyn.pythonanywhere.com/static/style/css/about.css" "Mozilla/5.0 (Macintosh; Intel Mac OS X 10_11_4) AppleWebKit/537.36 (KHTML, like Gecko) Chrome/51.0.2704.103 Safari/537.36" "37.58.139.53"
37.58.139.53 - - [12/Jul/2016:13:37:23 +0000] "GET /static/img/rey-logo.png HTTP/1.1" 200 7656 "http://melvyn.pythonanywhere.com/about/" "Mozilla/5.0 (Macintosh; Intel Mac OS X 10_11_4) AppleWebKit/537.36 (KHTML, like Gecko) Chrome/51.0.2704.103 Safari/537.36" "37.58.139.53"
37.58.139.53 - - [12/Jul/2016:13:37:23 +0000] "GET /static/img/Warner.png HTTP/1.1" 200 114363 "http://melvyn.pythonanywhere.com/about/" "Mozilla/5.0 (Macintosh; Intel Mac OS X 10_11_4) AppleWebKit/537.36 (KHTML, like Gecko) Chrome/51.0.2704.103 Safari/537.36" "37.58.139.53"
37.58.139.53 - - [12/Jul/2016:13:37:23 +0000] "GET /static/img/yanport.gif HTTP/1.1" 200 6859 "http://melvyn.pythonanywhere.com/about/" "Mozilla/5.0 (Macintosh; Intel Mac OS X 10_11_4) AppleWebKit/537.36 (KHTML, like Gecko) Chrome/51.0.2704.103 Safari/537.36" "37.58.139.53"
37.58.139.53 - - [12/Jul/2016:13:37:23 +0000] "GET /static/img/askia.png HTTP/1.1" 200 18575 "http://melvyn.pythonanywhere.com/about/" "Mozilla/5.0 (Macintosh; Intel Mac OS X 10_11_4) AppleWebKit/537.36 (KHTML, like Gecko) Chrome/51.0.2704.103 Safari/537.36" "37.58.139.53"
37.58.139.53 - - [12/Jul/2016:13:37:23 +0000] "GET /static/img/blog.png HTTP/1.1" 200 359779 "http://melvyn.pythonanywhere.com/about/" "Mozilla/5.0 (Macintosh; Intel Mac OS X 10_11_4) AppleWebKit/537.36 (KHTML, like Gecko) Chrome/51.0.2704.103 Safari/537.36" "37.58.139.53"
37.58.139.53 - - [12/Jul/2016:13:37:23 +0000] "GET /static/img/h2ces.png HTTP/1.1" 200 22074 "http://melvyn.pythonanywhere.com/about/" "Mozilla/5.0 (Macintosh; Intel Mac OS X 10_11_4) AppleWebKit/537.36 (KHTML, like Gecko) Chrome/51.0.2704.103 Safari/537.36" "37.58.139.53"
37.58.139.53 - - [12/Jul/2016:13:37:23 +0000] "GET /static/img/currency_arbitrage.png HTTP/1.1" 200 58574 "http://melvyn.pythonanywhere.com/about/" "Mozilla/5.0 (Macintosh; Intel Mac OS X 10_11_4) AppleWebKit/537.36 (KHTML, like Gecko) Chrome/51.0.2704.103 Safari/537.36" "37.58.139.53"
37.58.139.53 - - [12/Jul/2016:13:37:23 +0000] "GET /favicon.ico HTTP/1.1" 404 1110 "http://melvyn.pythonanywhere.com/about/" "Mozilla/5.0 (Macintosh; Intel Mac OS X 10_11_4) AppleWebKit/537.36 (KHTML, like Gecko) Chrome/51.0.2704.103 Safari/537.36" "37.58.139.53"
37.58.139.53 - - [12/Jul/2016:13:37:44 +0000] "GET /static/cv/CVanglais-.pdf HTTP/1.1" 200 120370 "http://melvyn.pythonanywhere.com/about/" "Mozilla/5.0 (Macintosh; Intel Mac OS X 10_11_4) AppleWebKit/537.36 (KHTML, like Gecko) Chrome/51.0.2704.103 Safari/537.36" "37.58.139.53"
37.58.139.53 - - [12/Jul/2016:13:42:50 +0000] "GET /posts HTTP/1.1" 301 5 "http://melvyn.pythonanywhere.com/about/" "Mozilla/5.0 (Macintosh; Intel Mac OS X 10_11_4) AppleWebKit/537.36 (KHTML, like Gecko) Chrome/51.0.2704.103 Safari/537.36" "37.58.139.53"
37.58.139.53 - - [12/Jul/2016:13:42:50 +0000] "GET /posts/ HTTP/1.1" 200 1608 "http://melvyn.pythonanywhere.com/about/" "Mozilla/5.0 (Macintosh; Intel Mac OS X 10_11_4) AppleWebKit/537.36 (KHTML, like Gecko) Chrome/51.0.2704.103 Safari/537.36" "37.58.139.53"
37.58.139.53 - - [12/Jul/2016:13:42:50 +0000] "GET /static/style/css/posts.css HTTP/1.1" 200 356 "http://melvyn.pythonanywhere.com/posts/" "Mozilla/5.0 (Macintosh; Intel Mac OS X 10_11_4) AppleWebKit/537.36 (KHTML, like Gecko) Chrome/51.0.2704.103 Safari/537.36" "37.58.139.53"
37.58.139.53 - - [12/Jul/2016:13:42:50 +0000] "GET /uploads/illustrations/food-vegetables-meal-kitchen_1TIPNOg.jpg HTTP/1.1" 200 347812 "http://melvyn.pythonanywhere.com/posts/" "Mozilla/5.0 (Macintosh; Intel Mac OS X 10_11_4) AppleWebKit/537.36 (KHTML, like Gecko) Chrome/51.0.2704.103 Safari/537.36" "37.58.139.53"
37.58.139.53 - - [12/Jul/2016:13:42:50 +0000] "GET /posts HTTP/1.1" 301 5 "http://melvyn.pythonanywhere.com/about/" "Mozilla/5.0 (Macintosh; Intel Mac OS X 10_11_4) AppleWebKit/537.36 (KHTML, like Gecko) Chrome/51.0.2704.103 Safari/537.36" "37.58.139.53"
37.58.139.53 - - [12/Jul/2016:13:42:50 +0000] "GET /posts/ HTTP/1.1" 200 1608 "http://melvyn.pythonanywhere.com/about/" "Mozilla/5.0 (Macintosh; Intel Mac OS X 10_11_4) AppleWebKit/537.36 (KHTML, like Gecko) Chrome/51.0.2704.103 Safari/537.36" "37.58.139.53"
37.58.139.53 - - [12/Jul/2016:13:42:50 +0000] "GET /static/style/css/posts.css HTTP/1.1" 200 356 "http://melvyn.pythonanywhere.com/posts/" "Mozilla/5.0 (Macintosh; Intel Mac OS X 10_11_4) AppleWebKit/537.36 (KHTML, like Gecko) Chrome/51.0.2704.103 Safari/537.36" "37.58.139.53"
37.58.139.53 - - [12/Jul/2016:13:42:50 +0000] "GET /uploads/illustrations/food-vegetables-meal-kitchen_1TIPNOg.jpg HTTP/1.1" 200 347812 "http://melvyn.pythonanywhere.com/posts/" "Mozilla/5.0 (Macintosh; Intel Mac OS X 10_11_4) AppleWebKit/537.36 (KHTML, like Gecko) Chrome/51.0.2704.103 Safari/537.36" "37.58.139.53"
37.58.139.53 - - [12/Jul/2016:13:42:50 +0000] "GET /posts HTTP/1.1" 301 5 "http://melvyn.pythonanywhere.com/about/" "Mozilla/5.0 (Macintosh; Intel Mac OS X 10_11_4) AppleWebKit/537.36 (KHTML, like Gecko) Chrome/51.0.2704.103 Safari/537.36" "37.58.139.53"
37.58.139.53 - - [12/Jul/2016:13:42:50 +0000] "GET /posts/ HTTP/1.1" 200 1608 "http://melvyn.pythonanywhere.com/about/" "Mozilla/5.0 (Macintosh; Intel Mac OS X 10_11_4) AppleWebKit/537.36 (KHTML, like Gecko) Chrome/51.0.2704.103 Safari/537.36" "37.58.139.53"
37.58.139.53 - - [12/Jul/2016:13:42:50 +0000] "GET /static/style/css/posts.css HTTP/1.1" 200 356 "http://melvyn.pythonanywhere.com/posts/" "Mozilla/5.0 (Macintosh; Intel Mac OS X 10_11_4) AppleWebKit/537.36 (KHTML, like Gecko) Chrome/51.0.2704.103 Safari/537.36" "37.58.139.53"
37.58.139.53 - - [12/Jul/2016:13:42:50 +0000] "GET /uploads/illustrations/food-vegetables-meal-kitchen_1TIPNOg.jpg HTTP/1.1" 200 347812 "http://melvyn.pythonanywhere.com/posts/" "Mozilla/5.0 (Macintosh; Intel Mac OS X 10_11_4) AppleWebKit/537.36 (KHTML, like Gecko) Chrome/51.0.2704.103 Safari/537.36" "37.58.139.53"
37.58.139.53 - - [12/Jul/2016:13:42:50 +0000] "GET /posts HTTP/1.1" 301 5 "http://melvyn.pythonanywhere.com/about/" "Mozilla/5.0 (Macintosh; Intel Mac OS X 10_11_4) AppleWebKit/537.36 (KHTML, like Gecko) Chrome/51.0.2704.103 Safari/537.36" "37.58.139.53"
37.58.139.53 - - [12/Jul/2016:13:42:50 +0000] "GET /posts/ HTTP/1.1" 200 1608 "http://melvyn.pythonanywhere.com/about/" "Mozilla/5.0 (Macintosh; Intel Mac OS X 10_11_4) AppleWebKit/537.36 (KHTML, like Gecko) Chrome/51.0.2704.103 Safari/537.36" "37.58.139.53"
37.58.139.53 - - [12/Jul/2016:13:42:50 +0000] "GET /static/style/css/posts.css HTTP/1.1" 200 356 "http://melvyn.pythonanywhere.com/posts/" "Mozilla/5.0 (Macintosh; Intel Mac OS X 10_11_4) AppleWebKit/537.36 (KHTML, like Gecko) Chrome/51.0.2704.103 Safari/537.36" "37.58.139.53"
37.58.139.53 - - [12/Jul/2016:13:42:50 +0000] "GET /uploads/illustrations/food-vegetables-meal-kitchen_1TIPNOg.jpg HTTP/1.1" 200 347812 "http://melvyn.pythonanywhere.com/posts/" "Mozilla/5.0 (Macintosh; Intel Mac OS X 10_11_4) AppleWebKit/537.36 (KHTML, like Gecko) Chrome/51.0.2704.103 Safari/537.36" "37.58.139.53"
37.58.139.53 - - [12/Jul/2016:13:42:50 +0000] "GET /posts HTTP/1.1" 301 5 "http://melvyn.pythonanywhere.com/about/" "Mozilla/5.0 (Macintosh; Intel Mac OS X 10_11_4) AppleWebKit/537.36 (KHTML, like Gecko) Chrome/51.0.2704.103 Safari/537.36" "37.58.139.53"
37.58.139.53 - - [12/Jul/2016:13:42:50 +0000] "GET /posts/ HTTP/1.1" 200 1608 "http://melvyn.pythonanywhere.com/about/" "Mozilla/5.0 (Macintosh; Intel Mac OS X 10_11_4) AppleWebKit/537.36 (KHTML, like Gecko) Chrome/51.0.2704.103 Safari/537.36" "37.58.139.53"
37.58.139.53 - - [12/Jul/2016:13:42:50 +0000] "GET /static/style/css/posts.css HTTP/1.1" 200 356 "http://melvyn.pythonanywhere.com/posts/" "Mozilla/5.0 (Macintosh; Intel Mac OS X 10_11_4) AppleWebKit/537.36 (KHTML, like Gecko) Chrome/51.0.2704.103 Safari/537.36" "37.58.139.53"
37.58.139.53 - - [12/Jul/2016:13:42:50 +0000] "GET /uploads/illustrations/food-vegetables-meal-kitchen_1TIPNOg.jpg HTTP/1.1" 200 347812 "http://melvyn.pythonanywhere.com/posts/" "Mozilla/5.0 (Macintosh; Intel Mac OS X 10_11_4) AppleWebKit/537.36 (KHTML, like Gecko) Chrome/51.0.2704.103 Safari/537.36" "37.58.139.53"
37.58.139.53 - - [12/Jul/2016:13:42:50 +0000] "GET /posts HTTP/1.1" 301 5 "http://melvyn.pythonanywhere.com/about/" "Mozilla/5.0 (Macintosh; Intel Mac OS X 10_11_4) AppleWebKit/537.36 (KHTML, like Gecko) Chrome/51.0.2704.103 Safari/537.36" "37.58.139.53"
37.58.139.53 - - [12/Jul/2016:13:42:50 +0000] "GET /posts/ HTTP/1.1" 200 1608 "http://melvyn.pythonanywhere.com/about/" "Mozilla/5.0 (Macintosh; Intel Mac OS X 10_11_4) AppleWebKit/537.36 (KHTML, like Gecko) Chrome/51.0.2704.103 Safari/537.36" "37.58.139.53"
37.58.139.53 - - [12/Jul/2016:13:42:50 +0000] "GET /static/style/css/posts.css HTTP/1.1" 200 356 "http://melvyn.pythonanywhere.com/posts/" "Mozilla/5.0 (Macintosh; Intel Mac OS X 10_11_4) AppleWebKit/537.36 (KHTML, like Gecko) Chrome/51.0.2704.103 Safari/537.36" "37.58.139.53"
37.58.139.53 - - [12/Jul/2016:13:42:50 +0000] "GET /uploads/illustrations/food-vegetables-meal-kitchen_1TIPNOg.jpg HTTP/1.1" 200 347812 "http://melvyn.pythonanywhere.com/posts/" "Mozilla/5.0 (Macintosh; Intel Mac OS X 10_11_4) AppleWebKit/537.36 (KHTML, like Gecko) Chrome/51.0.2704.103 Safari/537.36" "37.58.139.53"
37.58.139.53 - - [12/Jul/2016:13:42:50 +0000] "GET /posts HTTP/1.1" 301 5 "http://melvyn.pythonanywhere.com/about/" "Mozilla/5.0 (Macintosh; Intel Mac OS X 10_11_4) AppleWebKit/537.36 (KHTML, like Gecko) Chrome/51.0.2704.103 Safari/537.36" "37.58.139.53"
37.58.139.53 - - [12/Jul/2016:13:42:50 +0000] "GET /posts/ HTTP/1.1" 200 1608 "http://melvyn.pythonanywhere.com/about/" "Mozilla/5.0 (Macintosh; Intel Mac OS X 10_11_4) AppleWebKit/537.36 (KHTML, like Gecko) Chrome/51.0.2704.103 Safari/537.36" "37.58.139.53"
37.58.139.53 - - [12/Jul/2016:13:42:50 +0000] "GET /static/style/css/posts.css HTTP/1.1" 200 356 "http://melvyn.pythonanywhere.com/posts/" "Mozilla/5.0 (Macintosh; Intel Mac OS X 10_11_4) AppleWebKit/537.36 (KHTML, like Gecko) Chrome/51.0.2704.103 Safari/537.36" "37.58.139.53"
37.58.139.53 - - [12/Jul/2016:13:42:50 +0000] "GET /uploads/illustrations/food-vegetables-meal-kitchen_1TIPNOg.jpg HTTP/1.1" 200 347812 "http://melvyn.pythonanywhere.com/posts/" "Mozilla/5.0 (Macintosh; Intel Mac OS X 10_11_4) AppleWebKit/537.36 (KHTML, like Gecko) Chrome/51.0.2704.103 Safari/537.36" "37.58.139.53"
37.58.139.53 - - [12/Jul/2016:13:42:53 +0000] "GET /uploads/illustrations/flow.png HTTP/1.1" 200 228246 "http://melvyn.pythonanywhere.com/posts/1/" "Mozilla/5.0 (Macintosh; Intel Mac OS X 10_11_4) AppleWebKit/537.36 (KHTML, like Gecko) Chrome/51.0.2704.103 Safari/537.36" "37.58.139.53"
37.58.139.53 - - [12/Jul/2016:13:42:53 +0000] "GET /uploads/illustrations/distributionD.png HTTP/1.1" 200 36957 "http://melvyn.pythonanywhere.com/posts/1/" "Mozilla/5.0 (Macintosh; Intel Mac OS X 10_11_4) AppleWebKit/537.36 (KHTML, like Gecko) Chrome/51.0.2704.103 Safari/537.36" "37.58.139.53"
37.58.139.53 - - [12/Jul/2016:13:42:54 +0000] "GET /uploads/illustrations/ranking.png HTTP/1.1" 200 57454 "http://melvyn.pythonanywhere.com/posts/1/" "Mozilla/5.0 (Macintosh; Intel Mac OS X 10_11_4) AppleWebKit/537.36 (KHTML, like Gecko) Chrome/51.0.2704.103 Safari/537.36" "37.58.139.53"
172.56.23.44 - - [12/Jul/2016:13:44:13 +0000] "GET /static/style/css/base.css HTTP/1.1" 200 722 "http://melvyn.pythonanywhere.com/about/" "Mozilla/5.0 (iPhone; CPU iPhone OS 9_3_2 like Mac OS X) AppleWebKit/601.1.46 (KHTML, like Gecko) Version/9.0 Mobile/13F69 Safari/601.1" "172.56.23.44"
172.56.23.217 - - [12/Jul/2016:13:44:14 +0000] "GET /static/img/logo.png HTTP/1.1" 200 10965 "http://melvyn.pythonanywhere.com/about/" "Mozilla/5.0 (iPhone; CPU iPhone OS 9_3_2 like Mac OS X) AppleWebKit/601.1.46 (KHTML, like Gecko) Version/9.0 Mobile/13F69 Safari/601.1" "172.56.23.217"
172.56.23.217 - - [12/Jul/2016:13:44:14 +0000] "GET /static/img/UCP-logo.png HTTP/1.1" 200 82900 "http://melvyn.pythonanywhere.com/about/" "Mozilla/5.0 (iPhone; CPU iPhone OS 9_3_2 like Mac OS X) AppleWebKit/601.1.46 (KHTML, like Gecko) Version/9.0 Mobile/13F69 Safari/601.1" "172.56.23.217"
172.56.23.217 - - [12/Jul/2016:13:44:14 +0000] "GET /static/style/css/about.css HTTP/1.1" 200 978 "http://melvyn.pythonanywhere.com/about/" "Mozilla/5.0 (iPhone; CPU iPhone OS 9_3_2 like Mac OS X) AppleWebKit/601.1.46 (KHTML, like Gecko) Version/9.0 Mobile/13F69 Safari/601.1" "172.56.23.217"
172.56.23.44 - - [12/Jul/2016:13:44:14 +0000] "GET /static/img/yanport.gif HTTP/1.1" 200 6859 "http://melvyn.pythonanywhere.com/about/" "Mozilla/5.0 (iPhone; CPU iPhone OS 9_3_2 like Mac OS X) AppleWebKit/601.1.46 (KHTML, like Gecko) Version/9.0 Mobile/13F69 Safari/601.1" "172.56.23.44"
172.56.23.217 - - [12/Jul/2016:13:44:14 +0000] "GET /static/img/eisti-logo.png HTTP/1.1" 200 29113 "http://melvyn.pythonanywhere.com/about/" "Mozilla/5.0 (iPhone; CPU iPhone OS 9_3_2 like Mac OS X) AppleWebKit/601.1.46 (KHTML, like Gecko) Version/9.0 Mobile/13F69 Safari/601.1" "172.56.23.217"
172.56.23.217 - - [12/Jul/2016:13:44:14 +0000] "GET /static/img/melvyn_peignon.jpg HTTP/1.1" 200 19770 "http://melvyn.pythonanywhere.com/about/" "Mozilla/5.0 (iPhone; CPU iPhone OS 9_3_2 like Mac OS X) AppleWebKit/601.1.46 (KHTML, like Gecko) Version/9.0 Mobile/13F69 Safari/601.1" "172.56.23.217"
172.56.23.217 - - [12/Jul/2016:13:44:14 +0000] "GET /static/js/jquery.easing.1.3.js HTTP/1.1" 200 2027 "http://melvyn.pythonanywhere.com/about/" "Mozilla/5.0 (iPhone; CPU iPhone OS 9_3_2 like Mac OS X) AppleWebKit/601.1.46 (KHTML, like Gecko) Version/9.0 Mobile/13F69 Safari/601.1" "172.56.23.217"
172.56.23.217 - - [12/Jul/2016:13:44:14 +0000] "GET /static/img/currency_arbitrage.png HTTP/1.1" 200 58574 "http://melvyn.pythonanywhere.com/about/" "Mozilla/5.0 (iPhone; CPU iPhone OS 9_3_2 like Mac OS X) AppleWebKit/601.1.46 (KHTML, like Gecko) Version/9.0 Mobile/13F69 Safari/601.1" "172.56.23.217"
172.56.23.44 - - [12/Jul/2016:13:44:14 +0000] "GET /static/img/askia.png HTTP/1.1" 200 18575 "http://melvyn.pythonanywhere.com/about/" "Mozilla/5.0 (iPhone; CPU iPhone OS 9_3_2 like Mac OS X) AppleWebKit/601.1.46 (KHTML, like Gecko) Version/9.0 Mobile/13F69 Safari/601.1" "172.56.23.44"
172.56.23.44 - - [12/Jul/2016:13:44:14 +0000] "GET /static/img/blog.png HTTP/1.1" 200 359779 "http://melvyn.pythonanywhere.com/about/" "Mozilla/5.0 (iPhone; CPU iPhone OS 9_3_2 like Mac OS X) AppleWebKit/601.1.46 (KHTML, like Gecko) Version/9.0 Mobile/13F69 Safari/601.1" "172.56.23.44"
172.56.23.217 - - [12/Jul/2016:13:44:14 +0000] "GET /static/img/rey-logo.png HTTP/1.1" 200 7656 "http://melvyn.pythonanywhere.com/about/" "Mozilla/5.0 (iPhone; CPU iPhone OS 9_3_2 like Mac OS X) AppleWebKit/601.1.46 (KHTML, like Gecko) Version/9.0 Mobile/13F69 Safari/601.1" "172.56.23.217"
172.56.23.217 - - [12/Jul/2016:13:44:14 +0000] "GET /static/img/Warner.png HTTP/1.1" 200 114363 "http://melvyn.pythonanywhere.com/about/" "Mozilla/5.0 (iPhone; CPU iPhone OS 9_3_2 like Mac OS X) AppleWebKit/601.1.46 (KHTML, like Gecko) Version/9.0 Mobile/13F69 Safari/601.1" "172.56.23.217"
172.56.23.44 - - [12/Jul/2016:13:44:14 +0000] "GET /static/img/h2ces.png HTTP/1.1" 200 22074 "http://melvyn.pythonanywhere.com/about/" "Mozilla/5.0 (iPhone; CPU iPhone OS 9_3_2 like Mac OS X) AppleWebKit/601.1.46 (KHTML, like Gecko) Version/9.0 Mobile/13F69 Safari/601.1" "172.56.23.44"
172.56.23.217 - - [12/Jul/2016:13:44:14 +0000] "GET /static/img/sm-linkedin-icon.png HTTP/1.1" 200 1115 "http://melvyn.pythonanywhere.com/about/" "Mozilla/5.0 (iPhone; CPU iPhone OS 9_3_2 like Mac OS X) AppleWebKit/601.1.46 (KHTML, like Gecko) Version/9.0 Mobile/13F69 Safari/601.1" "172.56.23.217"
172.56.23.217 - - [12/Jul/2016:13:44:14 +0000] "GET /static/img/logo-phone.png HTTP/1.1" 200 1996 "http://melvyn.pythonanywhere.com/about/" "Mozilla/5.0 (iPhone; CPU iPhone OS 9_3_2 like Mac OS X) AppleWebKit/601.1.46 (KHTML, like Gecko) Version/9.0 Mobile/13F69 Safari/601.1" "172.56.23.217"
172.56.23.217 - - [12/Jul/2016:13:44:14 +0000] "GET /static/img/mail-logo.png HTTP/1.1" 200 2088 "http://melvyn.pythonanywhere.com/about/" "Mozilla/5.0 (iPhone; CPU iPhone OS 9_3_2 like Mac OS X) AppleWebKit/601.1.46 (KHTML, like Gecko) Version/9.0 Mobile/13F69 Safari/601.1" "172.56.23.217"
172.56.23.217 - - [12/Jul/2016:13:44:14 +0000] "GET /static/img/position-logo.png HTTP/1.1" 200 1676 "http://melvyn.pythonanywhere.com/about/" "Mozilla/5.0 (iPhone; CPU iPhone OS 9_3_2 like Mac OS X) AppleWebKit/601.1.46 (KHTML, like Gecko) Version/9.0 Mobile/13F69 Safari/601.1" "172.56.23.217"
172.56.23.217 - - [12/Jul/2016:13:44:14 +0000] "GET /static/img/github-logo.png HTTP/1.1" 200 3347 "http://melvyn.pythonanywhere.com/about/" "Mozilla/5.0 (iPhone; CPU iPhone OS 9_3_2 like Mac OS X) AppleWebKit/601.1.46 (KHTML, like Gecko) Version/9.0 Mobile/13F69 Safari/601.1" "172.56.23.217"
172.56.23.217 - - [12/Jul/2016:13:44:14 +0000] "GET /static/img/divider.png HTTP/1.1" 200 939 "http://melvyn.pythonanywhere.com/about/" "Mozilla/5.0 (iPhone; CPU iPhone OS 9_3_2 like Mac OS X) AppleWebKit/601.1.46 (KHTML, like Gecko) Version/9.0 Mobile/13F69 Safari/601.1" "172.56.23.217"
172.56.23.217 - - [12/Jul/2016:13:44:14 +0000] "GET /static/js/jquery.easing.1.3.js HTTP/1.1" 200 2027 "http://melvyn.pythonanywhere.com/about/" "Mozilla/5.0 (iPhone; CPU iPhone OS 9_3_2 like Mac OS X) AppleWebKit/601.1.46 (KHTML, like Gecko) Version/9.0 Mobile/13F69 Safari/601.1" "172.56.23.217"
172.56.23.217 - - [12/Jul/2016:13:44:14 +0000] "GET /static/img/currency_arbitrage.png HTTP/1.1" 200 58574 "http://melvyn.pythonanywhere.com/about/" "Mozilla/5.0 (iPhone; CPU iPhone OS 9_3_2 like Mac OS X) AppleWebKit/601.1.46 (KHTML, like Gecko) Version/9.0 Mobile/13F69 Safari/601.1" "172.56.23.217"
172.56.23.44 - - [12/Jul/2016:13:44:14 +0000] "GET /static/img/askia.png HTTP/1.1" 200 18575 "http://melvyn.pythonanywhere.com/about/" "Mozilla/5.0 (iPhone; CPU iPhone OS 9_3_2 like Mac OS X) AppleWebKit/601.1.46 (KHTML, like Gecko) Version/9.0 Mobile/13F69 Safari/601.1" "172.56.23.44"
172.56.23.44 - - [12/Jul/2016:13:44:14 +0000] "GET /static/img/blog.png HTTP/1.1" 200 359779 "http://melvyn.pythonanywhere.com/about/" "Mozilla/5.0 (iPhone; CPU iPhone OS 9_3_2 like Mac OS X) AppleWebKit/601.1.46 (KHTML, like Gecko) Version/9.0 Mobile/13F69 Safari/601.1" "172.56.23.44"
172.56.23.217 - - [12/Jul/2016:13:44:14 +0000] "GET /static/img/rey-logo.png HTTP/1.1" 200 7656 "http://melvyn.pythonanywhere.com/about/" "Mozilla/5.0 (iPhone; CPU iPhone OS 9_3_2 like Mac OS X) AppleWebKit/601.1.46 (KHTML, like Gecko) Version/9.0 Mobile/13F69 Safari/601.1" "172.56.23.217"
172.56.23.217 - - [12/Jul/2016:13:44:14 +0000] "GET /static/img/Warner.png HTTP/1.1" 200 114363 "http://melvyn.pythonanywhere.com/about/" "Mozilla/5.0 (iPhone; CPU iPhone OS 9_3_2 like Mac OS X) AppleWebKit/601.1.46 (KHTML, like Gecko) Version/9.0 Mobile/13F69 Safari/601.1" "172.56.23.217"
172.56.23.44 - - [12/Jul/2016:13:44:14 +0000] "GET /static/img/h2ces.png HTTP/1.1" 200 22074 "http://melvyn.pythonanywhere.com/about/" "Mozilla/5.0 (iPhone; CPU iPhone OS 9_3_2 like Mac OS X) AppleWebKit/601.1.46 (KHTML, like Gecko) Version/9.0 Mobile/13F69 Safari/601.1" "172.56.23.44"
172.56.23.217 - - [12/Jul/2016:13:44:14 +0000] "GET /static/img/sm-linkedin-icon.png HTTP/1.1" 200 1115 "http://melvyn.pythonanywhere.com/about/" "Mozilla/5.0 (iPhone; CPU iPhone OS 9_3_2 like Mac OS X) AppleWebKit/601.1.46 (KHTML, like Gecko) Version/9.0 Mobile/13F69 Safari/601.1" "172.56.23.217"
172.56.23.217 - - [12/Jul/2016:13:44:14 +0000] "GET /static/img/logo-phone.png HTTP/1.1" 200 1996 "http://melvyn.pythonanywhere.com/about/" "Mozilla/5.0 (iPhone; CPU iPhone OS 9_3_2 like Mac OS X) AppleWebKit/601.1.46 (KHTML, like Gecko) Version/9.0 Mobile/13F69 Safari/601.1" "172.56.23.217"
172.56.23.217 - - [12/Jul/2016:13:44:14 +0000] "GET /static/img/mail-logo.png HTTP/1.1" 200 2088 "http://melvyn.pythonanywhere.com/about/" "Mozilla/5.0 (iPhone; CPU iPhone OS 9_3_2 like Mac OS X) AppleWebKit/601.1.46 (KHTML, like Gecko) Version/9.0 Mobile/13F69 Safari/601.1" "172.56.23.217"
172.56.23.217 - - [12/Jul/2016:13:44:14 +0000] "GET /static/img/position-logo.png HTTP/1.1" 200 1676 "http://melvyn.pythonanywhere.com/about/" "Mozilla/5.0 (iPhone; CPU iPhone OS 9_3_2 like Mac OS X) AppleWebKit/601.1.46 (KHTML, like Gecko) Version/9.0 Mobile/13F69 Safari/601.1" "172.56.23.217"
172.56.23.217 - - [12/Jul/2016:13:44:14 +0000] "GET /static/img/github-logo.png HTTP/1.1" 200 3347 "http://melvyn.pythonanywhere.com/about/" "Mozilla/5.0 (iPhone; CPU iPhone OS 9_3_2 like Mac OS X) AppleWebKit/601.1.46 (KHTML, like Gecko) Version/9.0 Mobile/13F69 Safari/601.1" "172.56.23.217"
172.56.23.217 - - [12/Jul/2016:13:44:14 +0000] "GET /static/img/divider.png HTTP/1.1" 200 939 "http://melvyn.pythonanywhere.com/about/" "Mozilla/5.0 (iPhone; CPU iPhone OS 9_3_2 like Mac OS X) AppleWebKit/601.1.46 (KHTML, like Gecko) Version/9.0 Mobile/13F69 Safari/601.1" "172.56.23.217"
172.56.23.217 - - [12/Jul/2016:13:44:14 +0000] "GET /static/js/jquery.easing.1.3.js HTTP/1.1" 200 2027 "http://melvyn.pythonanywhere.com/about/" "Mozilla/5.0 (iPhone; CPU iPhone OS 9_3_2 like Mac OS X) AppleWebKit/601.1.46 (KHTML, like Gecko) Version/9.0 Mobile/13F69 Safari/601.1" "172.56.23.217"
172.56.23.217 - - [12/Jul/2016:13:44:14 +0000] "GET /static/img/currency_arbitrage.png HTTP/1.1" 200 58574 "http://melvyn.pythonanywhere.com/about/" "Mozilla/5.0 (iPhone; CPU iPhone OS 9_3_2 like Mac OS X) AppleWebKit/601.1.46 (KHTML, like Gecko) Version/9.0 Mobile/13F69 Safari/601.1" "172.56.23.217"
172.56.23.44 - - [12/Jul/2016:13:44:14 +0000] "GET /static/img/askia.png HTTP/1.1" 200 18575 "http://melvyn.pythonanywhere.com/about/" "Mozilla/5.0 (iPhone; CPU iPhone OS 9_3_2 like Mac OS X) AppleWebKit/601.1.46 (KHTML, like Gecko) Version/9.0 Mobile/13F69 Safari/601.1" "172.56.23.44"
172.56.23.44 - - [12/Jul/2016:13:44:14 +0000] "GET /static/img/blog.png HTTP/1.1" 200 359779 "http://melvyn.pythonanywhere.com/about/" "Mozilla/5.0 (iPhone; CPU iPhone OS 9_3_2 like Mac OS X) AppleWebKit/601.1.46 (KHTML, like Gecko) Version/9.0 Mobile/13F69 Safari/601.1" "172.56.23.44"
172.56.23.217 - - [12/Jul/2016:13:44:14 +0000] "GET /static/img/rey-logo.png HTTP/1.1" 200 7656 "http://melvyn.pythonanywhere.com/about/" "Mozilla/5.0 (iPhone; CPU iPhone OS 9_3_2 like Mac OS X) AppleWebKit/601.1.46 (KHTML, like Gecko) Version/9.0 Mobile/13F69 Safari/601.1" "172.56.23.217"
172.56.23.217 - - [12/Jul/2016:13:44:14 +0000] "GET /static/img/Warner.png HTTP/1.1" 200 114363 "http://melvyn.pythonanywhere.com/about/" "Mozilla/5.0 (iPhone; CPU iPhone OS 9_3_2 like Mac OS X) AppleWebKit/601.1.46 (KHTML, like Gecko) Version/9.0 Mobile/13F69 Safari/601.1" "172.56.23.217"
172.56.23.44 - - [12/Jul/2016:13:44:14 +0000] "GET /static/img/h2ces.png HTTP/1.1" 200 22074 "http://melvyn.pythonanywhere.com/about/" "Mozilla/5.0 (iPhone; CPU iPhone OS 9_3_2 like Mac OS X) AppleWebKit/601.1.46 (KHTML, like Gecko) Version/9.0 Mobile/13F69 Safari/601.1" "172.56.23.44"
172.56.23.217 - - [12/Jul/2016:13:44:14 +0000] "GET /static/img/sm-linkedin-icon.png HTTP/1.1" 200 1115 "http://melvyn.pythonanywhere.com/about/" "Mozilla/5.0 (iPhone; CPU iPhone OS 9_3_2 like Mac OS X) AppleWebKit/601.1.46 (KHTML, like Gecko) Version/9.0 Mobile/13F69 Safari/601.1" "172.56.23.217"
172.56.23.217 - - [12/Jul/2016:13:44:14 +0000] "GET /static/img/logo-phone.png HTTP/1.1" 200 1996 "http://melvyn.pythonanywhere.com/about/" "Mozilla/5.0 (iPhone; CPU iPhone OS 9_3_2 like Mac OS X) AppleWebKit/601.1.46 (KHTML, like Gecko) Version/9.0 Mobile/13F69 Safari/601.1" "172.56.23.217"
172.56.23.217 - - [12/Jul/2016:13:44:14 +0000] "GET /static/img/mail-logo.png HTTP/1.1" 200 2088 "http://melvyn.pythonanywhere.com/about/" "Mozilla/5.0 (iPhone; CPU iPhone OS 9_3_2 like Mac OS X) AppleWebKit/601.1.46 (KHTML, like Gecko) Version/9.0 Mobile/13F69 Safari/601.1" "172.56.23.217"
172.56.23.217 - - [12/Jul/2016:13:44:14 +0000] "GET /static/img/position-logo.png HTTP/1.1" 200 1676 "http://melvyn.pythonanywhere.com/about/" "Mozilla/5.0 (iPhone; CPU iPhone OS 9_3_2 like Mac OS X) AppleWebKit/601.1.46 (KHTML, like Gecko) Version/9.0 Mobile/13F69 Safari/601.1" "172.56.23.217"
172.56.23.217 - - [12/Jul/2016:13:44:14 +0000] "GET /static/img/github-logo.png HTTP/1.1" 200 3347 "http://melvyn.pythonanywhere.com/about/" "Mozilla/5.0 (iPhone; CPU iPhone OS 9_3_2 like Mac OS X) AppleWebKit/601.1.46 (KHTML, like Gecko) Version/9.0 Mobile/13F69 Safari/601.1" "172.56.23.217"
172.56.23.217 - - [12/Jul/2016:13:44:14 +0000] "GET /static/img/divider.png HTTP/1.1" 200 939 "http://melvyn.pythonanywhere.com/about/" "Mozilla/5.0 (iPhone; CPU iPhone OS 9_3_2 like Mac OS X) AppleWebKit/601.1.46 (KHTML, like Gecko) Version/9.0 Mobile/13F69 Safari/601.1" "172.56.23.217"
112.26.71.243 - - [12/Jul/2016:13:55:44 +0000] "GET /about/ HTTP/1.1" 200 3818 "-" "Mozilla/5.0 (Linux; U; Android 5.0.2; zh-cn; MI 2S Build/LRX22G) AppleWebKit/537.36 (KHTML, like Gecko) Version/4.0 Chrome/46.0.2490.85 Mobile Safari/537.36 XiaoMi/MiuiBrowser/2.1.1" "112.26.71.243"
112.26.71.243 - - [12/Jul/2016:13:55:44 +0000] "GET /about/ HTTP/1.1" 200 3818 "-" "Mozilla/5.0 (Linux; U; Android 5.0.2; zh-cn; MI 2S Build/LRX22G) AppleWebKit/537.36 (KHTML, like Gecko) Version/4.0 Chrome/46.0.2490.85 Mobile Safari/537.36 XiaoMi/MiuiBrowser/2.1.1" "112.26.71.243"
112.26.71.243 - - [12/Jul/2016:13:55:44 +0000] "GET /about/ HTTP/1.1" 200 3818 "-" "Mozilla/5.0 (Linux; U; Android 5.0.2; zh-cn; MI 2S Build/LRX22G) AppleWebKit/537.36 (KHTML, like Gecko) Version/4.0 Chrome/46.0.2490.85 Mobile Safari/537.36 XiaoMi/MiuiBrowser/2.1.1" "112.26.71.243"
112.26.71.243 - - [12/Jul/2016:13:55:49 +0000] "GET /static/style/css/base.css HTTP/1.1" 200 722 "http://melvyn.pythonanywhere.com/about/" "Mozilla/5.0 (Linux; U; Android 5.0.2; zh-cn; MI 2S Build/LRX22G) AppleWebKit/537.36 (KHTML, like Gecko) Version/4.0 Chrome/46.0.2490.85 Mobile Safari/537.36 XiaoMi/MiuiBrowser/2.1.1" "112.26.71.243"
112.26.71.243 - - [12/Jul/2016:13:55:49 +0000] "GET /static/js/jquery.easing.1.3.js HTTP/1.1" 200 2027 "http://melvyn.pythonanywhere.com/about/" "Mozilla/5.0 (Linux; U; Android 5.0.2; zh-cn; MI 2S Build/LRX22G) AppleWebKit/537.36 (KHTML, like Gecko) Version/4.0 Chrome/46.0.2490.85 Mobile Safari/537.36 XiaoMi/MiuiBrowser/2.1.1" "112.26.71.243"
112.26.71.243 - - [12/Jul/2016:13:55:49 +0000] "GET /static/style/css/about.css HTTP/1.1" 200 978 "http://melvyn.pythonanywhere.com/about/" "Mozilla/5.0 (Linux; U; Android 5.0.2; zh-cn; MI 2S Build/LRX22G) AppleWebKit/537.36 (KHTML, like Gecko) Version/4.0 Chrome/46.0.2490.85 Mobile Safari/537.36 XiaoMi/MiuiBrowser/2.1.1" "112.26.71.243"
112.26.71.243 - - [12/Jul/2016:13:55:49 +0000] "GET /static/img/logo.png HTTP/1.1" 200 10965 "http://melvyn.pythonanywhere.com/about/" "Mozilla/5.0 (Linux; U; Android 5.0.2; zh-cn; MI 2S Build/LRX22G) AppleWebKit/537.36 (KHTML, like Gecko) Version/4.0 Chrome/46.0.2490.85 Mobile Safari/537.36 XiaoMi/MiuiBrowser/2.1.1" "112.26.71.243"
112.26.71.243 - - [12/Jul/2016:13:56:32 +0000] "GET /static/img/eisti-logo.png HTTP/1.1" 200 29113 "http://melvyn.pythonanywhere.com/about/" "Mozilla/5.0 (Linux; U; Android 5.0.2; zh-cn; MI 2S Build/LRX22G) AppleWebKit/537.36 (KHTML, like Gecko) Version/4.0 Chrome/46.0.2490.85 Mobile Safari/537.36 XiaoMi/MiuiBrowser/2.1.1" "112.26.71.243"
112.26.71.243 - - [12/Jul/2016:13:56:32 +0000] "GET /static/img/eisti-logo.png HTTP/1.1" 200 29113 "http://melvyn.pythonanywhere.com/about/" "Mozilla/5.0 (Linux; U; Android 5.0.2; zh-cn; MI 2S Build/LRX22G) AppleWebKit/537.36 (KHTML, like Gecko) Version/4.0 Chrome/46.0.2490.85 Mobile Safari/537.36 XiaoMi/MiuiBrowser/2.1.1" "112.26.71.243"
112.26.71.243 - - [12/Jul/2016:13:56:32 +0000] "GET /static/img/eisti-logo.png HTTP/1.1" 200 29113 "http://melvyn.pythonanywhere.com/about/" "Mozilla/5.0 (Linux; U; Android 5.0.2; zh-cn; MI 2S Build/LRX22G) AppleWebKit/537.36 (KHTML, like Gecko) Version/4.0 Chrome/46.0.2490.85 Mobile Safari/537.36 XiaoMi/MiuiBrowser/2.1.1" "112.26.71.243"
112.26.71.243 - - [12/Jul/2016:13:56:32 +0000] "GET /static/img/eisti-logo.png HTTP/1.1" 200 29113 "http://melvyn.pythonanywhere.com/about/" "Mozilla/5.0 (Linux; U; Android 5.0.2; zh-cn; MI 2S Build/LRX22G) AppleWebKit/537.36 (KHTML, like Gecko) Version/4.0 Chrome/46.0.2490.85 Mobile Safari/537.36 XiaoMi/MiuiBrowser/2.1.1" "112.26.71.243"
112.26.71.243 - - [12/Jul/2016:13:56:32 +0000] "GET /static/img/eisti-logo.png HTTP/1.1" 200 29113 "http://melvyn.pythonanywhere.com/about/" "Mozilla/5.0 (Linux; U; Android 5.0.2; zh-cn; MI 2S Build/LRX22G) AppleWebKit/537.36 (KHTML, like Gecko) Version/4.0 Chrome/46.0.2490.85 Mobile Safari/537.36 XiaoMi/MiuiBrowser/2.1.1" "112.26.71.243"
112.26.71.243 - - [12/Jul/2016:13:56:32 +0000] "GET /static/img/eisti-logo.png HTTP/1.1" 200 29113 "http://melvyn.pythonanywhere.com/about/" "Mozilla/5.0 (Linux; U; Android 5.0.2; zh-cn; MI 2S Build/LRX22G) AppleWebKit/537.36 (KHTML, like Gecko) Version/4.0 Chrome/46.0.2490.85 Mobile Safari/537.36 XiaoMi/MiuiBrowser/2.1.1" "112.26.71.243"
112.26.71.243 - - [12/Jul/2016:13:56:32 +0000] "GET /static/img/eisti-logo.png HTTP/1.1" 200 29113 "http://melvyn.pythonanywhere.com/about/" "Mozilla/5.0 (Linux; U; Android 5.0.2; zh-cn; MI 2S Build/LRX22G) AppleWebKit/537.36 (KHTML, like Gecko) Version/4.0 Chrome/46.0.2490.85 Mobile Safari/537.36 XiaoMi/MiuiBrowser/2.1.1" "112.26.71.243"
112.26.71.243 - - [12/Jul/2016:13:56:41 +0000] "GET /static/img/UCP-logo.png HTTP/1.1" 200 82900 "http://melvyn.pythonanywhere.com/about/" "Mozilla/5.0 (Linux; U; Android 5.0.2; zh-cn; MI 2S Build/LRX22G) AppleWebKit/537.36 (KHTML, like Gecko) Version/4.0 Chrome/46.0.2490.85 Mobile Safari/537.36 XiaoMi/MiuiBrowser/2.1.1" "112.26.71.243"
112.26.71.243 - - [12/Jul/2016:13:56:41 +0000] "GET /static/img/UCP-logo.png HTTP/1.1" 200 82900 "http://melvyn.pythonanywhere.com/about/" "Mozilla/5.0 (Linux; U; Android 5.0.2; zh-cn; MI 2S Build/LRX22G) AppleWebKit/537.36 (KHTML, like Gecko) Version/4.0 Chrome/46.0.2490.85 Mobile Safari/537.36 XiaoMi/MiuiBrowser/2.1.1" "112.26.71.243"
112.26.71.243 - - [12/Jul/2016:13:56:41 +0000] "GET /static/img/UCP-logo.png HTTP/1.1" 200 82900 "http://melvyn.pythonanywhere.com/about/" "Mozilla/5.0 (Linux; U; Android 5.0.2; zh-cn; MI 2S Build/LRX22G) AppleWebKit/537.36 (KHTML, like Gecko) Version/4.0 Chrome/46.0.2490.85 Mobile Safari/537.36 XiaoMi/MiuiBrowser/2.1.1" "112.26.71.243"
112.26.71.243 - - [12/Jul/2016:13:57:09 +0000] "GET /static/img/askia.png HTTP/1.1" 200 18575 "http://melvyn.pythonanywhere.com/about/" "Mozilla/5.0 (Linux; U; Android 5.0.2; zh-cn; MI 2S Build/LRX22G) AppleWebKit/537.36 (KHTML, like Gecko) Version/4.0 Chrome/46.0.2490.85 Mobile Safari/537.36 XiaoMi/MiuiBrowser/2.1.1" "112.26.71.243"
112.26.71.243 - - [12/Jul/2016:13:57:12 +0000] "GET /static/img/blog.png HTTP/1.1" 200 359779 "http://melvyn.pythonanywhere.com/about/" "Mozilla/5.0 (Linux; U; Android 5.0.2; zh-cn; MI 2S Build/LRX22G) AppleWebKit/537.36 (KHTML, like Gecko) Version/4.0 Chrome/46.0.2490.85 Mobile Safari/537.36 XiaoMi/MiuiBrowser/2.1.1" "112.26.71.243"
112.26.71.243 - - [12/Jul/2016:13:57:09 +0000] "GET /static/img/askia.png HTTP/1.1" 200 18575 "http://melvyn.pythonanywhere.com/about/" "Mozilla/5.0 (Linux; U; Android 5.0.2; zh-cn; MI 2S Build/LRX22G) AppleWebKit/537.36 (KHTML, like Gecko) Version/4.0 Chrome/46.0.2490.85 Mobile Safari/537.36 XiaoMi/MiuiBrowser/2.1.1" "112.26.71.243"
