104.237.86.82 - - [22/Jul/2016:13:32:11 +0000] "GET /posts/2/ HTTP/1.1" 200 3719 "http://melvyn.pythonanywhere.com/posts/" "Mozilla/5.0 (Windows NT 10.0; Win64; x64) AppleWebKit/537.36 (KHTML, like Gecko) Chrome/52.0.2743.82 Safari/537.36" "104.237.86.82"
104.237.86.82 - - [22/Jul/2016:13:32:11 +0000] "GET /static/style/css/post.css HTTP/1.1" 200 305 "http://melvyn.pythonanywhere.com/posts/2/" "Mozilla/5.0 (Windows NT 10.0; Win64; x64) AppleWebKit/537.36 (KHTML, like Gecko) Chrome/52.0.2743.82 Safari/537.36" "104.237.86.82"
104.237.86.82 - - [22/Jul/2016:13:32:11 +0000] "GET /uploads/illustrations/pie_win_rate.png HTTP/1.1" 200 35657 "http://melvyn.pythonanywhere.com/posts/2/" "Mozilla/5.0 (Windows NT 10.0; Win64; x64) AppleWebKit/537.36 (KHTML, like Gecko) Chrome/52.0.2743.82 Safari/537.36" "104.237.86.82"
104.237.86.82 - - [22/Jul/2016:13:32:11 +0000] "GET /uploads/illustrations/column_win_rate.png HTTP/1.1" 200 19205 "http://melvyn.pythonanywhere.com/posts/2/" "Mozilla/5.0 (Windows NT 10.0; Win64; x64) AppleWebKit/537.36 (KHTML, like Gecko) Chrome/52.0.2743.82 Safari/537.36" "104.237.86.82"
64.233.173.215 - - [22/Jul/2016:13:32:22 +0000] "GET /about HTTP/1.1" 301 5 "http://melvyn.pythonanywhere.com/" "Mozilla/5.0 (Linux; Android 6.0; Lenovo A7000-a Build/MRA58K) AppleWebKit/537.36 (KHTML, like Gecko) Chrome/51.0.2704.81 Mobile Safari/537.36" "106.66.53.213, 64.233.173.215"
64.233.173.215 - - [22/Jul/2016:13:32:23 +0000] "GET /about/ HTTP/1.1" 200 3818 "http://melvyn.pythonanywhere.com/" "Mozilla/5.0 (Linux; Android 6.0; Lenovo A7000-a Build/MRA58K) AppleWebKit/537.36 (KHTML, like Gecko) Chrome/51.0.2704.81 Mobile Safari/537.36" "106.66.53.213, 64.233.173.215"
64.233.173.223 - - [22/Jul/2016:13:32:24 +0000] "GET /static/img/melvyn_peignon.jpg HTTP/1.1" 200 19770 "http://melvyn.pythonanywhere.com/about/" "Mozilla/5.0 (Linux; Android 6.0; Lenovo A7000-a Build/MRA58K) AppleWebKit/537.36 (KHTML, like Gecko) Chrome/51.0.2704.81 Mobile Safari/537.36" "106.66.53.213, 64.233.173.223"
64.233.173.215 - - [22/Jul/2016:13:32:24 +0000] "GET /static/style/css/about.css HTTP/1.1" 200 978 "http://melvyn.pythonanywhere.com/about/" "Mozilla/5.0 (Linux; Android 6.0; Lenovo A7000-a Build/MRA58K) AppleWebKit/537.36 (KHTML, like Gecko) Chrome/51.0.2704.81 Mobile Safari/537.36" "106.66.53.213, 64.233.173.215"
64.233.173.215 - - [22/Jul/2016:13:32:25 +0000] "GET /static/img/eisti-logo.png HTTP/1.1" 200 29113 "http://melvyn.pythonanywhere.com/about/" "Mozilla/5.0 (Linux; Android 6.0; Lenovo A7000-a Build/MRA58K) AppleWebKit/537.36 (KHTML, like Gecko) Chrome/51.0.2704.81 Mobile Safari/537.36" "106.66.53.213, 64.233.173.215"
64.233.173.215 - - [22/Jul/2016:13:32:25 +0000] "GET /static/img/rey-logo.png HTTP/1.1" 200 7656 "http://melvyn.pythonanywhere.com/about/" "Mozilla/5.0 (Linux; Android 6.0; Lenovo A7000-a Build/MRA58K) AppleWebKit/537.36 (KHTML, like Gecko) Chrome/51.0.2704.81 Mobile Safari/537.36" "106.66.53.213, 64.233.173.215"
64.233.173.215 - - [22/Jul/2016:13:32:25 +0000] "GET /static/img/blog.png HTTP/1.1" 200 359779 "http://melvyn.pythonanywhere.com/about/" "Mozilla/5.0 (Linux; Android 6.0; Lenovo A7000-a Build/MRA58K) AppleWebKit/537.36 (KHTML, like Gecko) Chrome/51.0.2704.81 Mobile Safari/537.36" "106.66.53.213, 64.233.173.215"
64.233.173.219 - - [22/Jul/2016:13:32:25 +0000] "GET /static/img/Warner.png HTTP/1.1" 200 114363 "http://melvyn.pythonanywhere.com/about/" "Mozilla/5.0 (Linux; Android 6.0; Lenovo A7000-a Build/MRA58K) AppleWebKit/537.36 (KHTML, like Gecko) Chrome/51.0.2704.81 Mobile Safari/537.36" "106.66.53.213, 64.233.173.219"
64.233.173.215 - - [22/Jul/2016:13:32:25 +0000] "GET /static/img/yanport.gif HTTP/1.1" 200 6859 "http://melvyn.pythonanywhere.com/about/" "Mozilla/5.0 (Linux; Android 6.0; Lenovo A7000-a Build/MRA58K) AppleWebKit/537.36 (KHTML, like Gecko) Chrome/51.0.2704.81 Mobile Safari/537.36" "106.66.53.213, 64.233.173.215"
64.233.173.219 - - [22/Jul/2016:13:32:25 +0000] "GET /static/img/askia.png HTTP/1.1" 200 18575 "http://melvyn.pythonanywhere.com/about/" "Mozilla/5.0 (Linux; Android 6.0; Lenovo A7000-a Build/MRA58K) AppleWebKit/537.36 (KHTML, like Gecko) Chrome/51.0.2704.81 Mobile Safari/537.36" "106.66.53.213, 64.233.173.219"
64.233.173.219 - - [22/Jul/2016:13:32:26 +0000] "GET /static/img/UCP-logo.png HTTP/1.1" 200 82900 "http://melvyn.pythonanywhere.com/about/" "Mozilla/5.0 (Linux; Android 6.0; Lenovo A7000-a Build/MRA58K) AppleWebKit/537.36 (KHTML, like Gecko) Chrome/51.0.2704.81 Mobile Safari/537.36" "106.66.53.213, 64.233.173.219"
64.233.173.215 - - [22/Jul/2016:13:32:26 +0000] "GET /static/img/logo-phone.png HTTP/1.1" 200 1996 "http://melvyn.pythonanywhere.com/static/style/css/base.css" "Mozilla/5.0 (Linux; Android 6.0; Lenovo A7000-a Build/MRA58K) AppleWebKit/537.36 (KHTML, like Gecko) Chrome/51.0.2704.81 Mobile Safari/537.36" "106.66.53.213, 64.233.173.215"
64.233.173.223 - - [22/Jul/2016:13:32:26 +0000] "GET /static/img/github-logo.png HTTP/1.1" 200 3347 "http://melvyn.pythonanywhere.com/static/style/css/about.css" "Mozilla/5.0 (Linux; Android 6.0; Lenovo A7000-a Build/MRA58K) AppleWebKit/537.36 (KHTML, like Gecko) Chrome/51.0.2704.81 Mobile Safari/537.36" "106.66.53.213, 64.233.173.223"
64.233.173.215 - - [22/Jul/2016:13:32:26 +0000] "GET /static/img/sm-linkedin-icon.png HTTP/1.1" 200 1115 "http://melvyn.pythonanywhere.com/static/style/css/about.css" "Mozilla/5.0 (Linux; Android 6.0; Lenovo A7000-a Build/MRA58K) AppleWebKit/537.36 (KHTML, like Gecko) Chrome/51.0.2704.81 Mobile Safari/537.36" "106.66.53.213, 64.233.173.215"
64.233.173.219 - - [22/Jul/2016:13:32:26 +0000] "GET /static/img/position-logo.png HTTP/1.1" 200 1676 "http://melvyn.pythonanywhere.com/static/style/css/base.css" "Mozilla/5.0 (Linux; Android 6.0; Lenovo A7000-a Build/MRA58K) AppleWebKit/537.36 (KHTML, like Gecko) Chrome/51.0.2704.81 Mobile Safari/537.36" "106.66.53.213, 64.233.173.219"
64.233.173.215 - - [22/Jul/2016:13:32:26 +0000] "GET /static/img/divider.png HTTP/1.1" 200 939 "http://melvyn.pythonanywhere.com/static/style/css/base.css" "Mozilla/5.0 (Linux; Android 6.0; Lenovo A7000-a Build/MRA58K) AppleWebKit/537.36 (KHTML, like Gecko) Chrome/51.0.2704.81 Mobile Safari/537.36" "106.66.53.213, 64.233.173.215"
64.233.173.215 - - [22/Jul/2016:13:32:26 +0000] "GET /static/img/currency_arbitrage.png HTTP/1.1" 200 58574 "http://melvyn.pythonanywhere.com/about/" "Mozilla/5.0 (Linux; Android 6.0; Lenovo A7000-a Build/MRA58K) AppleWebKit/537.36 (KHTML, like Gecko) Chrome/51.0.2704.81 Mobile Safari/537.36" "106.66.53.213, 64.233.173.215"
64.233.173.215 - - [22/Jul/2016:13:32:26 +0000] "GET /static/img/h2ces.png HTTP/1.1" 200 22074 "http://melvyn.pythonanywhere.com/about/" "Mozilla/5.0 (Linux; Android 6.0; Lenovo A7000-a Build/MRA58K) AppleWebKit/537.36 (KHTML, like Gecko) Chrome/51.0.2704.81 Mobile Safari/537.36" "106.66.53.213, 64.233.173.215"
64.233.173.223 - - [22/Jul/2016:13:32:26 +0000] "GET /static/img/mail-logo.png HTTP/1.1" 200 2088 "http://melvyn.pythonanywhere.com/static/style/css/base.css" "Mozilla/5.0 (Linux; Android 6.0; Lenovo A7000-a Build/MRA58K) AppleWebKit/537.36 (KHTML, like Gecko) Chrome/51.0.2704.81 Mobile Safari/537.36" "106.66.53.213, 64.233.173.223"
175.209.163.99 - - [22/Jul/2016:13:35:41 +0000] "GET /static/img/home_illustration.png HTTP/1.1" 200 819937 "http://melvyn.pythonanywhere.com/" "Mozilla/5.0 (iPad; CPU OS 9_3_2 like Mac OS X) AppleWebKit/601.1.46 (KHTML, like Gecko) Version/9.0 Mobile/13F69 Safari/601.1" "175.209.163.99"
175.209.163.99 - - [22/Jul/2016:13:35:47 +0000] "GET /about HTTP/1.1" 301 5 "http://melvyn.pythonanywhere.com/" "Mozilla/5.0 (iPad; CPU OS 9_3_2 like Mac OS X) AppleWebKit/601.1.46 (KHTML, like Gecko) Version/9.0 Mobile/13F69 Safari/601.1" "175.209.163.99"
175.209.163.99 - - [22/Jul/2016:13:35:47 +0000] "GET /about/ HTTP/1.1" 200 3818 "http://melvyn.pythonanywhere.com/" "Mozilla/5.0 (iPad; CPU OS 9_3_2 like Mac OS X) AppleWebKit/601.1.46 (KHTML, like Gecko) Version/9.0 Mobile/13F69 Safari/601.1" "175.209.163.99"
175.209.163.99 - - [22/Jul/2016:13:35:48 +0000] "GET /static/style/css/about.css HTTP/1.1" 200 978 "http://melvyn.pythonanywhere.com/about/" "Mozilla/5.0 (iPad; CPU OS 9_3_2 like Mac OS X) AppleWebKit/601.1.46 (KHTML, like Gecko) Version/9.0 Mobile/13F69 Safari/601.1" "175.209.163.99"
175.209.163.99 - - [22/Jul/2016:13:35:48 +0000] "GET /static/img/melvyn_peignon.jpg HTTP/1.1" 200 19770 "http://melvyn.pythonanywhere.com/about/" "Mozilla/5.0 (iPad; CPU OS 9_3_2 like Mac OS X) AppleWebKit/601.1.46 (KHTML, like Gecko) Version/9.0 Mobile/13F69 Safari/601.1" "175.209.163.99"
175.209.163.99 - - [22/Jul/2016:13:35:48 +0000] "GET /static/img/eisti-logo.png HTTP/1.1" 200 29113 "http://melvyn.pythonanywhere.com/about/" "Mozilla/5.0 (iPad; CPU OS 9_3_2 like Mac OS X) AppleWebKit/601.1.46 (KHTML, like Gecko) Version/9.0 Mobile/13F69 Safari/601.1" "175.209.163.99"
175.209.163.99 - - [22/Jul/2016:13:35:48 +0000] "GET /static/img/UCP-logo.png HTTP/1.1" 200 82900 "http://melvyn.pythonanywhere.com/about/" "Mozilla/5.0 (iPad; CPU OS 9_3_2 like Mac OS X) AppleWebKit/601.1.46 (KHTML, like Gecko) Version/9.0 Mobile/13F69 Safari/601.1" "175.209.163.99"
175.209.163.99 - - [22/Jul/2016:13:35:48 +0000] "GET /static/img/yanport.gif HTTP/1.1" 200 6859 "http://melvyn.pythonanywhere.com/about/" "Mozilla/5.0 (iPad; CPU OS 9_3_2 like Mac OS X) AppleWebKit/601.1.46 (KHTML, like Gecko) Version/9.0 Mobile/13F69 Safari/601.1" "175.209.163.99"
175.209.163.99 - - [22/Jul/2016:13:35:48 +0000] "GET /static/img/askia.png HTTP/1.1" 200 18575 "http://melvyn.pythonanywhere.com/about/" "Mozilla/5.0 (iPad; CPU OS 9_3_2 like Mac OS X) AppleWebKit/601.1.46 (KHTML, like Gecko) Version/9.0 Mobile/13F69 Safari/601.1" "175.209.163.99"
175.209.163.99 - - [22/Jul/2016:13:35:48 +0000] "GET /static/img/blog.png HTTP/1.1" 200 359779 "http://melvyn.pythonanywhere.com/about/" "Mozilla/5.0 (iPad; CPU OS 9_3_2 like Mac OS X) AppleWebKit/601.1.46 (KHTML, like Gecko) Version/9.0 Mobile/13F69 Safari/601.1" "175.209.163.99"
175.209.163.99 - - [22/Jul/2016:13:35:48 +0000] "GET /static/img/h2ces.png HTTP/1.1" 200 22074 "http://melvyn.pythonanywhere.com/about/" "Mozilla/5.0 (iPad; CPU OS 9_3_2 like Mac OS X) AppleWebKit/601.1.46 (KHTML, like Gecko) Version/9.0 Mobile/13F69 Safari/601.1" "175.209.163.99"
175.209.163.99 - - [22/Jul/2016:13:35:48 +0000] "GET /static/img/rey-logo.png HTTP/1.1" 200 7656 "http://melvyn.pythonanywhere.com/about/" "Mozilla/5.0 (iPad; CPU OS 9_3_2 like Mac OS X) AppleWebKit/601.1.46 (KHTML, like Gecko) Version/9.0 Mobile/13F69 Safari/601.1" "175.209.163.99"
175.209.163.99 - - [22/Jul/2016:13:35:48 +0000] "GET /static/img/currency_arbitrage.png HTTP/1.1" 200 58574 "http://melvyn.pythonanywhere.com/about/" "Mozilla/5.0 (iPad; CPU OS 9_3_2 like Mac OS X) AppleWebKit/601.1.46 (KHTML, like Gecko) Version/9.0 Mobile/13F69 Safari/601.1" "175.209.163.99"
175.209.163.99 - - [22/Jul/2016:13:35:48 +0000] "GET /static/img/Warner.png HTTP/1.1" 200 114363 "http://melvyn.pythonanywhere.com/about/" "Mozilla/5.0 (iPad; CPU OS 9_3_2 like Mac OS X) AppleWebKit/601.1.46 (KHTML, like Gecko) Version/9.0 Mobile/13F69 Safari/601.1" "175.209.163.99"
175.209.163.99 - - [22/Jul/2016:13:35:48 +0000] "GET /static/img/divider.png HTTP/1.1" 200 939 "http://melvyn.pythonanywhere.com/about/" "Mozilla/5.0 (iPad; CPU OS 9_3_2 like Mac OS X) AppleWebKit/601.1.46 (KHTML, like Gecko) Version/9.0 Mobile/13F69 Safari/601.1" "175.209.163.99"
175.209.163.99 - - [22/Jul/2016:13:35:48 +0000] "GET /static/img/sm-linkedin-icon.png HTTP/1.1" 200 1115 "http://melvyn.pythonanywhere.com/about/" "Mozilla/5.0 (iPad; CPU OS 9_3_2 like Mac OS X) AppleWebKit/601.1.46 (KHTML, like Gecko) Version/9.0 Mobile/13F69 Safari/601.1" "175.209.163.99"
175.209.163.99 - - [22/Jul/2016:13:35:48 +0000] "GET /static/img/github-logo.png HTTP/1.1" 200 3347 "http://melvyn.pythonanywhere.com/about/" "Mozilla/5.0 (iPad; CPU OS 9_3_2 like Mac OS X) AppleWebKit/601.1.46 (KHTML, like Gecko) Version/9.0 Mobile/13F69 Safari/601.1" "175.209.163.99"
175.209.163.99 - - [22/Jul/2016:13:35:49 +0000] "GET /static/img/mail-logo.png HTTP/1.1" 200 2088 "http://melvyn.pythonanywhere.com/about/" "Mozilla/5.0 (iPad; CPU OS 9_3_2 like Mac OS X) AppleWebKit/601.1.46 (KHTML, like Gecko) Version/9.0 Mobile/13F69 Safari/601.1" "175.209.163.99"
175.209.163.99 - - [22/Jul/2016:13:35:49 +0000] "GET /static/img/position-logo.png HTTP/1.1" 200 1676 "http://melvyn.pythonanywhere.com/about/" "Mozilla/5.0 (iPad; CPU OS 9_3_2 like Mac OS X) AppleWebKit/601.1.46 (KHTML, like Gecko) Version/9.0 Mobile/13F69 Safari/601.1" "175.209.163.99"
175.209.163.99 - - [22/Jul/2016:13:35:49 +0000] "GET /static/img/logo-phone.png HTTP/1.1" 200 1996 "http://melvyn.pythonanywhere.com/about/" "Mozilla/5.0 (iPad; CPU OS 9_3_2 like Mac OS X) AppleWebKit/601.1.46 (KHTML, like Gecko) Version/9.0 Mobile/13F69 Safari/601.1" "175.209.163.99"
175.209.163.99 - - [22/Jul/2016:13:35:48 +0000] "GET /static/img/askia.png HTTP/1.1" 200 18575 "http://melvyn.pythonanywhere.com/about/" "Mozilla/5.0 (iPad; CPU OS 9_3_2 like Mac OS X) AppleWebKit/601.1.46 (KHTML, like Gecko) Version/9.0 Mobile/13F69 Safari/601.1" "175.209.163.99"
175.209.163.99 - - [22/Jul/2016:13:35:48 +0000] "GET /static/img/blog.png HTTP/1.1" 200 359779 "http://melvyn.pythonanywhere.com/about/" "Mozilla/5.0 (iPad; CPU OS 9_3_2 like Mac OS X) AppleWebKit/601.1.46 (KHTML, like Gecko) Version/9.0 Mobile/13F69 Safari/601.1" "175.209.163.99"
175.209.163.99 - - [22/Jul/2016:13:35:48 +0000] "GET /static/img/h2ces.png HTTP/1.1" 200 22074 "http://melvyn.pythonanywhere.com/about/" "Mozilla/5.0 (iPad; CPU OS 9_3_2 like Mac OS X) AppleWebKit/601.1.46 (KHTML, like Gecko) Version/9.0 Mobile/13F69 Safari/601.1" "175.209.163.99"
175.209.163.99 - - [22/Jul/2016:13:35:48 +0000] "GET /static/img/rey-logo.png HTTP/1.1" 200 7656 "http://melvyn.pythonanywhere.com/about/" "Mozilla/5.0 (iPad; CPU OS 9_3_2 like Mac OS X) AppleWebKit/601.1.46 (KHTML, like Gecko) Version/9.0 Mobile/13F69 Safari/601.1" "175.209.163.99"
175.209.163.99 - - [22/Jul/2016:13:35:48 +0000] "GET /static/img/currency_arbitrage.png HTTP/1.1" 200 58574 "http://melvyn.pythonanywhere.com/about/" "Mozilla/5.0 (iPad; CPU OS 9_3_2 like Mac OS X) AppleWebKit/601.1.46 (KHTML, like Gecko) Version/9.0 Mobile/13F69 Safari/601.1" "175.209.163.99"
175.209.163.99 - - [22/Jul/2016:13:35:48 +0000] "GET /static/img/Warner.png HTTP/1.1" 200 114363 "http://melvyn.pythonanywhere.com/about/" "Mozilla/5.0 (iPad; CPU OS 9_3_2 like Mac OS X) AppleWebKit/601.1.46 (KHTML, like Gecko) Version/9.0 Mobile/13F69 Safari/601.1" "175.209.163.99"
175.209.163.99 - - [22/Jul/2016:13:35:48 +0000] "GET /static/img/divider.png HTTP/1.1" 200 939 "http://melvyn.pythonanywhere.com/about/" "Mozilla/5.0 (iPad; CPU OS 9_3_2 like Mac OS X) AppleWebKit/601.1.46 (KHTML, like Gecko) Version/9.0 Mobile/13F69 Safari/601.1" "175.209.163.99"
175.209.163.99 - - [22/Jul/2016:13:35:48 +0000] "GET /static/img/sm-linkedin-icon.png HTTP/1.1" 200 1115 "http://melvyn.pythonanywhere.com/about/" "Mozilla/5.0 (iPad; CPU OS 9_3_2 like Mac OS X) AppleWebKit/601.1.46 (KHTML, like Gecko) Version/9.0 Mobile/13F69 Safari/601.1" "175.209.163.99"
175.209.163.99 - - [22/Jul/2016:13:35:48 +0000] "GET /static/img/github-logo.png HTTP/1.1" 200 3347 "http://melvyn.pythonanywhere.com/about/" "Mozilla/5.0 (iPad; CPU OS 9_3_2 like Mac OS X) AppleWebKit/601.1.46 (KHTML, like Gecko) Version/9.0 Mobile/13F69 Safari/601.1" "175.209.163.99"
175.209.163.99 - - [22/Jul/2016:13:35:49 +0000] "GET /static/img/mail-logo.png HTTP/1.1" 200 2088 "http://melvyn.pythonanywhere.com/about/" "Mozilla/5.0 (iPad; CPU OS 9_3_2 like Mac OS X) AppleWebKit/601.1.46 (KHTML, like Gecko) Version/9.0 Mobile/13F69 Safari/601.1" "175.209.163.99"
175.209.163.99 - - [22/Jul/2016:13:35:49 +0000] "GET /static/img/position-logo.png HTTP/1.1" 200 1676 "http://melvyn.pythonanywhere.com/about/" "Mozilla/5.0 (iPad; CPU OS 9_3_2 like Mac OS X) AppleWebKit/601.1.46 (KHTML, like Gecko) Version/9.0 Mobile/13F69 Safari/601.1" "175.209.163.99"
175.209.163.99 - - [22/Jul/2016:13:35:49 +0000] "GET /static/img/logo-phone.png HTTP/1.1" 200 1996 "http://melvyn.pythonanywhere.com/about/" "Mozilla/5.0 (iPad; CPU OS 9_3_2 like Mac OS X) AppleWebKit/601.1.46 (KHTML, like Gecko) Version/9.0 Mobile/13F69 Safari/601.1" "175.209.163.99"
175.209.163.99 - - [22/Jul/2016:13:35:48 +0000] "GET /static/img/askia.png HTTP/1.1" 200 18575 "http://melvyn.pythonanywhere.com/about/" "Mozilla/5.0 (iPad; CPU OS 9_3_2 like Mac OS X) AppleWebKit/601.1.46 (KHTML, like Gecko) Version/9.0 Mobile/13F69 Safari/601.1" "175.209.163.99"
175.209.163.99 - - [22/Jul/2016:13:35:48 +0000] "GET /static/img/blog.png HTTP/1.1" 200 359779 "http://melvyn.pythonanywhere.com/about/" "Mozilla/5.0 (iPad; CPU OS 9_3_2 like Mac OS X) AppleWebKit/601.1.46 (KHTML, like Gecko) Version/9.0 Mobile/13F69 Safari/601.1" "175.209.163.99"
175.209.163.99 - - [22/Jul/2016:13:35:48 +0000] "GET /static/img/h2ces.png HTTP/1.1" 200 22074 "http://melvyn.pythonanywhere.com/about/" "Mozilla/5.0 (iPad; CPU OS 9_3_2 like Mac OS X) AppleWebKit/601.1.46 (KHTML, like Gecko) Version/9.0 Mobile/13F69 Safari/601.1" "175.209.163.99"
175.209.163.99 - - [22/Jul/2016:13:35:48 +0000] "GET /static/img/rey-logo.png HTTP/1.1" 200 7656 "http://melvyn.pythonanywhere.com/about/" "Mozilla/5.0 (iPad; CPU OS 9_3_2 like Mac OS X) AppleWebKit/601.1.46 (KHTML, like Gecko) Version/9.0 Mobile/13F69 Safari/601.1" "175.209.163.99"
175.209.163.99 - - [22/Jul/2016:13:35:48 +0000] "GET /static/img/currency_arbitrage.png HTTP/1.1" 200 58574 "http://melvyn.pythonanywhere.com/about/" "Mozilla/5.0 (iPad; CPU OS 9_3_2 like Mac OS X) AppleWebKit/601.1.46 (KHTML, like Gecko) Version/9.0 Mobile/13F69 Safari/601.1" "175.209.163.99"
175.209.163.99 - - [22/Jul/2016:13:35:48 +0000] "GET /static/img/Warner.png HTTP/1.1" 200 114363 "http://melvyn.pythonanywhere.com/about/" "Mozilla/5.0 (iPad; CPU OS 9_3_2 like Mac OS X) AppleWebKit/601.1.46 (KHTML, like Gecko) Version/9.0 Mobile/13F69 Safari/601.1" "175.209.163.99"
175.209.163.99 - - [22/Jul/2016:13:35:48 +0000] "GET /static/img/divider.png HTTP/1.1" 200 939 "http://melvyn.pythonanywhere.com/about/" "Mozilla/5.0 (iPad; CPU OS 9_3_2 like Mac OS X) AppleWebKit/601.1.46 (KHTML, like Gecko) Version/9.0 Mobile/13F69 Safari/601.1" "175.209.163.99"
175.209.163.99 - - [22/Jul/2016:13:35:48 +0000] "GET /static/img/sm-linkedin-icon.png HTTP/1.1" 200 1115 "http://melvyn.pythonanywhere.com/about/" "Mozilla/5.0 (iPad; CPU OS 9_3_2 like Mac OS X) AppleWebKit/601.1.46 (KHTML, like Gecko) Version/9.0 Mobile/13F69 Safari/601.1" "175.209.163.99"
175.209.163.99 - - [22/Jul/2016:13:35:48 +0000] "GET /static/img/github-logo.png HTTP/1.1" 200 3347 "http://melvyn.pythonanywhere.com/about/" "Mozilla/5.0 (iPad; CPU OS 9_3_2 like Mac OS X) AppleWebKit/601.1.46 (KHTML, like Gecko) Version/9.0 Mobile/13F69 Safari/601.1" "175.209.163.99"
175.209.163.99 - - [22/Jul/2016:13:35:49 +0000] "GET /static/img/mail-logo.png HTTP/1.1" 200 2088 "http://melvyn.pythonanywhere.com/about/" "Mozilla/5.0 (iPad; CPU OS 9_3_2 like Mac OS X) AppleWebKit/601.1.46 (KHTML, like Gecko) Version/9.0 Mobile/13F69 Safari/601.1" "175.209.163.99"
175.209.163.99 - - [22/Jul/2016:13:35:49 +0000] "GET /static/img/position-logo.png HTTP/1.1" 200 1676 "http://melvyn.pythonanywhere.com/about/" "Mozilla/5.0 (iPad; CPU OS 9_3_2 like Mac OS X) AppleWebKit/601.1.46 (KHTML, like Gecko) Version/9.0 Mobile/13F69 Safari/601.1" "175.209.163.99"
175.209.163.99 - - [22/Jul/2016:13:35:49 +0000] "GET /static/img/logo-phone.png HTTP/1.1" 200 1996 "http://melvyn.pythonanywhere.com/about/" "Mozilla/5.0 (iPad; CPU OS 9_3_2 like Mac OS X) AppleWebKit/601.1.46 (KHTML, like Gecko) Version/9.0 Mobile/13F69 Safari/601.1" "175.209.163.99"
197.157.232.254 - - [22/Jul/2016:13:43:29 +0000] "GET / HTTP/1.1" 200 1041 "-" "Mozilla/5.0 (Macintosh; Intel Mac OS X 10_10_5) AppleWebKit/537.36 (KHTML, like Gecko) Chrome/51.0.2704.103 Safari/537.36" "197.157.232.254"
197.157.232.254 - - [22/Jul/2016:13:43:30 +0000] "GET /static/style/css/base.css HTTP/1.1" 200 722 "http://melvyn.pythonanywhere.com/" "Mozilla/5.0 (Macintosh; Intel Mac OS X 10_10_5) AppleWebKit/537.36 (KHTML, like Gecko) Chrome/51.0.2704.103 Safari/537.36" "197.157.232.254"
197.157.232.254 - - [22/Jul/2016:13:43:30 +0000] "GET /static/js/jquery.easing.1.3.js HTTP/1.1" 200 2027 "http://melvyn.pythonanywhere.com/" "Mozilla/5.0 (Macintosh; Intel Mac OS X 10_10_5) AppleWebKit/537.36 (KHTML, like Gecko) Chrome/51.0.2704.103 Safari/537.36" "197.157.232.254"
197.157.232.254 - - [22/Jul/2016:13:43:30 +0000] "GET /static/style/css/home.css HTTP/1.1" 200 578 "http://melvyn.pythonanywhere.com/" "Mozilla/5.0 (Macintosh; Intel Mac OS X 10_10_5) AppleWebKit/537.36 (KHTML, like Gecko) Chrome/51.0.2704.103 Safari/537.36" "197.157.232.254"
197.157.232.254 - - [22/Jul/2016:13:43:32 +0000] "GET /static/img/logo.png HTTP/1.1" 200 10965 "http://melvyn.pythonanywhere.com/" "Mozilla/5.0 (Macintosh; Intel Mac OS X 10_10_5) AppleWebKit/537.36 (KHTML, like Gecko) Chrome/51.0.2704.103 Safari/537.36" "197.157.232.254"
197.157.232.254 - - [22/Jul/2016:13:43:32 +0000] "GET /static/img/home_illustration.png HTTP/1.1" 200 819937 "http://melvyn.pythonanywhere.com/static/style/css/home.css" "Mozilla/5.0 (Macintosh; Intel Mac OS X 10_10_5) AppleWebKit/537.36 (KHTML, like Gecko) Chrome/51.0.2704.103 Safari/537.36" "197.157.232.254"
49.204.128.7 - - [22/Jul/2016:14:00:49 +0000] "GET / HTTP/1.1" 200 1041 "-" "Mozilla/5.0 (Windows NT 10.0; WOW64) AppleWebKit/537.36 (KHTML, like Gecko) Chrome/51.0.2704.103 Safari/537.36" "49.204.128.7"
49.204.128.7 - - [22/Jul/2016:14:00:49 +0000] "GET /static/style/css/base.css HTTP/1.1" 200 722 "http://melvyn.pythonanywhere.com/" "Mozilla/5.0 (Windows NT 10.0; WOW64) AppleWebKit/537.36 (KHTML, like Gecko) Chrome/51.0.2704.103 Safari/537.36" "49.204.128.7"
49.204.128.7 - - [22/Jul/2016:14:00:49 +0000] "GET /static/js/jquery.easing.1.3.js HTTP/1.1" 200 2027 "http://melvyn.pythonanywhere.com/" "Mozilla/5.0 (Windows NT 10.0; WOW64) AppleWebKit/537.36 (KHTML, like Gecko) Chrome/51.0.2704.103 Safari/537.36" "49.204.128.7"
49.204.128.7 - - [22/Jul/2016:14:00:49 +0000] "GET /static/style/css/home.css HTTP/1.1" 200 578 "http://melvyn.pythonanywhere.com/" "Mozilla/5.0 (Windows NT 10.0; WOW64) AppleWebKit/537.36 (KHTML, like Gecko) Chrome/51.0.2704.103 Safari/537.36" "49.204.128.7"
49.204.128.7 - - [22/Jul/2016:14:00:50 +0000] "GET /static/img/logo.png HTTP/1.1" 200 10965 "http://melvyn.pythonanywhere.com/" "Mozilla/5.0 (Windows NT 10.0; WOW64) AppleWebKit/537.36 (KHTML, like Gecko) Chrome/51.0.2704.103 Safari/537.36" "49.204.128.7"
49.204.128.7 - - [22/Jul/2016:14:00:50 +0000] "GET /static/img/home_illustration.png HTTP/1.1" 200 819937 "http://melvyn.pythonanywhere.com/static/style/css/home.css" "Mozilla/5.0 (Windows NT 10.0; WOW64) AppleWebKit/537.36 (KHTML, like Gecko) Chrome/51.0.2704.103 Safari/537.36" "49.204.128.7"
49.204.128.7 - - [22/Jul/2016:14:01:00 +0000] "GET /about HTTP/1.1" 301 5 "http://melvyn.pythonanywhere.com/" "Mozilla/5.0 (Windows NT 10.0; WOW64) AppleWebKit/537.36 (KHTML, like Gecko) Chrome/51.0.2704.103 Safari/537.36" "49.204.128.7"
49.204.128.7 - - [22/Jul/2016:14:01:00 +0000] "GET /about/ HTTP/1.1" 200 3818 "http://melvyn.pythonanywhere.com/" "Mozilla/5.0 (Windows NT 10.0; WOW64) AppleWebKit/537.36 (KHTML, like Gecko) Chrome/51.0.2704.103 Safari/537.36" "49.204.128.7"
49.204.128.7 - - [22/Jul/2016:14:01:01 +0000] "GET /static/style/css/about.css HTTP/1.1" 200 978 "http://melvyn.pythonanywhere.com/about/" "Mozilla/5.0 (Windows NT 10.0; WOW64) AppleWebKit/537.36 (KHTML, like Gecko) Chrome/51.0.2704.103 Safari/537.36" "49.204.128.7"
49.204.128.7 - - [22/Jul/2016:14:01:01 +0000] "GET /static/img/melvyn_peignon.jpg HTTP/1.1" 200 19770 "http://melvyn.pythonanywhere.com/about/" "Mozilla/5.0 (Windows NT 10.0; WOW64) AppleWebKit/537.36 (KHTML, like Gecko) Chrome/51.0.2704.103 Safari/537.36" "49.204.128.7"
49.204.128.7 - - [22/Jul/2016:14:01:01 +0000] "GET /static/img/UCP-logo.png HTTP/1.1" 200 82900 "http://melvyn.pythonanywhere.com/about/" "Mozilla/5.0 (Windows NT 10.0; WOW64) AppleWebKit/537.36 (KHTML, like Gecko) Chrome/51.0.2704.103 Safari/537.36" "49.204.128.7"
49.204.128.7 - - [22/Jul/2016:14:01:01 +0000] "GET /static/img/eisti-logo.png HTTP/1.1" 200 29113 "http://melvyn.pythonanywhere.com/about/" "Mozilla/5.0 (Windows NT 10.0; WOW64) AppleWebKit/537.36 (KHTML, like Gecko) Chrome/51.0.2704.103 Safari/537.36" "49.204.128.7"
49.204.128.7 - - [22/Jul/2016:14:01:02 +0000] "GET /static/img/askia.png HTTP/1.1" 200 18575 "http://melvyn.pythonanywhere.com/about/" "Mozilla/5.0 (Windows NT 10.0; WOW64) AppleWebKit/537.36 (KHTML, like Gecko) Chrome/51.0.2704.103 Safari/537.36" "49.204.128.7"
49.204.128.7 - - [22/Jul/2016:14:01:02 +0000] "GET /static/img/blog.png HTTP/1.1" 200 359779 "http://melvyn.pythonanywhere.com/about/" "Mozilla/5.0 (Windows NT 10.0; WOW64) AppleWebKit/537.36 (KHTML, like Gecko) Chrome/51.0.2704.103 Safari/537.36" "49.204.128.7"
49.204.128.7 - - [22/Jul/2016:14:01:02 +0000] "GET /static/img/h2ces.png HTTP/1.1" 200 22074 "http://melvyn.pythonanywhere.com/about/" "Mozilla/5.0 (Windows NT 10.0; WOW64) AppleWebKit/537.36 (KHTML, like Gecko) Chrome/51.0.2704.103 Safari/537.36" "49.204.128.7"
49.204.128.7 - - [22/Jul/2016:14:01:02 +0000] "GET /static/img/currency_arbitrage.png HTTP/1.1" 200 58574 "http://melvyn.pythonanywhere.com/about/" "Mozilla/5.0 (Windows NT 10.0; WOW64) AppleWebKit/537.36 (KHTML, like Gecko) Chrome/51.0.2704.103 Safari/537.36" "49.204.128.7"
64.233.173.223 - - [22/Jul/2016:14:16:01 +0000] "GET /about/ HTTP/1.1" 200 3818 "http://melvyn.pythonanywhere.com/" "Mozilla/5.0 (Linux; Android 6.0; Lenovo A7000-a Build/MRA58K) AppleWebKit/537.36 (KHTML, like Gecko) Chrome/51.0.2704.81 Mobile Safari/537.36" "106.66.53.213, 64.233.173.223"
64.233.173.223 - - [22/Jul/2016:14:16:01 +0000] "GET /about/ HTTP/1.1" 200 3818 "http://melvyn.pythonanywhere.com/" "Mozilla/5.0 (Linux; Android 6.0; Lenovo A7000-a Build/MRA58K) AppleWebKit/537.36 (KHTML, like Gecko) Chrome/51.0.2704.81 Mobile Safari/537.36" "106.66.53.213, 64.233.173.223"
64.233.173.223 - - [22/Jul/2016:14:16:01 +0000] "GET /about/ HTTP/1.1" 200 3818 "http://melvyn.pythonanywhere.com/" "Mozilla/5.0 (Linux; Android 6.0; Lenovo A7000-a Build/MRA58K) AppleWebKit/537.36 (KHTML, like Gecko) Chrome/51.0.2704.81 Mobile Safari/537.36" "106.66.53.213, 64.233.173.223"
64.233.173.215 - - [22/Jul/2016:14:16:02 +0000] "GET /static/img/Warner.png HTTP/1.1" 200 114363 "http://melvyn.pythonanywhere.com/about/" "Mozilla/5.0 (Linux; Android 6.0; Lenovo A7000-a Build/MRA58K) AppleWebKit/537.36 (KHTML, like Gecko) Chrome/51.0.2704.81 Mobile Safari/537.36" "106.66.53.213, 64.233.173.215"
64.233.173.219 - - [22/Jul/2016:14:16:02 +0000] "GET /static/img/yanport.gif HTTP/1.1" 200 6859 "http://melvyn.pythonanywhere.com/about/" "Mozilla/5.0 (Linux; Android 6.0; Lenovo A7000-a Build/MRA58K) AppleWebKit/537.36 (KHTML, like Gecko) Chrome/51.0.2704.81 Mobile Safari/537.36" "106.66.53.213, 64.233.173.219"
64.233.173.223 - - [22/Jul/2016:14:16:02 +0000] "GET /static/img/UCP-logo.png HTTP/1.1" 200 82900 "http://melvyn.pythonanywhere.com/about/" "Mozilla/5.0 (Linux; Android 6.0; Lenovo A7000-a Build/MRA58K) AppleWebKit/537.36 (KHTML, like Gecko) Chrome/51.0.2704.81 Mobile Safari/537.36" "106.66.53.213, 64.233.173.223"
64.233.173.219 - - [22/Jul/2016:14:16:03 +0000] "GET /static/img/github-logo.png HTTP/1.1" 200 3347 "http://melvyn.pythonanywhere.com/static/style/css/about.css" "Mozilla/5.0 (Linux; Android 6.0; Lenovo A7000-a Build/MRA58K) AppleWebKit/537.36 (KHTML, like Gecko) Chrome/51.0.2704.81 Mobile Safari/537.36" "106.66.53.213, 64.233.173.219"
64.233.173.219 - - [22/Jul/2016:14:16:03 +0000] "GET /static/img/logo-phone.png HTTP/1.1" 200 1996 "http://melvyn.pythonanywhere.com/static/style/css/base.css" "Mozilla/5.0 (Linux; Android 6.0; Lenovo A7000-a Build/MRA58K) AppleWebKit/537.36 (KHTML, like Gecko) Chrome/51.0.2704.81 Mobile Safari/537.36" "106.66.53.213, 64.233.173.219"
64.233.173.215 - - [22/Jul/2016:14:16:03 +0000] "GET /static/img/eisti-logo.png HTTP/1.1" 200 29113 "http://melvyn.pythonanywhere.com/about/" "Mozilla/5.0 (Linux; Android 6.0; Lenovo A7000-a Build/MRA58K) AppleWebKit/537.36 (KHTML, like Gecko) Chrome/51.0.2704.81 Mobile Safari/537.36" "106.66.53.213, 64.233.173.215"
64.233.173.219 - - [22/Jul/2016:14:16:03 +0000] "GET /static/img/sm-linkedin-icon.png HTTP/1.1" 200 1115 "http://melvyn.pythonanywhere.com/static/style/css/about.css" "Mozilla/5.0 (Linux; Android 6.0; Lenovo A7000-a Build/MRA58K) AppleWebKit/537.36 (KHTML, like Gecko) Chrome/51.0.2704.81 Mobile Safari/537.36" "106.66.53.213, 64.233.173.219"
64.233.173.223 - - [22/Jul/2016:14:16:03 +0000] "GET /static/img/position-logo.png HTTP/1.1" 200 1676 "http://melvyn.pythonanywhere.com/static/style/css/base.css" "Mozilla/5.0 (Linux; Android 6.0; Lenovo A7000-a Build/MRA58K) AppleWebKit/537.36 (KHTML, like Gecko) Chrome/51.0.2704.81 Mobile Safari/537.36" "106.66.53.213, 64.233.173.223"
64.233.173.219 - - [22/Jul/2016:14:16:03 +0000] "GET /static/img/mail-logo.png HTTP/1.1" 200 2088 "http://melvyn.pythonanywhere.com/static/style/css/base.css" "Mozilla/5.0 (Linux; Android 6.0; Lenovo A7000-a Build/MRA58K) AppleWebKit/537.36 (KHTML, like Gecko) Chrome/51.0.2704.81 Mobile Safari/537.36" "106.66.53.213, 64.233.173.219"
64.233.173.215 - - [22/Jul/2016:14:16:03 +0000] "GET /static/img/divider.png HTTP/1.1" 200 939 "http://melvyn.pythonanywhere.com/static/style/css/about.css" "Mozilla/5.0 (Linux; Android 6.0; Lenovo A7000-a Build/MRA58K) AppleWebKit/537.36 (KHTML, like Gecko) Chrome/51.0.2704.81 Mobile Safari/537.36" "106.66.53.213, 64.233.173.215"
64.233.173.223 - - [22/Jul/2016:14:16:03 +0000] "GET /static/img/blog.png HTTP/1.1" 200 359779 "http://melvyn.pythonanywhere.com/about/" "Mozilla/5.0 (Linux; Android 6.0; Lenovo A7000-a Build/MRA58K) AppleWebKit/537.36 (KHTML, like Gecko) Chrome/51.0.2704.81 Mobile Safari/537.36" "106.66.53.213, 64.233.173.223"
64.233.173.219 - - [22/Jul/2016:14:16:03 +0000] "GET /static/img/currency_arbitrage.png HTTP/1.1" 200 58574 "http://melvyn.pythonanywhere.com/about/" "Mozilla/5.0 (Linux; Android 6.0; Lenovo A7000-a Build/MRA58K) AppleWebKit/537.36 (KHTML, like Gecko) Chrome/51.0.2704.81 Mobile Safari/537.36" "106.66.53.213, 64.233.173.219"
64.233.173.215 - - [22/Jul/2016:14:16:03 +0000] "GET /static/img/h2ces.png HTTP/1.1" 200 22074 "http://melvyn.pythonanywhere.com/about/" "Mozilla/5.0 (Linux; Android 6.0; Lenovo A7000-a Build/MRA58K) AppleWebKit/537.36 (KHTML, like Gecko) Chrome/51.0.2704.81 Mobile Safari/537.36" "106.66.53.213, 64.233.173.215"
64.233.173.215 - - [22/Jul/2016:14:16:03 +0000] "GET /static/img/askia.png HTTP/1.1" 200 18575 "http://melvyn.pythonanywhere.com/about/" "Mozilla/5.0 (Linux; Android 6.0; Lenovo A7000-a Build/MRA58K) AppleWebKit/537.36 (KHTML, like Gecko) Chrome/51.0.2704.81 Mobile Safari/537.36" "106.66.53.213, 64.233.173.215"
64.233.173.223 - - [22/Jul/2016:14:17:51 +0000] "GET /posts HTTP/1.1" 301 5 "http://melvyn.pythonanywhere.com/about/" "Mozilla/5.0 (Linux; Android 6.0; Lenovo A7000-a Build/MRA58K) AppleWebKit/537.36 (KHTML, like Gecko) Chrome/51.0.2704.81 Mobile Safari/537.36" "106.66.53.213, 64.233.173.223"
64.233.173.223 - - [22/Jul/2016:14:17:52 +0000] "GET /posts/ HTTP/1.1" 200 2005 "http://melvyn.pythonanywhere.com/about/" "Mozilla/5.0 (Linux; Android 6.0; Lenovo A7000-a Build/MRA58K) AppleWebKit/537.36 (KHTML, like Gecko) Chrome/51.0.2704.81 Mobile Safari/537.36" "106.66.53.213, 64.233.173.223"
64.233.173.223 - - [22/Jul/2016:14:17:53 +0000] "GET /static/style/css/posts.css HTTP/1.1" 200 356 "http://melvyn.pythonanywhere.com/posts/" "Mozilla/5.0 (Linux; Android 6.0; Lenovo A7000-a Build/MRA58K) AppleWebKit/537.36 (KHTML, like Gecko) Chrome/51.0.2704.81 Mobile Safari/537.36" "106.66.53.213, 64.233.173.223"
64.233.173.215 - - [22/Jul/2016:14:17:53 +0000] "GET /uploads/illustrations/Tell-a-Story-with-Data-Visualization-1560x878.png HTTP/1.1" 200 415431 "http://melvyn.pythonanywhere.com/posts/" "Mozilla/5.0 (Linux; Android 6.0; Lenovo A7000-a Build/MRA58K) AppleWebKit/537.36 (KHTML, like Gecko) Chrome/51.0.2704.81 Mobile Safari/537.36" "106.66.53.213, 64.233.173.215"
64.233.173.215 - - [22/Jul/2016:14:17:53 +0000] "GET /uploads/illustrations/food-vegetables-meal-kitchen_Nwzn7mA.jpg HTTP/1.1" 200 347812 "http://melvyn.pythonanywhere.com/posts/" "Mozilla/5.0 (Linux; Android 6.0; Lenovo A7000-a Build/MRA58K) AppleWebKit/537.36 (KHTML, like Gecko) Chrome/51.0.2704.81 Mobile Safari/537.36" "106.66.53.213, 64.233.173.215"
64.233.173.223 - - [22/Jul/2016:14:17:53 +0000] "GET /static/style/css/posts.css HTTP/1.1" 200 356 "http://melvyn.pythonanywhere.com/posts/" "Mozilla/5.0 (Linux; Android 6.0; Lenovo A7000-a Build/MRA58K) AppleWebKit/537.36 (KHTML, like Gecko) Chrome/51.0.2704.81 Mobile Safari/537.36" "106.66.53.213, 64.233.173.223"
64.233.173.215 - - [22/Jul/2016:14:17:53 +0000] "GET /uploads/illustrations/Tell-a-Story-with-Data-Visualization-1560x878.png HTTP/1.1" 200 415431 "http://melvyn.pythonanywhere.com/posts/" "Mozilla/5.0 (Linux; Android 6.0; Lenovo A7000-a Build/MRA58K) AppleWebKit/537.36 (KHTML, like Gecko) Chrome/51.0.2704.81 Mobile Safari/537.36" "106.66.53.213, 64.233.173.215"
64.233.173.215 - - [22/Jul/2016:14:17:53 +0000] "GET /uploads/illustrations/food-vegetables-meal-kitchen_Nwzn7mA.jpg HTTP/1.1" 200 347812 "http://melvyn.pythonanywhere.com/posts/" "Mozilla/5.0 (Linux; Android 6.0; Lenovo A7000-a Build/MRA58K) AppleWebKit/537.36 (KHTML, like Gecko) Chrome/51.0.2704.81 Mobile Safari/537.36" "106.66.53.213, 64.233.173.215"
64.233.173.223 - - [22/Jul/2016:14:17:53 +0000] "GET /static/style/css/posts.css HTTP/1.1" 200 356 "http://melvyn.pythonanywhere.com/posts/" "Mozilla/5.0 (Linux; Android 6.0; Lenovo A7000-a Build/MRA58K) AppleWebKit/537.36 (KHTML, like Gecko) Chrome/51.0.2704.81 Mobile Safari/537.36" "106.66.53.213, 64.233.173.223"
64.233.173.215 - - [22/Jul/2016:14:17:53 +0000] "GET /uploads/illustrations/Tell-a-Story-with-Data-Visualization-1560x878.png HTTP/1.1" 200 415431 "http://melvyn.pythonanywhere.com/posts/" "Mozilla/5.0 (Linux; Android 6.0; Lenovo A7000-a Build/MRA58K) AppleWebKit/537.36 (KHTML, like Gecko) Chrome/51.0.2704.81 Mobile Safari/537.36" "106.66.53.213, 64.233.173.215"
64.233.173.223 - - [22/Jul/2016:14:17:53 +0000] "GET /static/style/css/posts.css HTTP/1.1" 200 356 "http://melvyn.pythonanywhere.com/posts/" "Mozilla/5.0 (Linux; Android 6.0; Lenovo A7000-a Build/MRA58K) AppleWebKit/537.36 (KHTML, like Gecko) Chrome/51.0.2704.81 Mobile Safari/537.36" "106.66.53.213, 64.233.173.223"
64.233.173.215 - - [22/Jul/2016:14:17:53 +0000] "GET /uploads/illustrations/Tell-a-Story-with-Data-Visualization-1560x878.png HTTP/1.1" 200 415431 "http://melvyn.pythonanywhere.com/posts/" "Mozilla/5.0 (Linux; Android 6.0; Lenovo A7000-a Build/MRA58K) AppleWebKit/537.36 (KHTML, like Gecko) Chrome/51.0.2704.81 Mobile Safari/537.36" "106.66.53.213, 64.233.173.215"
64.233.173.223 - - [22/Jul/2016:14:17:53 +0000] "GET /static/style/css/posts.css HTTP/1.1" 200 356 "http://melvyn.pythonanywhere.com/posts/" "Mozilla/5.0 (Linux; Android 6.0; Lenovo A7000-a Build/MRA58K) AppleWebKit/537.36 (KHTML, like Gecko) Chrome/51.0.2704.81 Mobile Safari/537.36" "106.66.53.213, 64.233.173.223"
64.233.173.215 - - [22/Jul/2016:14:17:53 +0000] "GET /uploads/illustrations/Tell-a-Story-with-Data-Visualization-1560x878.png HTTP/1.1" 200 415431 "http://melvyn.pythonanywhere.com/posts/" "Mozilla/5.0 (Linux; Android 6.0; Lenovo A7000-a Build/MRA58K) AppleWebKit/537.36 (KHTML, like Gecko) Chrome/51.0.2704.81 Mobile Safari/537.36" "106.66.53.213, 64.233.173.215"
64.233.173.215 - - [22/Jul/2016:14:17:53 +0000] "GET /uploads/illustrations/food-vegetables-meal-kitchen_Nwzn7mA.jpg HTTP/1.1" 200 347812 "http://melvyn.pythonanywhere.com/posts/" "Mozilla/5.0 (Linux; Android 6.0; Lenovo A7000-a Build/MRA58K) AppleWebKit/537.36 (KHTML, like Gecko) Chrome/51.0.2704.81 Mobile Safari/537.36" "106.66.53.213, 64.233.173.215"
64.233.173.223 - - [22/Jul/2016:14:17:53 +0000] "GET /static/style/css/posts.css HTTP/1.1" 200 356 "http://melvyn.pythonanywhere.com/posts/" "Mozilla/5.0 (Linux; Android 6.0; Lenovo A7000-a Build/MRA58K) AppleWebKit/537.36 (KHTML, like Gecko) Chrome/51.0.2704.81 Mobile Safari/537.36" "106.66.53.213, 64.233.173.223"
64.233.173.215 - - [22/Jul/2016:14:17:53 +0000] "GET /uploads/illustrations/Tell-a-Story-with-Data-Visualization-1560x878.png HTTP/1.1" 200 415431 "http://melvyn.pythonanywhere.com/posts/" "Mozilla/5.0 (Linux; Android 6.0; Lenovo A7000-a Build/MRA58K) AppleWebKit/537.36 (KHTML, like Gecko) Chrome/51.0.2704.81 Mobile Safari/537.36" "106.66.53.213, 64.233.173.215"
64.233.173.223 - - [22/Jul/2016:14:17:53 +0000] "GET /static/style/css/posts.css HTTP/1.1" 200 356 "http://melvyn.pythonanywhere.com/posts/" "Mozilla/5.0 (Linux; Android 6.0; Lenovo A7000-a Build/MRA58K) AppleWebKit/537.36 (KHTML, like Gecko) Chrome/51.0.2704.81 Mobile Safari/537.36" "106.66.53.213, 64.233.173.223"
64.233.173.215 - - [22/Jul/2016:14:17:53 +0000] "GET /uploads/illustrations/Tell-a-Story-with-Data-Visualization-1560x878.png HTTP/1.1" 200 415431 "http://melvyn.pythonanywhere.com/posts/" "Mozilla/5.0 (Linux; Android 6.0; Lenovo A7000-a Build/MRA58K) AppleWebKit/537.36 (KHTML, like Gecko) Chrome/51.0.2704.81 Mobile Safari/537.36" "106.66.53.213, 64.233.173.215"
64.233.173.219 - - [22/Jul/2016:14:18:18 +0000] "GET /posts/1/ HTTP/1.1" 200 7460 "http://melvyn.pythonanywhere.com/posts/" "Mozilla/5.0 (Linux; Android 6.0; Lenovo A7000-a Build/MRA58K) AppleWebKit/537.36 (KHTML, like Gecko) Chrome/51.0.2704.81 Mobile Safari/537.36" "106.66.53.213, 64.233.173.219"
64.233.173.219 - - [22/Jul/2016:14:18:28 +0000] "GET /static/style/css/post.css HTTP/1.1" 200 305 "http://melvyn.pythonanywhere.com/posts/1/" "Mozilla/5.0 (Linux; Android 6.0; Lenovo A7000-a Build/MRA58K) AppleWebKit/537.36 (KHTML, like Gecko) Chrome/51.0.2704.81 Mobile Safari/537.36" "106.66.53.213, 64.233.173.219"
64.233.173.223 - - [22/Jul/2016:14:18:28 +0000] "GET /uploads/illustrations/food-vegetables-meal-kitchen_Nwzn7mA.jpg HTTP/1.1" 200 347812 "http://melvyn.pythonanywhere.com/posts/1/" "Mozilla/5.0 (Linux; Android 6.0; Lenovo A7000-a Build/MRA58K) AppleWebKit/537.36 (KHTML, like Gecko) Chrome/51.0.2704.81 Mobile Safari/537.36" "106.66.53.213, 64.233.173.223"
64.233.173.219 - - [22/Jul/2016:14:18:30 +0000] "GET /uploads/illustrations/flow.png HTTP/1.1" 200 228246 "http://melvyn.pythonanywhere.com/posts/1/" "Mozilla/5.0 (Linux; Android 6.0; Lenovo A7000-a Build/MRA58K) AppleWebKit/537.36 (KHTML, like Gecko) Chrome/51.0.2704.81 Mobile Safari/537.36" "106.66.53.213, 64.233.173.219"
64.233.173.215 - - [22/Jul/2016:14:18:31 +0000] "GET /uploads/illustrations/distributionD.png HTTP/1.1" 200 36957 "http://melvyn.pythonanywhere.com/posts/1/" "Mozilla/5.0 (Linux; Android 6.0; Lenovo A7000-a Build/MRA58K) AppleWebKit/537.36 (KHTML, like Gecko) Chrome/51.0.2704.81 Mobile Safari/537.36" "106.66.53.213, 64.233.173.215"
64.233.173.223 - - [22/Jul/2016:14:18:32 +0000] "GET /uploads/illustrations/ranking.png HTTP/1.1" 200 57454 "http://melvyn.pythonanywhere.com/posts/1/" "Mozilla/5.0 (Linux; Android 6.0; Lenovo A7000-a Build/MRA58K) AppleWebKit/537.36 (KHTML, like Gecko) Chrome/51.0.2704.81 Mobile Safari/537.36" "106.66.53.213, 64.233.173.223"
64.233.173.215 - - [22/Jul/2016:14:26:19 +0000] "GET /uploads/illustrations/ranking.png HTTP/1.1" 200 57454 "http://melvyn.pythonanywhere.com/posts/1/" "Mozilla/5.0 (Linux; Android 6.0; Lenovo A7000-a Build/MRA58K) AppleWebKit/537.36 (KHTML, like Gecko) Chrome/51.0.2704.81 Mobile Safari/537.36" "106.66.53.213, 64.233.173.215"
64.233.173.215 - - [22/Jul/2016:15:06:21 +0000] "GET /posts/1/ HTTP/1.1" 200 7460 "http://melvyn.pythonanywhere.com/posts/" "Mozilla/5.0 (Linux; Android 6.0; Lenovo A7000-a Build/MRA58K) AppleWebKit/537.36 (KHTML, like Gecko) Chrome/51.0.2704.81 Mobile Safari/537.36" "106.66.53.213, 64.233.173.215"
64.233.173.215 - - [22/Jul/2016:15:06:23 +0000] "GET /uploads/illustrations/food-vegetables-meal-kitchen_Nwzn7mA.jpg HTTP/1.1" 200 347812 "http://melvyn.pythonanywhere.com/posts/1/" "Mozilla/5.0 (Linux; Android 6.0; Lenovo A7000-a Build/MRA58K) AppleWebKit/537.36 (KHTML, like Gecko) Chrome/51.0.2704.81 Mobile Safari/537.36" "106.66.53.213, 64.233.173.215"
64.233.173.219 - - [22/Jul/2016:15:06:24 +0000] "GET /uploads/illustrations/flow.png HTTP/1.1" 200 228246 "http://melvyn.pythonanywhere.com/posts/1/" "Mozilla/5.0 (Linux; Android 6.0; Lenovo A7000-a Build/MRA58K) AppleWebKit/537.36 (KHTML, like Gecko) Chrome/51.0.2704.81 Mobile Safari/537.36" "106.66.53.213, 64.233.173.219"
64.233.173.223 - - [22/Jul/2016:15:06:24 +0000] "GET /uploads/illustrations/distributionD.png HTTP/1.1" 200 36957 "http://melvyn.pythonanywhere.com/posts/1/" "Mozilla/5.0 (Linux; Android 6.0; Lenovo A7000-a Build/MRA58K) AppleWebKit/537.36 (KHTML, like Gecko) Chrome/51.0.2704.81 Mobile Safari/537.36" "106.66.53.213, 64.233.173.223"
64.233.173.215 - - [22/Jul/2016:15:06:25 +0000] "GET /uploads/illustrations/ranking.png HTTP/1.1" 200 57454 "http://melvyn.pythonanywhere.com/posts/1/" "Mozilla/5.0 (Linux; Android 6.0; Lenovo A7000-a Build/MRA58K) AppleWebKit/537.36 (KHTML, like Gecko) Chrome/51.0.2704.81 Mobile Safari/537.36" "106.66.53.213, 64.233.173.215"
106.79.192.42 - - [22/Jul/2016:15:09:01 +0000] "GET /posts/1/ HTTP/1.1" 200 7460 "-" "WhatsApp/2.16.193 A" "106.79.192.42"
106.51.135.39 - - [22/Jul/2016:15:30:44 +0000] "GET /static/img/home_illustration.png HTTP/1.1" 200 819937 "http://melvyn.pythonanywhere.com/" "Mozilla/5.0 (Windows NT 10.0; Win64; x64) AppleWebKit/537.36 (KHTML, like Gecko) Chrome/46.0.2486.0 Safari/537.36 Edge/13.10586" "106.51.135.39"
106.51.135.39 - - [22/Jul/2016:15:30:44 +0000] "GET /favicon.ico HTTP/1.1" 404 1110 "-" "Mozilla/5.0 (Windows NT 10.0; Win64; x64) AppleWebKit/537.36 (KHTML, like Gecko) Chrome/46.0.2486.0 Safari/537.36 Edge/13.10586" "106.51.135.39"
106.51.135.39 - - [22/Jul/2016:15:31:41 +0000] "GET /posts HTTP/1.1" 301 5 "http://melvyn.pythonanywhere.com/" "Mozilla/5.0 (Windows NT 10.0; Win64; x64) AppleWebKit/537.36 (KHTML, like Gecko) Chrome/46.0.2486.0 Safari/537.36 Edge/13.10586" "106.51.135.39"
106.51.135.39 - - [22/Jul/2016:15:31:42 +0000] "GET /posts/ HTTP/1.1" 200 2005 "http://melvyn.pythonanywhere.com/" "Mozilla/5.0 (Windows NT 10.0; Win64; x64) AppleWebKit/537.36 (KHTML, like Gecko) Chrome/46.0.2486.0 Safari/537.36 Edge/13.10586" "106.51.135.39"
106.51.135.39 - - [22/Jul/2016:15:31:43 +0000] "GET /static/style/css/posts.css HTTP/1.1" 200 356 "http://melvyn.pythonanywhere.com/posts/" "Mozilla/5.0 (Windows NT 10.0; Win64; x64) AppleWebKit/537.36 (KHTML, like Gecko) Chrome/46.0.2486.0 Safari/537.36 Edge/13.10586" "106.51.135.39"
106.51.135.39 - - [22/Jul/2016:15:31:44 +0000] "GET /uploads/illustrations/food-vegetables-meal-kitchen_Nwzn7mA.jpg HTTP/1.1" 200 347812 "http://melvyn.pythonanywhere.com/posts/" "Mozilla/5.0 (Windows NT 10.0; Win64; x64) AppleWebKit/537.36 (KHTML, like Gecko) Chrome/46.0.2486.0 Safari/537.36 Edge/13.10586" "106.51.135.39"
106.51.135.39 - - [22/Jul/2016:15:31:44 +0000] "GET /uploads/illustrations/Tell-a-Story-with-Data-Visualization-1560x878.png HTTP/1.1" 200 415431 "http://melvyn.pythonanywhere.com/posts/" "Mozilla/5.0 (Windows NT 10.0; Win64; x64) AppleWebKit/537.36 (KHTML, like Gecko) Chrome/46.0.2486.0 Safari/537.36 Edge/13.10586" "106.51.135.39"
106.51.135.39 - - [22/Jul/2016:15:31:44 +0000] "GET /favicon.ico HTTP/1.1" 404 1110 "-" "Mozilla/5.0 (Windows NT 10.0; Win64; x64) AppleWebKit/537.36 (KHTML, like Gecko) Chrome/46.0.2486.0 Safari/537.36 Edge/13.10586" "106.51.135.39"
106.51.135.39 - - [22/Jul/2016:15:31:44 +0000] "GET /static/img/divider.png HTTP/1.1" 200 939 "http://melvyn.pythonanywhere.com/posts/" "Mozilla/5.0 (Windows NT 10.0; Win64; x64) AppleWebKit/537.36 (KHTML, like Gecko) Chrome/46.0.2486.0 Safari/537.36 Edge/13.10586" "106.51.135.39"
106.51.135.39 - - [22/Jul/2016:15:31:48 +0000] "GET /about HTTP/1.1" 301 5 "http://melvyn.pythonanywhere.com/posts/" "Mozilla/5.0 (Windows NT 10.0; Win64; x64) AppleWebKit/537.36 (KHTML, like Gecko) Chrome/46.0.2486.0 Safari/537.36 Edge/13.10586" "106.51.135.39"
106.51.135.39 - - [22/Jul/2016:15:31:49 +0000] "GET /about/ HTTP/1.1" 200 3818 "http://melvyn.pythonanywhere.com/posts/" "Mozilla/5.0 (Windows NT 10.0; Win64; x64) AppleWebKit/537.36 (KHTML, like Gecko) Chrome/46.0.2486.0 Safari/537.36 Edge/13.10586" "106.51.135.39"
106.51.135.39 - - [22/Jul/2016:15:31:50 +0000] "GET /static/style/css/about.css HTTP/1.1" 200 978 "http://melvyn.pythonanywhere.com/about/" "Mozilla/5.0 (Windows NT 10.0; Win64; x64) AppleWebKit/537.36 (KHTML, like Gecko) Chrome/46.0.2486.0 Safari/537.36 Edge/13.10586" "106.51.135.39"
106.51.135.39 - - [22/Jul/2016:15:31:51 +0000] "GET /static/img/rey-logo.png HTTP/1.1" 200 7656 "http://melvyn.pythonanywhere.com/about/" "Mozilla/5.0 (Windows NT 10.0; Win64; x64) AppleWebKit/537.36 (KHTML, like Gecko) Chrome/46.0.2486.0 Safari/537.36 Edge/13.10586" "106.51.135.39"
106.51.135.39 - - [22/Jul/2016:15:31:51 +0000] "GET /static/img/Warner.png HTTP/1.1" 200 114363 "http://melvyn.pythonanywhere.com/about/" "Mozilla/5.0 (Windows NT 10.0; Win64; x64) AppleWebKit/537.36 (KHTML, like Gecko) Chrome/46.0.2486.0 Safari/537.36 Edge/13.10586" "106.51.135.39"
106.51.135.39 - - [22/Jul/2016:15:31:51 +0000] "GET /static/img/melvyn_peignon.jpg HTTP/1.1" 200 19770 "http://melvyn.pythonanywhere.com/about/" "Mozilla/5.0 (Windows NT 10.0; Win64; x64) AppleWebKit/537.36 (KHTML, like Gecko) Chrome/46.0.2486.0 Safari/537.36 Edge/13.10586" "106.51.135.39"
106.51.135.39 - - [22/Jul/2016:15:31:50 +0000] "GET /static/style/css/about.css HTTP/1.1" 200 978 "http://melvyn.pythonanywhere.com/about/" "Mozilla/5.0 (Windows NT 10.0; Win64; x64) AppleWebKit/537.36 (KHTML, like Gecko) Chrome/46.0.2486.0 Safari/537.36 Edge/13.10586" "106.51.135.39"
106.51.135.39 - - [22/Jul/2016:15:31:51 +0000] "GET /static/img/rey-logo.png HTTP/1.1" 200 7656 "http://melvyn.pythonanywhere.com/about/" "Mozilla/5.0 (Windows NT 10.0; Win64; x64) AppleWebKit/537.36 (KHTML, like Gecko) Chrome/46.0.2486.0 Safari/537.36 Edge/13.10586" "106.51.135.39"
106.51.135.39 - - [22/Jul/2016:15:31:51 +0000] "GET /static/img/Warner.png HTTP/1.1" 200 114363 "http://melvyn.pythonanywhere.com/about/" "Mozilla/5.0 (Windows NT 10.0; Win64; x64) AppleWebKit/537.36 (KHTML, like Gecko) Chrome/46.0.2486.0 Safari/537.36 Edge/13.10586" "106.51.135.39"
106.51.135.39 - - [22/Jul/2016:15:31:51 +0000] "GET /static/img/melvyn_peignon.jpg HTTP/1.1" 200 19770 "http://melvyn.pythonanywhere.com/about/" "Mozilla/5.0 (Windows NT 10.0; Win64; x64) AppleWebKit/537.36 (KHTML, like Gecko) Chrome/46.0.2486.0 Safari/537.36 Edge/13.10586" "106.51.135.39"
106.51.135.39 - - [22/Jul/2016:15:31:50 +0000] "GET /static/style/css/about.css HTTP/1.1" 200 978 "http://melvyn.pythonanywhere.com/about/" "Mozilla/5.0 (Windows NT 10.0; Win64; x64) AppleWebKit/537.36 (KHTML, like Gecko) Chrome/46.0.2486.0 Safari/537.36 Edge/13.10586" "106.51.135.39"
106.51.135.39 - - [22/Jul/2016:15:31:51 +0000] "GET /static/img/rey-logo.png HTTP/1.1" 200 7656 "http://melvyn.pythonanywhere.com/about/" "Mozilla/5.0 (Windows NT 10.0; Win64; x64) AppleWebKit/537.36 (KHTML, like Gecko) Chrome/46.0.2486.0 Safari/537.36 Edge/13.10586" "106.51.135.39"
106.51.135.39 - - [22/Jul/2016:15:31:51 +0000] "GET /static/img/Warner.png HTTP/1.1" 200 114363 "http://melvyn.pythonanywhere.com/about/" "Mozilla/5.0 (Windows NT 10.0; Win64; x64) AppleWebKit/537.36 (KHTML, like Gecko) Chrome/46.0.2486.0 Safari/537.36 Edge/13.10586" "106.51.135.39"
106.51.135.39 - - [22/Jul/2016:15:31:51 +0000] "GET /static/img/melvyn_peignon.jpg HTTP/1.1" 200 19770 "http://melvyn.pythonanywhere.com/about/" "Mozilla/5.0 (Windows NT 10.0; Win64; x64) AppleWebKit/537.36 (KHTML, like Gecko) Chrome/46.0.2486.0 Safari/537.36 Edge/13.10586" "106.51.135.39"
106.51.135.39 - - [22/Jul/2016:15:31:50 +0000] "GET /static/style/css/about.css HTTP/1.1" 200 978 "http://melvyn.pythonanywhere.com/about/" "Mozilla/5.0 (Windows NT 10.0; Win64; x64) AppleWebKit/537.36 (KHTML, like Gecko) Chrome/46.0.2486.0 Safari/537.36 Edge/13.10586" "106.51.135.39"
106.51.135.39 - - [22/Jul/2016:15:31:51 +0000] "GET /static/img/rey-logo.png HTTP/1.1" 200 7656 "http://melvyn.pythonanywhere.com/about/" "Mozilla/5.0 (Windows NT 10.0; Win64; x64) AppleWebKit/537.36 (KHTML, like Gecko) Chrome/46.0.2486.0 Safari/537.36 Edge/13.10586" "106.51.135.39"
106.51.135.39 - - [22/Jul/2016:15:31:51 +0000] "GET /static/img/Warner.png HTTP/1.1" 200 114363 "http://melvyn.pythonanywhere.com/about/" "Mozilla/5.0 (Windows NT 10.0; Win64; x64) AppleWebKit/537.36 (KHTML, like Gecko) Chrome/46.0.2486.0 Safari/537.36 Edge/13.10586" "106.51.135.39"
106.51.135.39 - - [22/Jul/2016:15:31:51 +0000] "GET /static/img/melvyn_peignon.jpg HTTP/1.1" 200 19770 "http://melvyn.pythonanywhere.com/about/" "Mozilla/5.0 (Windows NT 10.0; Win64; x64) AppleWebKit/537.36 (KHTML, like Gecko) Chrome/46.0.2486.0 Safari/537.36 Edge/13.10586" "106.51.135.39"
106.51.135.39 - - [22/Jul/2016:15:31:50 +0000] "GET /static/style/css/about.css HTTP/1.1" 200 978 "http://melvyn.pythonanywhere.com/about/" "Mozilla/5.0 (Windows NT 10.0; Win64; x64) AppleWebKit/537.36 (KHTML, like Gecko) Chrome/46.0.2486.0 Safari/537.36 Edge/13.10586" "106.51.135.39"
106.51.135.39 - - [22/Jul/2016:15:31:50 +0000] "GET /static/style/css/about.css HTTP/1.1" 200 978 "http://melvyn.pythonanywhere.com/about/" "Mozilla/5.0 (Windows NT 10.0; Win64; x64) AppleWebKit/537.36 (KHTML, like Gecko) Chrome/46.0.2486.0 Safari/537.36 Edge/13.10586" "106.51.135.39"
106.51.135.39 - - [22/Jul/2016:15:31:50 +0000] "GET /static/style/css/about.css HTTP/1.1" 200 978 "http://melvyn.pythonanywhere.com/about/" "Mozilla/5.0 (Windows NT 10.0; Win64; x64) AppleWebKit/537.36 (KHTML, like Gecko) Chrome/46.0.2486.0 Safari/537.36 Edge/13.10586" "106.51.135.39"
