88.162.232.246 - - [31/Aug/2016:18:09:29 +0000] "GET /static/img/divider.png HTTP/1.1" 200 939 "http://melvyn.pythonanywhere.com/static/style/css/about.css" "Mozilla/5.0 (Macintosh; Intel Mac OS X 10_11_6) AppleWebKit/537.36 (KHTML, like Gecko) Chrome/52.0.2743.116 Safari/537.36" "88.162.232.246"
88.162.232.246 - - [31/Aug/2016:18:09:29 +0000] "GET /static/img/position-logo.png HTTP/1.1" 200 1676 "http://melvyn.pythonanywhere.com/static/style/css/base.css" "Mozilla/5.0 (Macintosh; Intel Mac OS X 10_11_6) AppleWebKit/537.36 (KHTML, like Gecko) Chrome/52.0.2743.116 Safari/537.36" "88.162.232.246"
88.162.232.246 - - [31/Aug/2016:18:09:29 +0000] "GET /static/img/logo-phone.png HTTP/1.1" 200 1996 "http://melvyn.pythonanywhere.com/static/style/css/base.css" "Mozilla/5.0 (Macintosh; Intel Mac OS X 10_11_6) AppleWebKit/537.36 (KHTML, like Gecko) Chrome/52.0.2743.116 Safari/537.36" "88.162.232.246"
88.162.232.246 - - [31/Aug/2016:18:09:30 +0000] "GET /favicon.ico HTTP/1.1" 404 1110 "http://melvyn.pythonanywhere.com/about/" "Mozilla/5.0 (Macintosh; Intel Mac OS X 10_11_6) AppleWebKit/537.36 (KHTML, like Gecko) Chrome/52.0.2743.116 Safari/537.36" "88.162.232.246"
66.249.64.98 - - [31/Aug/2016:20:45:45 +0000] "GET /robots.txt HTTP/1.1" 404 1108 "-" "Mozilla/5.0 (compatible; Googlebot/2.1; +http://www.google.com/bot.html)" "66.249.64.98"
66.249.64.90 - - [31/Aug/2016:20:45:50 +0000] "GET /posts/2/ HTTP/1.1" 200 3719 "-" "Mozilla/5.0 (Linux; Android 6.0.1; Nexus 5X Build/MMB29P) AppleWebKit/537.36 (KHTML, like Gecko) Chrome/41.0.2272.96 Mobile Safari/537.36 (compatible; Googlebot/2.1; +http://www.google.com/bot.html)" "66.249.64.90"
168.161.200.14 - - [02/Sep/2016:08:08:15 +0000] "GET / HTTP/1.1" 200 1041 "-" "Mozilla/5.0 (Macintosh; Intel Mac OS X 10_10_5) AppleWebKit/601.5.17 (KHTML, like Gecko)" "168.161.200.14"
168.161.200.14 - - [02/Sep/2016:08:08:16 +0000] "GET /apple-touch-icon-precomposed.png HTTP/1.1" 404 1126 "-" "Safari/10601.5.17.4 CFNetwork/720.5.7 Darwin/14.5.0 (x86_64)" "168.161.200.14"
168.161.200.14 - - [02/Sep/2016:08:08:16 +0000] "GET /favicon.ico HTTP/1.1" 404 1110 "-" "Safari/10601.5.17.4 CFNetwork/720.5.7 Darwin/14.5.0 (x86_64)" "168.161.200.14"
168.161.200.14 - - [02/Sep/2016:08:08:16 +0000] "GET /apple-touch-icon.png HTTP/1.1" 404 1117 "-" "Safari/10601.5.17.4 CFNetwork/720.5.7 Darwin/14.5.0 (x86_64)" "168.161.200.14"
168.161.200.14 - - [02/Sep/2016:08:08:16 +0000] "GET / HTTP/1.1" 200 1041 "-" "Mozilla/5.0 (iPhone; CPU iPhone OS 9_3 like Mac OS X) AppleWebKit/601.1.46 (KHTML, like Gecko) Version/9.0 Mobile/13E188a Safari/601.1" "168.161.200.14"
168.161.200.14 - - [02/Sep/2016:08:08:16 +0000] "GET /apple-touch-icon-precomposed.png HTTP/1.1" 404 1126 "-" "Safari/10601.5.17.4 CFNetwork/720.5.7 Darwin/14.5.0 (x86_64)" "168.161.200.14"
168.161.200.14 - - [02/Sep/2016:08:08:16 +0000] "GET /apple-touch-icon.png HTTP/1.1" 404 1117 "-" "Safari/10601.5.17.4 CFNetwork/720.5.7 Darwin/14.5.0 (x86_64)" "168.161.200.14"
168.161.200.14 - - [02/Sep/2016:08:25:38 +0000] "GET / HTTP/1.1" 200 1041 "-" "Mozilla/5.0 (Macintosh; Intel Mac OS X 10_10_5) AppleWebKit/601.5.17 (KHTML, like Gecko) Version/9.1 Safari/601.5.17" "168.161.200.14"
168.161.200.14 - - [02/Sep/2016:08:25:38 +0000] "GET /static/style/css/base.css HTTP/1.1" 200 722 "http://melvyn.pythonanywhere.com/" "Mozilla/5.0 (Macintosh; Intel Mac OS X 10_10_5) AppleWebKit/601.5.17 (KHTML, like Gecko) Version/9.1 Safari/601.5.17" "168.161.200.14"
168.161.200.14 - - [02/Sep/2016:08:25:38 +0000] "GET /static/js/jquery.easing.1.3.js HTTP/1.1" 200 2027 "http://melvyn.pythonanywhere.com/" "Mozilla/5.0 (Macintosh; Intel Mac OS X 10_10_5) AppleWebKit/601.5.17 (KHTML, like Gecko) Version/9.1 Safari/601.5.17" "168.161.200.14"
168.161.200.14 - - [02/Sep/2016:08:25:38 +0000] "GET /static/style/css/home.css HTTP/1.1" 200 578 "http://melvyn.pythonanywhere.com/" "Mozilla/5.0 (Macintosh; Intel Mac OS X 10_10_5) AppleWebKit/601.5.17 (KHTML, like Gecko) Version/9.1 Safari/601.5.17" "168.161.200.14"
168.161.200.14 - - [02/Sep/2016:08:25:38 +0000] "GET / HTTP/1.1" 200 1041 "-" "Mozilla/5.0 (Macintosh; Intel Mac OS X 10_10_5) AppleWebKit/601.5.17 (KHTML, like Gecko) Version/9.1 Safari/601.5.17" "168.161.200.14"
168.161.200.14 - - [02/Sep/2016:08:25:39 +0000] "GET /static/js/jquery.easing.1.3.js HTTP/1.1" 200 2027 "http://melvyn.pythonanywhere.com/" "Mozilla/5.0 (Macintosh; Intel Mac OS X 10_10_5) AppleWebKit/601.5.17 (KHTML, like Gecko) Version/9.1 Safari/601.5.17" "168.161.200.14"
168.161.200.14 - - [02/Sep/2016:08:25:39 +0000] "GET /static/style/css/home.css HTTP/1.1" 200 578 "http://melvyn.pythonanywhere.com/" "Mozilla/5.0 (Macintosh; Intel Mac OS X 10_10_5) AppleWebKit/601.5.17 (KHTML, like Gecko) Version/9.1 Safari/601.5.17" "168.161.200.14"
168.161.200.14 - - [02/Sep/2016:08:25:40 +0000] "GET /static/img/logo.png HTTP/1.1" 200 10965 "http://melvyn.pythonanywhere.com/" "Mozilla/5.0 (Macintosh; Intel Mac OS X 10_10_5) AppleWebKit/601.5.17 (KHTML, like Gecko) Version/9.1 Safari/601.5.17" "168.161.200.14"
168.161.200.14 - - [02/Sep/2016:08:25:40 +0000] "GET /static/img/home_illustration.png HTTP/1.1" 200 819937 "http://melvyn.pythonanywhere.com/" "Mozilla/5.0 (Macintosh; Intel Mac OS X 10_10_5) AppleWebKit/601.5.17 (KHTML, like Gecko) Version/9.1 Safari/601.5.17" "168.161.200.14"
168.161.200.14 - - [02/Sep/2016:08:25:41 +0000] "GET /favicon.ico HTTP/1.1" 404 1110 "http://melvyn.pythonanywhere.com/" "Mozilla/5.0 (Macintosh; Intel Mac OS X 10_10_5) AppleWebKit/601.5.17 (KHTML, like Gecko) Version/9.1 Safari/601.5.17" "168.161.200.14"
168.161.200.14 - - [02/Sep/2016:08:25:41 +0000] "GET /apple-touch-icon-precomposed.png HTTP/1.1" 404 1126 "-" "Safari/10601.5.17.4 CFNetwork/720.5.7 Darwin/14.5.0 (x86_64)" "168.161.200.14"
168.161.200.14 - - [02/Sep/2016:08:25:41 +0000] "GET /apple-touch-icon.png HTTP/1.1" 404 1117 "-" "Safari/10601.5.17.4 CFNetwork/720.5.7 Darwin/14.5.0 (x86_64)" "168.161.200.14"
168.161.200.14 - - [02/Sep/2016:08:25:42 +0000] "GET /posts HTTP/1.1" 301 5 "http://melvyn.pythonanywhere.com/" "Mozilla/5.0 (Macintosh; Intel Mac OS X 10_10_5) AppleWebKit/601.5.17 (KHTML, like Gecko) Version/9.1 Safari/601.5.17" "168.161.200.14"
168.161.200.14 - - [02/Sep/2016:08:25:42 +0000] "GET /posts/ HTTP/1.1" 200 1815 "http://melvyn.pythonanywhere.com/" "Mozilla/5.0 (Macintosh; Intel Mac OS X 10_10_5) AppleWebKit/601.5.17 (KHTML, like Gecko) Version/9.1 Safari/601.5.17" "168.161.200.14"
168.161.200.14 - - [02/Sep/2016:08:25:43 +0000] "GET /uploads/illustrations/PICT4844.jpg HTTP/1.1" 200 330988 "http://melvyn.pythonanywhere.com/posts/" "Mozilla/5.0 (Macintosh; Intel Mac OS X 10_10_5) AppleWebKit/601.5.17 (KHTML, like Gecko) Version/9.1 Safari/601.5.17" "168.161.200.14"
168.161.200.14 - - [02/Sep/2016:08:25:43 +0000] "GET /uploads/illustrations/Tell-a-Story-with-Data-Visualization-1560x878.png HTTP/1.1" 200 415431 "http://melvyn.pythonanywhere.com/posts/" "Mozilla/5.0 (Macintosh; Intel Mac OS X 10_10_5) AppleWebKit/601.5.17 (KHTML, like Gecko) Version/9.1 Safari/601.5.17" "168.161.200.14"
168.161.200.14 - - [02/Sep/2016:08:25:43 +0000] "GET /static/img/divider.png HTTP/1.1" 200 939 "http://melvyn.pythonanywhere.com/posts/" "Mozilla/5.0 (Macintosh; Intel Mac OS X 10_10_5) AppleWebKit/601.5.17 (KHTML, like Gecko) Version/9.1 Safari/601.5.17" "168.161.200.14"
168.161.200.14 - - [02/Sep/2016:08:25:46 +0000] "GET /posts/3/ HTTP/1.1" 200 6193 "http://melvyn.pythonanywhere.com/posts/" "Mozilla/5.0 (Macintosh; Intel Mac OS X 10_10_5) AppleWebKit/601.5.17 (KHTML, like Gecko) Version/9.1 Safari/601.5.17" "168.161.200.14"
168.161.200.14 - - [02/Sep/2016:08:25:46 +0000] "GET /static/style/css/post.css HTTP/1.1" 200 305 "http://melvyn.pythonanywhere.com/posts/3/" "Mozilla/5.0 (Macintosh; Intel Mac OS X 10_10_5) AppleWebKit/601.5.17 (KHTML, like Gecko) Version/9.1 Safari/601.5.17" "168.161.200.14"
168.161.200.14 - - [02/Sep/2016:08:25:46 +0000] "GET /uploads/illustrations/hist_1000_good.png HTTP/1.1" 200 21646 "http://melvyn.pythonanywhere.com/posts/3/" "Mozilla/5.0 (Macintosh; Intel Mac OS X 10_10_5) AppleWebKit/601.5.17 (KHTML, like Gecko) Version/9.1 Safari/601.5.17" "168.161.200.14"
168.161.200.14 - - [02/Sep/2016:08:25:46 +0000] "GET /uploads/illustrations/hist_10000_good.png HTTP/1.1" 200 23232 "http://melvyn.pythonanywhere.com/posts/3/" "Mozilla/5.0 (Macintosh; Intel Mac OS X 10_10_5) AppleWebKit/601.5.17 (KHTML, like Gecko) Version/9.1 Safari/601.5.17" "168.161.200.14"
168.161.200.14 - - [02/Sep/2016:08:25:46 +0000] "GET /uploads/illustrations/hist_1000_bad.png HTTP/1.1" 200 25062 "http://melvyn.pythonanywhere.com/posts/3/" "Mozilla/5.0 (Macintosh; Intel Mac OS X 10_10_5) AppleWebKit/601.5.17 (KHTML, like Gecko) Version/9.1 Safari/601.5.17" "168.161.200.14"
168.161.200.14 - - [02/Sep/2016:08:25:46 +0000] "GET /uploads/illustrations/hist_100000_good.png HTTP/1.1" 200 22987 "http://melvyn.pythonanywhere.com/posts/3/" "Mozilla/5.0 (Macintosh; Intel Mac OS X 10_10_5) AppleWebKit/601.5.17 (KHTML, like Gecko) Version/9.1 Safari/601.5.17" "168.161.200.14"
168.161.200.14 - - [02/Sep/2016:08:25:46 +0000] "GET /uploads/illustrations/spectral_good_3D.png HTTP/1.1" 200 61899 "http://melvyn.pythonanywhere.com/posts/3/" "Mozilla/5.0 (Macintosh; Intel Mac OS X 10_10_5) AppleWebKit/601.5.17 (KHTML, like Gecko) Version/9.1 Safari/601.5.17" "168.161.200.14"
168.161.200.14 - - [02/Sep/2016:08:25:46 +0000] "GET /uploads/illustrations/spectral_good_2D.png HTTP/1.1" 200 37009 "http://melvyn.pythonanywhere.com/posts/3/" "Mozilla/5.0 (Macintosh; Intel Mac OS X 10_10_5) AppleWebKit/601.5.17 (KHTML, like Gecko) Version/9.1 Safari/601.5.17" "168.161.200.14"
168.161.200.14 - - [02/Sep/2016:08:25:46 +0000] "GET /uploads/illustrations/spectral_bad_2D.png HTTP/1.1" 200 65929 "http://melvyn.pythonanywhere.com/posts/3/" "Mozilla/5.0 (Macintosh; Intel Mac OS X 10_10_5) AppleWebKit/601.5.17 (KHTML, like Gecko) Version/9.1 Safari/601.5.17" "168.161.200.14"
168.161.200.14 - - [02/Sep/2016:08:25:46 +0000] "GET /uploads/illustrations/spectral_bad_3D.png HTTP/1.1" 200 107343 "http://melvyn.pythonanywhere.com/posts/3/" "Mozilla/5.0 (Macintosh; Intel Mac OS X 10_10_5) AppleWebKit/601.5.17 (KHTML, like Gecko) Version/9.1 Safari/601.5.17" "168.161.200.14"
54.175.42.246 - - [02/Sep/2016:08:27:05 +0000] "GET /posts/3/ HTTP/1.1" 200 6193 "-" "Quora Link Preview/1.0 (http://www.quora.com)" "54.175.42.246"
54.175.42.246 - - [02/Sep/2016:08:27:06 +0000] "GET /static/img/logo.png HTTP/1.1" 200 10965 "-" "Quora Link Preview/1.0 (http://www.quora.com)" "54.175.42.246"
54.86.178.168 - - [02/Sep/2016:08:35:55 +0000] "GET /posts/3/ HTTP/1.1" 200 6193 "-" "Python-urllib/2.7" "54.86.178.168"
54.86.178.168 - - [02/Sep/2016:08:35:55 +0000] "GET /posts/3/ HTTP/1.1" 200 6193 "-" "Python-urllib/2.7" "54.86.178.168"
54.87.142.185 - - [02/Sep/2016:08:38:40 +0000] "GET /posts/3/ HTTP/1.1" 200 6193 "-" "Python-urllib/2.7" "54.87.142.185"
54.158.251.243 - - [02/Sep/2016:08:39:00 +0000] "GET /posts/3/ HTTP/1.1" 200 6193 "-" "Python-urllib/2.7" "54.158.251.243"
54.158.251.243 - - [02/Sep/2016:08:39:00 +0000] "GET /posts/3/ HTTP/1.1" 200 6193 "-" "Python-urllib/2.7" "54.158.251.243"
95.84.66.238 - - [02/Sep/2016:09:59:49 +0000] "GET /posts/3/ HTTP/1.1" 200 6193 "-" "Mozilla/5.0 (iPad; CPU OS 9_3_5 like Mac OS X) AppleWebKit/601.1.46 (KHTML, like Gecko) Version/9.0 Mobile/13G36 Safari/601.1" "95.84.66.238"
95.84.66.238 - - [02/Sep/2016:09:59:50 +0000] "GET /uploads/illustrations/hist_1000_good.png HTTP/1.1" 200 21646 "http://melvyn.pythonanywhere.com/posts/3/" "Mozilla/5.0 (iPad; CPU OS 9_3_5 like Mac OS X) AppleWebKit/601.1.46 (KHTML, like Gecko) Version/9.0 Mobile/13G36 Safari/601.1" "95.84.66.238"
95.84.66.238 - - [02/Sep/2016:09:59:50 +0000] "GET /uploads/illustrations/PICT4844.jpg HTTP/1.1" 200 330988 "http://melvyn.pythonanywhere.com/posts/3/" "Mozilla/5.0 (iPad; CPU OS 9_3_5 like Mac OS X) AppleWebKit/601.1.46 (KHTML, like Gecko) Version/9.0 Mobile/13G36 Safari/601.1" "95.84.66.238"
95.84.66.238 - - [02/Sep/2016:09:59:50 +0000] "GET /static/style/css/base.css HTTP/1.1" 200 722 "http://melvyn.pythonanywhere.com/posts/3/" "Mozilla/5.0 (iPad; CPU OS 9_3_5 like Mac OS X) AppleWebKit/601.1.46 (KHTML, like Gecko) Version/9.0 Mobile/13G36 Safari/601.1" "95.84.66.238"
95.84.66.238 - - [02/Sep/2016:09:59:50 +0000] "GET /static/img/logo.png HTTP/1.1" 200 10965 "http://melvyn.pythonanywhere.com/posts/3/" "Mozilla/5.0 (iPad; CPU OS 9_3_5 like Mac OS X) AppleWebKit/601.1.46 (KHTML, like Gecko) Version/9.0 Mobile/13G36 Safari/601.1" "95.84.66.238"
95.84.66.238 - - [02/Sep/2016:09:59:50 +0000] "GET /static/js/jquery.easing.1.3.js HTTP/1.1" 200 2027 "http://melvyn.pythonanywhere.com/posts/3/" "Mozilla/5.0 (iPad; CPU OS 9_3_5 like Mac OS X) AppleWebKit/601.1.46 (KHTML, like Gecko) Version/9.0 Mobile/13G36 Safari/601.1" "95.84.66.238"
95.84.66.238 - - [02/Sep/2016:09:59:50 +0000] "GET /static/style/css/post.css HTTP/1.1" 200 305 "http://melvyn.pythonanywhere.com/posts/3/" "Mozilla/5.0 (iPad; CPU OS 9_3_5 like Mac OS X) AppleWebKit/601.1.46 (KHTML, like Gecko) Version/9.0 Mobile/13G36 Safari/601.1" "95.84.66.238"
95.84.66.238 - - [02/Sep/2016:09:59:50 +0000] "GET /uploads/illustrations/spectral_good_2D.png HTTP/1.1" 200 37009 "http://melvyn.pythonanywhere.com/posts/3/" "Mozilla/5.0 (iPad; CPU OS 9_3_5 like Mac OS X) AppleWebKit/601.1.46 (KHTML, like Gecko) Version/9.0 Mobile/13G36 Safari/601.1" "95.84.66.238"
95.84.66.238 - - [02/Sep/2016:09:59:50 +0000] "GET /uploads/illustrations/hist_10000_good.png HTTP/1.1" 200 23232 "http://melvyn.pythonanywhere.com/posts/3/" "Mozilla/5.0 (iPad; CPU OS 9_3_5 like Mac OS X) AppleWebKit/601.1.46 (KHTML, like Gecko) Version/9.0 Mobile/13G36 Safari/601.1" "95.84.66.238"
95.84.66.238 - - [02/Sep/2016:09:59:50 +0000] "GET /uploads/illustrations/spectral_good_3D.png HTTP/1.1" 200 61899 "http://melvyn.pythonanywhere.com/posts/3/" "Mozilla/5.0 (iPad; CPU OS 9_3_5 like Mac OS X) AppleWebKit/601.1.46 (KHTML, like Gecko) Version/9.0 Mobile/13G36 Safari/601.1" "95.84.66.238"
95.84.66.238 - - [02/Sep/2016:09:59:51 +0000] "GET /uploads/illustrations/hist_100000_good.png HTTP/1.1" 200 22987 "http://melvyn.pythonanywhere.com/posts/3/" "Mozilla/5.0 (iPad; CPU OS 9_3_5 like Mac OS X) AppleWebKit/601.1.46 (KHTML, like Gecko) Version/9.0 Mobile/13G36 Safari/601.1" "95.84.66.238"
95.84.66.238 - - [02/Sep/2016:09:59:51 +0000] "GET /uploads/illustrations/hist_1000_bad.png HTTP/1.1" 200 25062 "http://melvyn.pythonanywhere.com/posts/3/" "Mozilla/5.0 (iPad; CPU OS 9_3_5 like Mac OS X) AppleWebKit/601.1.46 (KHTML, like Gecko) Version/9.0 Mobile/13G36 Safari/601.1" "95.84.66.238"
95.84.66.238 - - [02/Sep/2016:09:59:51 +0000] "GET /uploads/illustrations/spectral_bad_2D.png HTTP/1.1" 200 65929 "http://melvyn.pythonanywhere.com/posts/3/" "Mozilla/5.0 (iPad; CPU OS 9_3_5 like Mac OS X) AppleWebKit/601.1.46 (KHTML, like Gecko) Version/9.0 Mobile/13G36 Safari/601.1" "95.84.66.238"
95.84.66.238 - - [02/Sep/2016:09:59:51 +0000] "GET /uploads/illustrations/spectral_bad_3D.png HTTP/1.1" 200 107343 "http://melvyn.pythonanywhere.com/posts/3/" "Mozilla/5.0 (iPad; CPU OS 9_3_5 like Mac OS X) AppleWebKit/601.1.46 (KHTML, like Gecko) Version/9.0 Mobile/13G36 Safari/601.1" "95.84.66.238"
178.197.225.158 - - [02/Sep/2016:10:02:27 +0000] "GET /about/ HTTP/1.1" 200 3818 "http://www.google.ch/" "Mozilla/5.0 (Linux; Android 5.0; SM-N9005 Build/LRX21V) AppleWebKit/537.36 (KHTML, like Gecko) Chrome/52.0.2743.98 Mobile Safari/537.36" "178.197.225.158"
178.197.225.158 - - [02/Sep/2016:10:02:28 +0000] "GET /static/style/css/base.css HTTP/1.1" 200 722 "http://melvyn.pythonanywhere.com/about/" "Mozilla/5.0 (Linux; Android 5.0; SM-N9005 Build/LRX21V) AppleWebKit/537.36 (KHTML, like Gecko) Chrome/52.0.2743.98 Mobile Safari/537.36" "178.197.225.158"
178.197.225.158 - - [02/Sep/2016:10:02:28 +0000] "GET /static/js/jquery.easing.1.3.js HTTP/1.1" 200 2027 "http://melvyn.pythonanywhere.com/about/" "Mozilla/5.0 (Linux; Android 5.0; SM-N9005 Build/LRX21V) AppleWebKit/537.36 (KHTML, like Gecko) Chrome/52.0.2743.98 Mobile Safari/537.36" "178.197.225.158"
178.197.225.158 - - [02/Sep/2016:10:02:28 +0000] "GET /static/style/css/about.css HTTP/1.1" 200 978 "http://melvyn.pythonanywhere.com/about/" "Mozilla/5.0 (Linux; Android 5.0; SM-N9005 Build/LRX21V) AppleWebKit/537.36 (KHTML, like Gecko) Chrome/52.0.2743.98 Mobile Safari/537.36" "178.197.225.158"
178.197.225.158 - - [02/Sep/2016:10:02:28 +0000] "GET /static/img/logo.png HTTP/1.1" 200 10965 "http://melvyn.pythonanywhere.com/about/" "Mozilla/5.0 (Linux; Android 5.0; SM-N9005 Build/LRX21V) AppleWebKit/537.36 (KHTML, like Gecko) Chrome/52.0.2743.98 Mobile Safari/537.36" "178.197.225.158"
178.197.225.158 - - [02/Sep/2016:10:02:28 +0000] "GET /static/img/melvyn_peignon.jpg HTTP/1.1" 200 19770 "http://melvyn.pythonanywhere.com/about/" "Mozilla/5.0 (Linux; Android 5.0; SM-N9005 Build/LRX21V) AppleWebKit/537.36 (KHTML, like Gecko) Chrome/52.0.2743.98 Mobile Safari/537.36" "178.197.225.158"
178.197.225.158 - - [02/Sep/2016:10:02:28 +0000] "GET /static/img/eisti-logo.png HTTP/1.1" 200 29113 "http://melvyn.pythonanywhere.com/about/" "Mozilla/5.0 (Linux; Android 5.0; SM-N9005 Build/LRX21V) AppleWebKit/537.36 (KHTML, like Gecko) Chrome/52.0.2743.98 Mobile Safari/537.36" "178.197.225.158"
178.197.225.158 - - [02/Sep/2016:10:02:28 +0000] "GET /static/img/UCP-logo.png HTTP/1.1" 200 82900 "http://melvyn.pythonanywhere.com/about/" "Mozilla/5.0 (Linux; Android 5.0; SM-N9005 Build/LRX21V) AppleWebKit/537.36 (KHTML, like Gecko) Chrome/52.0.2743.98 Mobile Safari/537.36" "178.197.225.158"
178.197.225.158 - - [02/Sep/2016:10:02:28 +0000] "GET /static/img/rey-logo.png HTTP/1.1" 200 7656 "http://melvyn.pythonanywhere.com/about/" "Mozilla/5.0 (Linux; Android 5.0; SM-N9005 Build/LRX21V) AppleWebKit/537.36 (KHTML, like Gecko) Chrome/52.0.2743.98 Mobile Safari/537.36" "178.197.225.158"
178.197.225.158 - - [02/Sep/2016:10:02:28 +0000] "GET /static/img/blog.png HTTP/1.1" 200 359779 "http://melvyn.pythonanywhere.com/about/" "Mozilla/5.0 (Linux; Android 5.0; SM-N9005 Build/LRX21V) AppleWebKit/537.36 (KHTML, like Gecko) Chrome/52.0.2743.98 Mobile Safari/537.36" "178.197.225.158"
178.197.225.158 - - [02/Sep/2016:10:02:28 +0000] "GET /static/img/Warner.png HTTP/1.1" 200 114363 "http://melvyn.pythonanywhere.com/about/" "Mozilla/5.0 (Linux; Android 5.0; SM-N9005 Build/LRX21V) AppleWebKit/537.36 (KHTML, like Gecko) Chrome/52.0.2743.98 Mobile Safari/537.36" "178.197.225.158"
178.197.225.158 - - [02/Sep/2016:10:02:28 +0000] "GET /static/img/yanport.gif HTTP/1.1" 200 6859 "http://melvyn.pythonanywhere.com/about/" "Mozilla/5.0 (Linux; Android 5.0; SM-N9005 Build/LRX21V) AppleWebKit/537.36 (KHTML, like Gecko) Chrome/52.0.2743.98 Mobile Safari/537.36" "178.197.225.158"
178.197.225.158 - - [02/Sep/2016:10:02:28 +0000] "GET /static/img/askia.png HTTP/1.1" 200 18575 "http://melvyn.pythonanywhere.com/about/" "Mozilla/5.0 (Linux; Android 5.0; SM-N9005 Build/LRX21V) AppleWebKit/537.36 (KHTML, like Gecko) Chrome/52.0.2743.98 Mobile Safari/537.36" "178.197.225.158"
178.197.225.158 - - [02/Sep/2016:10:02:29 +0000] "GET /static/img/logo-phone.png HTTP/1.1" 200 1996 "http://melvyn.pythonanywhere.com/static/style/css/base.css" "Mozilla/5.0 (Linux; Android 5.0; SM-N9005 Build/LRX21V) AppleWebKit/537.36 (KHTML, like Gecko) Chrome/52.0.2743.98 Mobile Safari/537.36" "178.197.225.158"
178.197.225.158 - - [02/Sep/2016:10:02:29 +0000] "GET /static/img/sm-linkedin-icon.png HTTP/1.1" 200 1115 "http://melvyn.pythonanywhere.com/static/style/css/about.css" "Mozilla/5.0 (Linux; Android 5.0; SM-N9005 Build/LRX21V) AppleWebKit/537.36 (KHTML, like Gecko) Chrome/52.0.2743.98 Mobile Safari/537.36" "178.197.225.158"
178.197.225.158 - - [02/Sep/2016:10:02:29 +0000] "GET /static/img/mail-logo.png HTTP/1.1" 200 2088 "http://melvyn.pythonanywhere.com/static/style/css/base.css" "Mozilla/5.0 (Linux; Android 5.0; SM-N9005 Build/LRX21V) AppleWebKit/537.36 (KHTML, like Gecko) Chrome/52.0.2743.98 Mobile Safari/537.36" "178.197.225.158"
178.197.225.158 - - [02/Sep/2016:10:02:29 +0000] "GET /static/img/divider.png HTTP/1.1" 200 939 "http://melvyn.pythonanywhere.com/static/style/css/about.css" "Mozilla/5.0 (Linux; Android 5.0; SM-N9005 Build/LRX21V) AppleWebKit/537.36 (KHTML, like Gecko) Chrome/52.0.2743.98 Mobile Safari/537.36" "178.197.225.158"
178.197.225.158 - - [02/Sep/2016:10:02:29 +0000] "GET /static/img/position-logo.png HTTP/1.1" 200 1676 "http://melvyn.pythonanywhere.com/static/style/css/base.css" "Mozilla/5.0 (Linux; Android 5.0; SM-N9005 Build/LRX21V) AppleWebKit/537.36 (KHTML, like Gecko) Chrome/52.0.2743.98 Mobile Safari/537.36" "178.197.225.158"
178.197.225.158 - - [02/Sep/2016:10:02:29 +0000] "GET /static/img/github-logo.png HTTP/1.1" 200 3347 "http://melvyn.pythonanywhere.com/static/style/css/about.css" "Mozilla/5.0 (Linux; Android 5.0; SM-N9005 Build/LRX21V) AppleWebKit/537.36 (KHTML, like Gecko) Chrome/52.0.2743.98 Mobile Safari/537.36" "178.197.225.158"
178.197.225.158 - - [02/Sep/2016:10:02:29 +0000] "GET /static/img/h2ces.png HTTP/1.1" 200 22074 "http://melvyn.pythonanywhere.com/about/" "Mozilla/5.0 (Linux; Android 5.0; SM-N9005 Build/LRX21V) AppleWebKit/537.36 (KHTML, like Gecko) Chrome/52.0.2743.98 Mobile Safari/537.36" "178.197.225.158"
178.197.225.158 - - [02/Sep/2016:10:02:29 +0000] "GET /static/img/currency_arbitrage.png HTTP/1.1" 200 58574 "http://melvyn.pythonanywhere.com/about/" "Mozilla/5.0 (Linux; Android 5.0; SM-N9005 Build/LRX21V) AppleWebKit/537.36 (KHTML, like Gecko) Chrome/52.0.2743.98 Mobile Safari/537.36" "178.197.225.158"
95.84.66.238 - - [02/Sep/2016:10:04:07 +0000] "GET /posts HTTP/1.1" 301 5 "http://melvyn.pythonanywhere.com/posts/3/" "Mozilla/5.0 (iPad; CPU OS 9_3_5 like Mac OS X) AppleWebKit/601.1.46 (KHTML, like Gecko) Version/9.0 Mobile/13G36 Safari/601.1" "95.84.66.238"
95.84.66.238 - - [02/Sep/2016:10:04:08 +0000] "GET /posts/ HTTP/1.1" 200 1815 "http://melvyn.pythonanywhere.com/posts/3/" "Mozilla/5.0 (iPad; CPU OS 9_3_5 like Mac OS X) AppleWebKit/601.1.46 (KHTML, like Gecko) Version/9.0 Mobile/13G36 Safari/601.1" "95.84.66.238"
95.84.66.238 - - [02/Sep/2016:10:04:08 +0000] "GET /static/style/css/posts.css HTTP/1.1" 200 356 "http://melvyn.pythonanywhere.com/posts/" "Mozilla/5.0 (iPad; CPU OS 9_3_5 like Mac OS X) AppleWebKit/601.1.46 (KHTML, like Gecko) Version/9.0 Mobile/13G36 Safari/601.1" "95.84.66.238"
95.84.66.238 - - [02/Sep/2016:10:04:08 +0000] "GET /uploads/illustrations/Tell-a-Story-with-Data-Visualization-1560x878.png HTTP/1.1" 200 415431 "http://melvyn.pythonanywhere.com/posts/" "Mozilla/5.0 (iPad; CPU OS 9_3_5 like Mac OS X) AppleWebKit/601.1.46 (KHTML, like Gecko) Version/9.0 Mobile/13G36 Safari/601.1" "95.84.66.238"
95.84.66.238 - - [02/Sep/2016:10:04:09 +0000] "GET /static/img/divider.png HTTP/1.1" 200 939 "http://melvyn.pythonanywhere.com/posts/" "Mozilla/5.0 (iPad; CPU OS 9_3_5 like Mac OS X) AppleWebKit/601.1.46 (KHTML, like Gecko) Version/9.0 Mobile/13G36 Safari/601.1" "95.84.66.238"
95.84.66.238 - - [02/Sep/2016:10:04:11 +0000] "GET /posts HTTP/1.1" 301 5 "http://melvyn.pythonanywhere.com/posts/" "Mozilla/5.0 (iPad; CPU OS 9_3_5 like Mac OS X) AppleWebKit/601.1.46 (KHTML, like Gecko) Version/9.0 Mobile/13G36 Safari/601.1" "95.84.66.238"
95.84.66.238 - - [02/Sep/2016:10:04:11 +0000] "GET /posts/ HTTP/1.1" 200 1815 "http://melvyn.pythonanywhere.com/posts/" "Mozilla/5.0 (iPad; CPU OS 9_3_5 like Mac OS X) AppleWebKit/601.1.46 (KHTML, like Gecko) Version/9.0 Mobile/13G36 Safari/601.1" "95.84.66.238"
95.84.66.238 - - [02/Sep/2016:10:04:15 +0000] "GET / HTTP/1.1" 200 1041 "http://melvyn.pythonanywhere.com/posts/" "Mozilla/5.0 (iPad; CPU OS 9_3_5 like Mac OS X) AppleWebKit/601.1.46 (KHTML, like Gecko) Version/9.0 Mobile/13G36 Safari/601.1" "95.84.66.238"
95.84.66.238 - - [02/Sep/2016:10:04:15 +0000] "GET /static/style/css/home.css HTTP/1.1" 200 578 "http://melvyn.pythonanywhere.com/" "Mozilla/5.0 (iPad; CPU OS 9_3_5 like Mac OS X) AppleWebKit/601.1.46 (KHTML, like Gecko) Version/9.0 Mobile/13G36 Safari/601.1" "95.84.66.238"
95.84.66.238 - - [02/Sep/2016:10:04:16 +0000] "GET /static/img/home_illustration.png HTTP/1.1" 200 819937 "http://melvyn.pythonanywhere.com/" "Mozilla/5.0 (iPad; CPU OS 9_3_5 like Mac OS X) AppleWebKit/601.1.46 (KHTML, like Gecko) Version/9.0 Mobile/13G36 Safari/601.1" "95.84.66.238"
95.84.66.238 - - [02/Sep/2016:10:05:03 +0000] "GET /posts HTTP/1.1" 301 5 "http://melvyn.pythonanywhere.com/" "Mozilla/5.0 (iPad; CPU OS 9_3_5 like Mac OS X) AppleWebKit/601.1.46 (KHTML, like Gecko) Version/9.0 Mobile/13G36 Safari/601.1" "95.84.66.238"
95.84.66.238 - - [02/Sep/2016:10:05:03 +0000] "GET /posts/ HTTP/1.1" 200 1815 "http://melvyn.pythonanywhere.com/" "Mozilla/5.0 (iPad; CPU OS 9_3_5 like Mac OS X) AppleWebKit/601.1.46 (KHTML, like Gecko) Version/9.0 Mobile/13G36 Safari/601.1" "95.84.66.238"
164.39.64.90 - - [02/Sep/2016:10:05:05 +0000] "GET /about/ HTTP/1.1" 200 3818 "-" "Mozilla/5.0 (Macintosh; Intel Mac OS X 10_11_6) AppleWebKit/537.36 (KHTML, like Gecko) Chrome/52.0.2743.116 Safari/537.36" "164.39.64.90"
164.39.64.90 - - [02/Sep/2016:10:05:05 +0000] "GET /posts/ HTTP/1.1" 200 1815 "-" "Mozilla/5.0 (Macintosh; Intel Mac OS X 10_11_6) AppleWebKit/537.36 (KHTML, like Gecko) Chrome/52.0.2743.116 Safari/537.36" "164.39.64.90"
164.39.64.90 - - [02/Sep/2016:10:05:05 +0000] "GET / HTTP/1.1" 200 1041 "-" "Mozilla/5.0 (Macintosh; Intel Mac OS X 10_11_6) AppleWebKit/537.36 (KHTML, like Gecko) Chrome/52.0.2743.116 Safari/537.36" "164.39.64.90"
95.84.66.238 - - [02/Sep/2016:10:05:13 +0000] "GET /posts/?page=2 HTTP/1.1" 200 1624 "http://melvyn.pythonanywhere.com/posts/" "Mozilla/5.0 (iPad; CPU OS 9_3_5 like Mac OS X) AppleWebKit/601.1.46 (KHTML, like Gecko) Version/9.0 Mobile/13G36 Safari/601.1" "95.84.66.238"
95.84.66.238 - - [02/Sep/2016:10:05:14 +0000] "GET /uploads/illustrations/food-vegetables-meal-kitchen_Nwzn7mA.jpg HTTP/1.1" 200 347812 "http://melvyn.pythonanywhere.com/posts/?page=2" "Mozilla/5.0 (iPad; CPU OS 9_3_5 like Mac OS X) AppleWebKit/601.1.46 (KHTML, like Gecko) Version/9.0 Mobile/13G36 Safari/601.1" "95.84.66.238"
168.161.200.14 - - [02/Sep/2016:14:30:22 +0000] "GET / HTTP/1.1" 200 1041 "-" "Mozilla/5.0 (Macintosh; Intel Mac OS X 10_10_5) AppleWebKit/601.5.17 (KHTML, like Gecko) Version/9.1 Safari/601.5.17" "168.161.200.14"
168.161.200.14 - - [02/Sep/2016:14:30:23 +0000] "GET /static/style/css/home.css HTTP/1.1" 200 578 "http://melvyn.pythonanywhere.com/" "Mozilla/5.0 (Macintosh; Intel Mac OS X 10_10_5) AppleWebKit/601.5.17 (KHTML, like Gecko) Version/9.1 Safari/601.5.17" "168.161.200.14"
168.161.200.14 - - [02/Sep/2016:14:30:23 +0000] "GET /static/js/jquery.easing.1.3.js HTTP/1.1" 200 2027 "http://melvyn.pythonanywhere.com/" "Mozilla/5.0 (Macintosh; Intel Mac OS X 10_10_5) AppleWebKit/601.5.17 (KHTML, like Gecko) Version/9.1 Safari/601.5.17" "168.161.200.14"
168.161.200.14 - - [02/Sep/2016:14:30:23 +0000] "GET /static/style/css/base.css HTTP/1.1" 200 722 "http://melvyn.pythonanywhere.com/" "Mozilla/5.0 (Macintosh; Intel Mac OS X 10_10_5) AppleWebKit/601.5.17 (KHTML, like Gecko) Version/9.1 Safari/601.5.17" "168.161.200.14"
168.161.200.14 - - [02/Sep/2016:14:30:24 +0000] "GET /static/img/logo.png HTTP/1.1" 200 10965 "http://melvyn.pythonanywhere.com/" "Mozilla/5.0 (Macintosh; Intel Mac OS X 10_10_5) AppleWebKit/601.5.17 (KHTML, like Gecko) Version/9.1 Safari/601.5.17" "168.161.200.14"
168.161.200.14 - - [02/Sep/2016:14:30:24 +0000] "GET /static/img/home_illustration.png HTTP/1.1" 200 819937 "http://melvyn.pythonanywhere.com/" "Mozilla/5.0 (Macintosh; Intel Mac OS X 10_10_5) AppleWebKit/601.5.17 (KHTML, like Gecko) Version/9.1 Safari/601.5.17" "168.161.200.14"
66.249.64.94 - - [02/Sep/2016:16:27:01 +0000] "GET /robots.txt HTTP/1.1" 404 1108 "-" "Mozilla/5.0 (compatible; Googlebot/2.1; +http://www.google.com/bot.html)" "66.249.64.94"
66.249.64.94 - - [02/Sep/2016:16:27:01 +0000] "GET /uploads/illustrations/pie_win_rate.png HTTP/1.1" 200 35657 "-" "Googlebot-Image/1.0" "66.249.64.94"
66.249.64.90 - - [02/Sep/2016:16:30:17 +0000] "GET /posts/2/ HTTP/1.1" 200 3719 "-" "Mozilla/5.0 (Linux; Android 6.0.1; Nexus 5X Build/MMB29P) AppleWebKit/537.36 (KHTML, like Gecko) Chrome/41.0.2272.96 Mobile Safari/537.36 (compatible; Googlebot/2.1; +http://www.google.com/bot.html)" "66.249.64.90"
66.249.64.98 - - [02/Sep/2016:20:19:26 +0000] "GET /posts/1/ HTTP/1.1" 200 7453 "-" "Mozilla/5.0 (Linux; Android 6.0.1; Nexus 5X Build/MMB29P) AppleWebKit/537.36 (KHTML, like Gecko) Chrome/41.0.2272.96 Mobile Safari/537.36 (compatible; Googlebot/2.1; +http://www.google.com/bot.html)" "66.249.64.98"
66.249.64.90 - - [02/Sep/2016:20:19:40 +0000] "GET /static/style/css/post.css HTTP/1.1" 200 305 "http://melvyn.pythonanywhere.com/posts/1/" "Mozilla/5.0 (compatible; Googlebot/2.1; +http://www.google.com/bot.html)" "66.249.64.90"
66.249.64.94 - - [02/Sep/2016:20:19:41 +0000] "GET /static/style/css/base.css HTTP/1.1" 200 722 "http://melvyn.pythonanywhere.com/posts/1/" "Mozilla/5.0 (compatible; Googlebot/2.1; +http://www.google.com/bot.html)" "66.249.64.94"
66.249.64.98 - - [03/Sep/2016:02:01:18 +0000] "GET /static/style/css/posts.css HTTP/1.1" 200 356 "http://melvyn.pythonanywhere.com/posts/" "Mozilla/5.0 (compatible; Googlebot/2.1; +http://www.google.com/bot.html)" "66.249.64.98"
88.122.52.31 - - [05/Sep/2016:12:09:39 +0000] "GET /about/ HTTP/1.1" 302 5 "https://www.google.fr/" "Mozilla/5.0 (Windows NT 10.0; WOW64) AppleWebKit/537.36 (KHTML, like Gecko) Chrome/52.0.2743.116 Safari/537.36" "88.122.52.31"
88.122.52.31 - - [05/Sep/2016:12:09:40 +0000] "GET /about/ HTTP/1.1" 200 3818 "https://www.google.fr/" "Mozilla/5.0 (Windows NT 10.0; WOW64) AppleWebKit/537.36 (KHTML, like Gecko) Chrome/52.0.2743.116 Safari/537.36" "88.122.52.31"
88.122.52.31 - - [05/Sep/2016:12:09:40 +0000] "GET /static/style/css/base.css HTTP/1.1" 200 722 "http://melvyn.pythonanywhere.com/about/" "Mozilla/5.0 (Windows NT 10.0; WOW64) AppleWebKit/537.36 (KHTML, like Gecko) Chrome/52.0.2743.116 Safari/537.36" "88.122.52.31"
88.122.52.31 - - [05/Sep/2016:12:09:40 +0000] "GET /static/js/jquery.easing.1.3.js HTTP/1.1" 200 2027 "http://melvyn.pythonanywhere.com/about/" "Mozilla/5.0 (Windows NT 10.0; WOW64) AppleWebKit/537.36 (KHTML, like Gecko) Chrome/52.0.2743.116 Safari/537.36" "88.122.52.31"
88.122.52.31 - - [05/Sep/2016:12:09:40 +0000] "GET /static/style/css/about.css HTTP/1.1" 200 978 "http://melvyn.pythonanywhere.com/about/" "Mozilla/5.0 (Windows NT 10.0; WOW64) AppleWebKit/537.36 (KHTML, like Gecko) Chrome/52.0.2743.116 Safari/537.36" "88.122.52.31"
88.122.52.31 - - [05/Sep/2016:12:09:40 +0000] "GET /static/img/logo.png HTTP/1.1" 200 10965 "http://melvyn.pythonanywhere.com/about/" "Mozilla/5.0 (Windows NT 10.0; WOW64) AppleWebKit/537.36 (KHTML, like Gecko) Chrome/52.0.2743.116 Safari/537.36" "88.122.52.31"
88.122.52.31 - - [05/Sep/2016:12:09:40 +0000] "GET /static/img/eisti-logo.png HTTP/1.1" 200 29113 "http://melvyn.pythonanywhere.com/about/" "Mozilla/5.0 (Windows NT 10.0; WOW64) AppleWebKit/537.36 (KHTML, like Gecko) Chrome/52.0.2743.116 Safari/537.36" "88.122.52.31"
88.122.52.31 - - [05/Sep/2016:12:09:40 +0000] "GET /static/img/melvyn_peignon.jpg HTTP/1.1" 200 19770 "http://melvyn.pythonanywhere.com/about/" "Mozilla/5.0 (Windows NT 10.0; WOW64) AppleWebKit/537.36 (KHTML, like Gecko) Chrome/52.0.2743.116 Safari/537.36" "88.122.52.31"
88.122.52.31 - - [05/Sep/2016:12:09:40 +0000] "GET /static/img/UCP-logo.png HTTP/1.1" 200 82900 "http://melvyn.pythonanywhere.com/about/" "Mozilla/5.0 (Windows NT 10.0; WOW64) AppleWebKit/537.36 (KHTML, like Gecko) Chrome/52.0.2743.116 Safari/537.36" "88.122.52.31"
88.122.52.31 - - [05/Sep/2016:12:09:40 +0000] "GET /static/img/rey-logo.png HTTP/1.1" 200 7656 "http://melvyn.pythonanywhere.com/about/" "Mozilla/5.0 (Windows NT 10.0; WOW64) AppleWebKit/537.36 (KHTML, like Gecko) Chrome/52.0.2743.116 Safari/537.36" "88.122.52.31"
88.122.52.31 - - [05/Sep/2016:12:09:40 +0000] "GET /static/img/Warner.png HTTP/1.1" 200 114363 "http://melvyn.pythonanywhere.com/about/" "Mozilla/5.0 (Windows NT 10.0; WOW64) AppleWebKit/537.36 (KHTML, like Gecko) Chrome/52.0.2743.116 Safari/537.36" "88.122.52.31"
88.122.52.31 - - [05/Sep/2016:12:09:40 +0000] "GET /static/img/yanport.gif HTTP/1.1" 200 6859 "http://melvyn.pythonanywhere.com/about/" "Mozilla/5.0 (Windows NT 10.0; WOW64) AppleWebKit/537.36 (KHTML, like Gecko) Chrome/52.0.2743.116 Safari/537.36" "88.122.52.31"
88.122.52.31 - - [05/Sep/2016:12:09:41 +0000] "GET /static/img/askia.png HTTP/1.1" 200 18575 "http://melvyn.pythonanywhere.com/about/" "Mozilla/5.0 (Windows NT 10.0; WOW64) AppleWebKit/537.36 (KHTML, like Gecko) Chrome/52.0.2743.116 Safari/537.36" "88.122.52.31"
88.122.52.31 - - [05/Sep/2016:12:09:41 +0000] "GET /static/img/logo-phone.png HTTP/1.1" 200 1996 "http://melvyn.pythonanywhere.com/static/style/css/base.css" "Mozilla/5.0 (Windows NT 10.0; WOW64) AppleWebKit/537.36 (KHTML, like Gecko) Chrome/52.0.2743.116 Safari/537.36" "88.122.52.31"
88.122.52.31 - - [05/Sep/2016:12:09:41 +0000] "GET /static/img/sm-linkedin-icon.png HTTP/1.1" 200 1115 "http://melvyn.pythonanywhere.com/static/style/css/about.css" "Mozilla/5.0 (Windows NT 10.0; WOW64) AppleWebKit/537.36 (KHTML, like Gecko) Chrome/52.0.2743.116 Safari/537.36" "88.122.52.31"
88.122.52.31 - - [05/Sep/2016:12:09:41 +0000] "GET /static/img/mail-logo.png HTTP/1.1" 200 2088 "http://melvyn.pythonanywhere.com/static/style/css/base.css" "Mozilla/5.0 (Windows NT 10.0; WOW64) AppleWebKit/537.36 (KHTML, like Gecko) Chrome/52.0.2743.116 Safari/537.36" "88.122.52.31"
88.122.52.31 - - [05/Sep/2016:12:09:41 +0000] "GET /static/img/divider.png HTTP/1.1" 200 939 "http://melvyn.pythonanywhere.com/static/style/css/about.css" "Mozilla/5.0 (Windows NT 10.0; WOW64) AppleWebKit/537.36 (KHTML, like Gecko) Chrome/52.0.2743.116 Safari/537.36" "88.122.52.31"
88.122.52.31 - - [05/Sep/2016:12:09:41 +0000] "GET /static/img/position-logo.png HTTP/1.1" 200 1676 "http://melvyn.pythonanywhere.com/static/style/css/base.css" "Mozilla/5.0 (Windows NT 10.0; WOW64) AppleWebKit/537.36 (KHTML, like Gecko) Chrome/52.0.2743.116 Safari/537.36" "88.122.52.31"
88.122.52.31 - - [05/Sep/2016:12:09:41 +0000] "GET /static/img/github-logo.png HTTP/1.1" 200 3347 "http://melvyn.pythonanywhere.com/static/style/css/about.css" "Mozilla/5.0 (Windows NT 10.0; WOW64) AppleWebKit/537.36 (KHTML, like Gecko) Chrome/52.0.2743.116 Safari/537.36" "88.122.52.31"
88.122.52.31 - - [05/Sep/2016:12:09:41 +0000] "GET /static/img/blog.png HTTP/1.1" 200 359779 "http://melvyn.pythonanywhere.com/about/" "Mozilla/5.0 (Windows NT 10.0; WOW64) AppleWebKit/537.36 (KHTML, like Gecko) Chrome/52.0.2743.116 Safari/537.36" "88.122.52.31"
88.122.52.31 - - [05/Sep/2016:12:09:41 +0000] "GET /static/img/h2ces.png HTTP/1.1" 200 22074 "http://melvyn.pythonanywhere.com/about/" "Mozilla/5.0 (Windows NT 10.0; WOW64) AppleWebKit/537.36 (KHTML, like Gecko) Chrome/52.0.2743.116 Safari/537.36" "88.122.52.31"
88.122.52.31 - - [05/Sep/2016:12:09:41 +0000] "GET /static/img/currency_arbitrage.png HTTP/1.1" 200 58574 "http://melvyn.pythonanywhere.com/about/" "Mozilla/5.0 (Windows NT 10.0; WOW64) AppleWebKit/537.36 (KHTML, like Gecko) Chrome/52.0.2743.116 Safari/537.36" "88.122.52.31"
88.122.52.31 - - [05/Sep/2016:12:09:42 +0000] "GET /favicon.ico HTTP/1.1" 404 1110 "http://melvyn.pythonanywhere.com/about/" "Mozilla/5.0 (Windows NT 10.0; WOW64) AppleWebKit/537.36 (KHTML, like Gecko) Chrome/52.0.2743.116 Safari/537.36" "88.122.52.31"
31.13.113.94 - - [05/Sep/2016:12:10:00 +0000] "GET /about/ HTTP/1.1" 200 3818 "-" "facebookexternalhit/1.1 (+http://www.facebook.com/externalhit_uatext.php)" "31.13.113.94"
31.13.113.94 - - [05/Sep/2016:12:10:01 +0000] "GET /static/img/eisti-logo.png HTTP/1.1" 200 29113 "http://melvyn.pythonanywhere.com/about/" "facebookexternalhit/1.1 (+http://www.facebook.com/externalhit_uatext.php)" "31.13.113.94"
31.13.113.93 - - [05/Sep/2016:12:10:01 +0000] "GET /static/img/askia.png HTTP/1.1" 200 18575 "http://melvyn.pythonanywhere.com/about/" "facebookexternalhit/1.1 (+http://www.facebook.com/externalhit_uatext.php)" "31.13.113.93"
31.13.113.67 - - [05/Sep/2016:12:10:01 +0000] "GET /static/img/yanport.gif HTTP/1.1" 200 6859 "http://melvyn.pythonanywhere.com/about/" "facebookexternalhit/1.1 (+http://www.facebook.com/externalhit_uatext.php)" "31.13.113.67"
31.13.113.65 - - [05/Sep/2016:12:10:01 +0000] "GET /static/img/logo.png HTTP/1.1" 200 10965 "http://melvyn.pythonanywhere.com/about/" "facebookexternalhit/1.1 (+http://www.facebook.com/externalhit_uatext.php)" "31.13.113.65"
31.13.113.66 - - [05/Sep/2016:12:10:01 +0000] "GET /static/img/currency_arbitrage.png HTTP/1.1" 200 58574 "http://melvyn.pythonanywhere.com/about/" "facebookexternalhit/1.1 (+http://www.facebook.com/externalhit_uatext.php)" "31.13.113.66"
31.13.113.93 - - [05/Sep/2016:12:10:01 +0000] "GET /static/img/rey-logo.png HTTP/1.1" 200 7656 "http://melvyn.pythonanywhere.com/about/" "facebookexternalhit/1.1 (+http://www.facebook.com/externalhit_uatext.php)" "31.13.113.93"
173.252.90.243 - - [05/Sep/2016:12:10:01 +0000] "GET /static/img/Warner.png HTTP/1.1" 200 114363 "-" "facebookexternalhit/1.1 (+http://www.facebook.com/externalhit_uatext.php)" "173.252.90.243"
173.252.95.9 - - [05/Sep/2016:12:10:02 +0000] "GET /static/img/yanport.gif HTTP/1.1" 200 6859 "-" "facebookexternalhit/1.1 (+http://www.facebook.com/externalhit_uatext.php)" "173.252.95.9"
31.13.113.95 - - [05/Sep/2016:12:10:02 +0000] "GET /static/img/currency_arbitrage.png HTTP/1.1" 200 58574 "-" "facebookexternalhit/1.1 (+http://www.facebook.com/externalhit_uatext.php)" "31.13.113.95"
66.220.146.24 - - [05/Sep/2016:12:10:03 +0000] "GET /static/img/currency_arbitrage.png HTTP/1.1" 200 58574 "-" "facebookexternalhit/1.1 (+http://www.facebook.com/externalhit_uatext.php)" "66.220.146.24"
66.220.146.22 - - [05/Sep/2016:12:10:03 +0000] "GET /static/img/currency_arbitrage.png HTTP/1.1" 200 58574 "-" "facebookexternalhit/1.1 (+http://www.facebook.com/externalhit_uatext.php)" "66.220.146.22"
66.220.145.244 - - [05/Sep/2016:12:10:05 +0000] "GET /about/ HTTP/1.1" 200 3818 "http://l.facebook.com/lsr.php?u=http%3A%2F%2Fmelvyn.pythonanywhere.com%2Fabout%2F&ext=1473077704&hash=Acm08a7MZpN9mtWl3KZ93gbrM3NDWqEkExdd_ytd0xnpog" "Mozilla/5.0 (Windows NT 10.0; WOW64) AppleWebKit/537.36 (KHTML, like Gecko) Chrome/52.0.2743.116 Safari/537.36" "66.220.145.244"
173.252.123.132 - - [05/Sep/2016:12:10:06 +0000] "GET /static/img/currency_arbitrage.png HTTP/1.1" 200 58574 "-" "facebookexternalhit/1.1 (+http://www.facebook.com/externalhit_uatext.php)" "173.252.123.132"
66.220.145.244 - - [05/Sep/2016:12:10:06 +0000] "GET /static/style/css/base.css HTTP/1.1" 200 722 "http://melvyn.pythonanywhere.com/about/" "Mozilla/5.0 (Windows NT 10.0; WOW64) AppleWebKit/537.36 (KHTML, like Gecko) Chrome/52.0.2743.116 Safari/537.36" "66.220.145.244"
66.220.145.244 - - [05/Sep/2016:12:10:06 +0000] "GET /static/js/jquery.easing.1.3.js HTTP/1.1" 200 2027 "http://melvyn.pythonanywhere.com/about/" "Mozilla/5.0 (Windows NT 10.0; WOW64) AppleWebKit/537.36 (KHTML, like Gecko) Chrome/52.0.2743.116 Safari/537.36" "66.220.145.244"
66.220.145.243 - - [05/Sep/2016:12:10:06 +0000] "GET /static/style/css/about.css HTTP/1.1" 200 978 "http://melvyn.pythonanywhere.com/about/" "Mozilla/5.0 (Windows NT 10.0; WOW64) AppleWebKit/537.36 (KHTML, like Gecko) Chrome/52.0.2743.116 Safari/537.36" "66.220.145.243"
66.220.145.246 - - [05/Sep/2016:12:10:06 +0000] "GET /about HTTP/1.1" 301 5 "http://l.facebook.com/lsr.php?u=http%3A%2F%2Fmelvyn.pythonanywhere.com%2Fabout&ext=1473077705&hash=Ack0g3iJJT2DoxZtwzU7NZDjP7LhER71OSA0oAFv7J7Nhw" "Mozilla/5.0 (X11; Linux x86_64) AppleWebKit/537.36 (KHTML, like Gecko) Chrome/50.0.2661.89 Safari/537.36" "66.220.145.246"
66.220.145.244 - - [05/Sep/2016:12:10:06 +0000] "GET /static/img/logo.png HTTP/1.1" 200 10965 "http://melvyn.pythonanywhere.com/about/" "Mozilla/5.0 (Windows NT 10.0; WOW64) AppleWebKit/537.36 (KHTML, like Gecko) Chrome/52.0.2743.116 Safari/537.36" "66.220.145.244"
66.220.145.246 - - [05/Sep/2016:12:10:06 +0000] "GET /about/ HTTP/1.1" 200 3818 "http://l.facebook.com/lsr.php?u=http%3A%2F%2Fmelvyn.pythonanywhere.com%2Fabout&ext=1473077705&hash=Ack0g3iJJT2DoxZtwzU7NZDjP7LhER71OSA0oAFv7J7Nhw" "Mozilla/5.0 (X11; Linux x86_64) AppleWebKit/537.36 (KHTML, like Gecko) Chrome/50.0.2661.89 Safari/537.36" "66.220.145.246"
66.220.145.244 - - [05/Sep/2016:12:10:06 +0000] "GET /static/img/melvyn_peignon.jpg HTTP/1.1" 200 19770 "http://melvyn.pythonanywhere.com/about/" "Mozilla/5.0 (Windows NT 10.0; WOW64) AppleWebKit/537.36 (KHTML, like Gecko) Chrome/52.0.2743.116 Safari/537.36" "66.220.145.244"
66.220.145.243 - - [05/Sep/2016:12:10:06 +0000] "GET /static/img/eisti-logo.png HTTP/1.1" 200 29113 "http://melvyn.pythonanywhere.com/about/" "Mozilla/5.0 (Windows NT 10.0; WOW64) AppleWebKit/537.36 (KHTML, like Gecko) Chrome/52.0.2743.116 Safari/537.36" "66.220.145.243"
66.220.145.244 - - [05/Sep/2016:12:10:06 +0000] "GET /static/img/UCP-logo.png HTTP/1.1" 200 82900 "http://melvyn.pythonanywhere.com/about/" "Mozilla/5.0 (Windows NT 10.0; WOW64) AppleWebKit/537.36 (KHTML, like Gecko) Chrome/52.0.2743.116 Safari/537.36" "66.220.145.244"
66.220.145.244 - - [05/Sep/2016:12:10:06 +0000] "GET /static/img/rey-logo.png HTTP/1.1" 200 7656 "http://melvyn.pythonanywhere.com/about/" "Mozilla/5.0 (Windows NT 10.0; WOW64) AppleWebKit/537.36 (KHTML, like Gecko) Chrome/52.0.2743.116 Safari/537.36" "66.220.145.244"
66.220.145.244 - - [05/Sep/2016:12:10:07 +0000] "GET /static/img/Warner.png HTTP/1.1" 200 114363 "http://melvyn.pythonanywhere.com/about/" "Mozilla/5.0 (Windows NT 10.0; WOW64) AppleWebKit/537.36 (KHTML, like Gecko) Chrome/52.0.2743.116 Safari/537.36" "66.220.145.244"
66.220.145.244 - - [05/Sep/2016:12:10:07 +0000] "GET /static/img/logo-phone.png HTTP/1.1" 200 1996 "http://melvyn.pythonanywhere.com/static/style/css/base.css" "Mozilla/5.0 (Windows NT 10.0; WOW64) AppleWebKit/537.36 (KHTML, like Gecko) Chrome/52.0.2743.116 Safari/537.36" "66.220.145.244"
66.220.145.243 - - [05/Sep/2016:12:10:07 +0000] "GET /static/js/jquery.easing.1.3.js HTTP/1.1" 200 2027 "http://melvyn.pythonanywhere.com/about/" "Mozilla/5.0 (X11; Linux x86_64) AppleWebKit/537.36 (KHTML, like Gecko) Chrome/50.0.2661.89 Safari/537.36" "66.220.145.243"
66.220.145.243 - - [05/Sep/2016:12:10:07 +0000] "GET /static/style/css/about.css HTTP/1.1" 200 978 "http://melvyn.pythonanywhere.com/about/" "Mozilla/5.0 (X11; Linux x86_64) AppleWebKit/537.36 (KHTML, like Gecko) Chrome/50.0.2661.89 Safari/537.36" "66.220.145.243"
66.220.145.244 - - [05/Sep/2016:12:10:07 +0000] "GET /static/img/mail-logo.png HTTP/1.1" 200 2088 "http://melvyn.pythonanywhere.com/static/style/css/base.css" "Mozilla/5.0 (Windows NT 10.0; WOW64) AppleWebKit/537.36 (KHTML, like Gecko) Chrome/52.0.2743.116 Safari/537.36" "66.220.145.244"
66.220.145.243 - - [05/Sep/2016:12:10:07 +0000] "GET /static/img/sm-linkedin-icon.png HTTP/1.1" 200 1115 "http://melvyn.pythonanywhere.com/static/style/css/about.css" "Mozilla/5.0 (Windows NT 10.0; WOW64) AppleWebKit/537.36 (KHTML, like Gecko) Chrome/52.0.2743.116 Safari/537.36" "66.220.145.243"
66.220.145.245 - - [05/Sep/2016:12:10:07 +0000] "GET /static/img/askia.png HTTP/1.1" 200 18575 "http://melvyn.pythonanywhere.com/about/" "Mozilla/5.0 (Windows NT 10.0; WOW64) AppleWebKit/537.36 (KHTML, like Gecko) Chrome/52.0.2743.116 Safari/537.36" "66.220.145.245"
66.220.145.244 - - [05/Sep/2016:12:10:07 +0000] "GET /static/img/yanport.gif HTTP/1.1" 200 6859 "http://melvyn.pythonanywhere.com/about/" "Mozilla/5.0 (Windows NT 10.0; WOW64) AppleWebKit/537.36 (KHTML, like Gecko) Chrome/52.0.2743.116 Safari/537.36" "66.220.145.244"
66.220.145.245 - - [05/Sep/2016:12:10:07 +0000] "GET /static/style/css/base.css HTTP/1.1" 200 722 "http://melvyn.pythonanywhere.com/about/" "Mozilla/5.0 (X11; Linux x86_64) AppleWebKit/537.36 (KHTML, like Gecko) Chrome/50.0.2661.89 Safari/537.36" "66.220.145.245"
66.220.145.244 - - [05/Sep/2016:12:10:07 +0000] "GET /static/img/divider.png HTTP/1.1" 200 939 "http://melvyn.pythonanywhere.com/static/style/css/about.css" "Mozilla/5.0 (Windows NT 10.0; WOW64) AppleWebKit/537.36 (KHTML, like Gecko) Chrome/52.0.2743.116 Safari/537.36" "66.220.145.244"
66.220.145.244 - - [05/Sep/2016:12:10:07 +0000] "GET /static/img/position-logo.png HTTP/1.1" 200 1676 "http://melvyn.pythonanywhere.com/static/style/css/base.css" "Mozilla/5.0 (Windows NT 10.0; WOW64) AppleWebKit/537.36 (KHTML, like Gecko) Chrome/52.0.2743.116 Safari/537.36" "66.220.145.244"
66.220.145.243 - - [05/Sep/2016:12:10:07 +0000] "GET /static/img/github-logo.png HTTP/1.1" 200 3347 "http://melvyn.pythonanywhere.com/static/style/css/about.css" "Mozilla/5.0 (Windows NT 10.0; WOW64) AppleWebKit/537.36 (KHTML, like Gecko) Chrome/52.0.2743.116 Safari/537.36" "66.220.145.243"
66.220.145.244 - - [05/Sep/2016:12:10:07 +0000] "GET /static/img/blog.png HTTP/1.1" 200 359779 "http://melvyn.pythonanywhere.com/about/" "Mozilla/5.0 (Windows NT 10.0; WOW64) AppleWebKit/537.36 (KHTML, like Gecko) Chrome/52.0.2743.116 Safari/537.36" "66.220.145.244"
66.220.145.245 - - [05/Sep/2016:12:10:07 +0000] "GET /static/img/h2ces.png HTTP/1.1" 200 22074 "http://melvyn.pythonanywhere.com/about/" "Mozilla/5.0 (Windows NT 10.0; WOW64) AppleWebKit/537.36 (KHTML, like Gecko) Chrome/52.0.2743.116 Safari/537.36" "66.220.145.245"
66.220.145.245 - - [05/Sep/2016:12:10:07 +0000] "GET /static/img/logo.png HTTP/1.1" 200 10965 "http://melvyn.pythonanywhere.com/about/" "Mozilla/5.0 (X11; Linux x86_64) AppleWebKit/537.36 (KHTML, like Gecko) Chrome/50.0.2661.89 Safari/537.36" "66.220.145.245"
66.220.145.244 - - [05/Sep/2016:12:10:07 +0000] "GET /static/img/currency_arbitrage.png HTTP/1.1" 200 58574 "http://melvyn.pythonanywhere.com/about/" "Mozilla/5.0 (Windows NT 10.0; WOW64) AppleWebKit/537.36 (KHTML, like Gecko) Chrome/52.0.2743.116 Safari/537.36" "66.220.145.244"
66.220.145.243 - - [05/Sep/2016:12:10:07 +0000] "GET /static/img/melvyn_peignon.jpg HTTP/1.1" 200 19770 "http://melvyn.pythonanywhere.com/about/" "Mozilla/5.0 (X11; Linux x86_64) AppleWebKit/537.36 (KHTML, like Gecko) Chrome/50.0.2661.89 Safari/537.36" "66.220.145.243"
66.220.145.243 - - [05/Sep/2016:12:10:07 +0000] "GET /static/img/eisti-logo.png HTTP/1.1" 200 29113 "http://melvyn.pythonanywhere.com/about/" "Mozilla/5.0 (X11; Linux x86_64) AppleWebKit/537.36 (KHTML, like Gecko) Chrome/50.0.2661.89 Safari/537.36" "66.220.145.243"
66.220.145.243 - - [05/Sep/2016:12:10:07 +0000] "GET /static/img/UCP-logo.png HTTP/1.1" 200 82900 "http://melvyn.pythonanywhere.com/about/" "Mozilla/5.0 (X11; Linux x86_64) AppleWebKit/537.36 (KHTML, like Gecko) Chrome/50.0.2661.89 Safari/537.36" "66.220.145.243"
66.220.145.245 - - [05/Sep/2016:12:10:07 +0000] "GET /static/img/rey-logo.png HTTP/1.1" 200 7656 "http://melvyn.pythonanywhere.com/about/" "Mozilla/5.0 (X11; Linux x86_64) AppleWebKit/537.36 (KHTML, like Gecko) Chrome/50.0.2661.89 Safari/537.36" "66.220.145.245"
66.220.145.243 - - [05/Sep/2016:12:10:07 +0000] "GET /static/img/Warner.png HTTP/1.1" 200 114363 "http://melvyn.pythonanywhere.com/about/" "Mozilla/5.0 (X11; Linux x86_64) AppleWebKit/537.36 (KHTML, like Gecko) Chrome/50.0.2661.89 Safari/537.36" "66.220.145.243"
66.220.145.243 - - [05/Sep/2016:12:10:07 +0000] "GET /static/img/askia.png HTTP/1.1" 200 18575 "http://melvyn.pythonanywhere.com/about/" "Mozilla/5.0 (X11; Linux x86_64) AppleWebKit/537.36 (KHTML, like Gecko) Chrome/50.0.2661.89 Safari/537.36" "66.220.145.243"
66.220.145.243 - - [05/Sep/2016:12:10:07 +0000] "GET /static/img/logo-phone.png HTTP/1.1" 200 1996 "http://melvyn.pythonanywhere.com/static/style/css/base.css" "Mozilla/5.0 (X11; Linux x86_64) AppleWebKit/537.36 (KHTML, like Gecko) Chrome/50.0.2661.89 Safari/537.36" "66.220.145.243"
66.220.145.243 - - [05/Sep/2016:12:10:07 +0000] "GET /static/img/sm-linkedin-icon.png HTTP/1.1" 200 1115 "http://melvyn.pythonanywhere.com/static/style/css/about.css" "Mozilla/5.0 (X11; Linux x86_64) AppleWebKit/537.36 (KHTML, like Gecko) Chrome/50.0.2661.89 Safari/537.36" "66.220.145.243"
66.220.145.245 - - [05/Sep/2016:12:10:07 +0000] "GET /static/img/mail-logo.png HTTP/1.1" 200 2088 "http://melvyn.pythonanywhere.com/static/style/css/base.css" "Mozilla/5.0 (X11; Linux x86_64) AppleWebKit/537.36 (KHTML, like Gecko) Chrome/50.0.2661.89 Safari/537.36" "66.220.145.245"
66.220.145.243 - - [05/Sep/2016:12:10:07 +0000] "GET /static/img/yanport.gif HTTP/1.1" 200 6859 "http://melvyn.pythonanywhere.com/about/" "Mozilla/5.0 (X11; Linux x86_64) AppleWebKit/537.36 (KHTML, like Gecko) Chrome/50.0.2661.89 Safari/537.36" "66.220.145.243"
66.220.145.243 - - [05/Sep/2016:12:10:07 +0000] "GET /static/img/divider.png HTTP/1.1" 200 939 "http://melvyn.pythonanywhere.com/static/style/css/about.css" "Mozilla/5.0 (X11; Linux x86_64) AppleWebKit/537.36 (KHTML, like Gecko) Chrome/50.0.2661.89 Safari/537.36" "66.220.145.243"
66.220.145.245 - - [05/Sep/2016:12:10:07 +0000] "GET /static/img/position-logo.png HTTP/1.1" 200 1676 "http://melvyn.pythonanywhere.com/static/style/css/base.css" "Mozilla/5.0 (X11; Linux x86_64) AppleWebKit/537.36 (KHTML, like Gecko) Chrome/50.0.2661.89 Safari/537.36" "66.220.145.245"
66.220.145.244 - - [05/Sep/2016:12:10:08 +0000] "GET /favicon.ico HTTP/1.1" 404 1110 "http://melvyn.pythonanywhere.com/about/" "Mozilla/5.0 (Windows NT 10.0; WOW64) AppleWebKit/537.36 (KHTML, like Gecko) Chrome/52.0.2743.116 Safari/537.36" "66.220.145.244"
66.220.145.243 - - [05/Sep/2016:12:10:08 +0000] "GET /static/img/github-logo.png HTTP/1.1" 200 3347 "http://melvyn.pythonanywhere.com/static/style/css/about.css" "Mozilla/5.0 (X11; Linux x86_64) AppleWebKit/537.36 (KHTML, like Gecko) Chrome/50.0.2661.89 Safari/537.36" "66.220.145.243"
66.220.145.243 - - [05/Sep/2016:12:10:08 +0000] "GET /static/img/blog.png HTTP/1.1" 200 359779 "http://melvyn.pythonanywhere.com/about/" "Mozilla/5.0 (X11; Linux x86_64) AppleWebKit/537.36 (KHTML, like Gecko) Chrome/50.0.2661.89 Safari/537.36" "66.220.145.243"
