66.102.9.106 - - [15/Aug/2016:21:04:09 +0000] "GET /uploads/illustrations/spectral_good_3D.png HTTP/1.1" 200 61899 "http://melvyn.pythonanywhere.com/posts/3/" "Mozilla/5.0 (Linux; Android 4.2.2; TECNO G9 Build/JDQ39) AppleWebKit/537.36 (KHTML, like Gecko) Chrome/50.0.2661.89 Safari/537.36" "197.211.57.35, 66.102.9.106"
66.102.9.116 - - [15/Aug/2016:21:04:09 +0000] "GET /uploads/illustrations/spectral_good_2D.png HTTP/1.1" 200 37009 "http://melvyn.pythonanywhere.com/posts/3/" "Mozilla/5.0 (Linux; Android 4.2.2; TECNO G9 Build/JDQ39) AppleWebKit/537.36 (KHTML, like Gecko) Chrome/50.0.2661.89 Safari/537.36" "197.211.57.35, 66.102.9.116"
66.102.9.116 - - [15/Aug/2016:21:04:09 +0000] "GET /uploads/illustrations/hist_10000_good.png HTTP/1.1" 200 23232 "http://melvyn.pythonanywhere.com/posts/3/" "Mozilla/5.0 (Linux; Android 4.2.2; TECNO G9 Build/JDQ39) AppleWebKit/537.36 (KHTML, like Gecko) Chrome/50.0.2661.89 Safari/537.36" "197.211.57.35, 66.102.9.116"
66.102.9.116 - - [15/Aug/2016:21:04:09 +0000] "GET /static/style/css/post.css HTTP/1.1" 200 305 "http://melvyn.pythonanywhere.com/posts/3/" "Mozilla/5.0 (Linux; Android 4.2.2; TECNO G9 Build/JDQ39) AppleWebKit/537.36 (KHTML, like Gecko) Chrome/50.0.2661.89 Safari/537.36" "197.211.57.35, 66.102.9.116"
66.102.9.106 - - [15/Aug/2016:21:04:09 +0000] "GET /uploads/illustrations/hist_100000_good.png HTTP/1.1" 200 22987 "http://melvyn.pythonanywhere.com/posts/3/" "Mozilla/5.0 (Linux; Android 4.2.2; TECNO G9 Build/JDQ39) AppleWebKit/537.36 (KHTML, like Gecko) Chrome/50.0.2661.89 Safari/537.36" "197.211.57.35, 66.102.9.106"
66.102.9.116 - - [15/Aug/2016:21:04:09 +0000] "GET /uploads/illustrations/spectral_bad_3D.png HTTP/1.1" 200 107343 "http://melvyn.pythonanywhere.com/posts/3/" "Mozilla/5.0 (Linux; Android 4.2.2; TECNO G9 Build/JDQ39) AppleWebKit/537.36 (KHTML, like Gecko) Chrome/50.0.2661.89 Safari/537.36" "197.211.57.35, 66.102.9.116"
66.102.9.96 - - [15/Aug/2016:21:04:09 +0000] "GET /uploads/illustrations/spectral_bad_2D.png HTTP/1.1" 200 65929 "http://melvyn.pythonanywhere.com/posts/3/" "Mozilla/5.0 (Linux; Android 4.2.2; TECNO G9 Build/JDQ39) AppleWebKit/537.36 (KHTML, like Gecko) Chrome/50.0.2661.89 Safari/537.36" "197.211.57.35, 66.102.9.96"
66.102.9.106 - - [15/Aug/2016:21:04:09 +0000] "GET /uploads/illustrations/spectral_good_3D.png HTTP/1.1" 200 61899 "http://melvyn.pythonanywhere.com/posts/3/" "Mozilla/5.0 (Linux; Android 4.2.2; TECNO G9 Build/JDQ39) AppleWebKit/537.36 (KHTML, like Gecko) Chrome/50.0.2661.89 Safari/537.36" "197.211.57.35, 66.102.9.106"
66.102.9.116 - - [15/Aug/2016:21:04:09 +0000] "GET /uploads/illustrations/spectral_good_2D.png HTTP/1.1" 200 37009 "http://melvyn.pythonanywhere.com/posts/3/" "Mozilla/5.0 (Linux; Android 4.2.2; TECNO G9 Build/JDQ39) AppleWebKit/537.36 (KHTML, like Gecko) Chrome/50.0.2661.89 Safari/537.36" "197.211.57.35, 66.102.9.116"
66.102.9.116 - - [15/Aug/2016:21:04:09 +0000] "GET /uploads/illustrations/hist_10000_good.png HTTP/1.1" 200 23232 "http://melvyn.pythonanywhere.com/posts/3/" "Mozilla/5.0 (Linux; Android 4.2.2; TECNO G9 Build/JDQ39) AppleWebKit/537.36 (KHTML, like Gecko) Chrome/50.0.2661.89 Safari/537.36" "197.211.57.35, 66.102.9.116"
66.102.9.116 - - [15/Aug/2016:21:04:09 +0000] "GET /static/style/css/post.css HTTP/1.1" 200 305 "http://melvyn.pythonanywhere.com/posts/3/" "Mozilla/5.0 (Linux; Android 4.2.2; TECNO G9 Build/JDQ39) AppleWebKit/537.36 (KHTML, like Gecko) Chrome/50.0.2661.89 Safari/537.36" "197.211.57.35, 66.102.9.116"
66.102.9.106 - - [15/Aug/2016:21:04:09 +0000] "GET /uploads/illustrations/hist_100000_good.png HTTP/1.1" 200 22987 "http://melvyn.pythonanywhere.com/posts/3/" "Mozilla/5.0 (Linux; Android 4.2.2; TECNO G9 Build/JDQ39) AppleWebKit/537.36 (KHTML, like Gecko) Chrome/50.0.2661.89 Safari/537.36" "197.211.57.35, 66.102.9.106"
66.102.9.116 - - [15/Aug/2016:21:04:09 +0000] "GET /uploads/illustrations/spectral_bad_3D.png HTTP/1.1" 200 107343 "http://melvyn.pythonanywhere.com/posts/3/" "Mozilla/5.0 (Linux; Android 4.2.2; TECNO G9 Build/JDQ39) AppleWebKit/537.36 (KHTML, like Gecko) Chrome/50.0.2661.89 Safari/537.36" "197.211.57.35, 66.102.9.116"
66.102.9.96 - - [15/Aug/2016:21:04:09 +0000] "GET /uploads/illustrations/spectral_bad_2D.png HTTP/1.1" 200 65929 "http://melvyn.pythonanywhere.com/posts/3/" "Mozilla/5.0 (Linux; Android 4.2.2; TECNO G9 Build/JDQ39) AppleWebKit/537.36 (KHTML, like Gecko) Chrome/50.0.2661.89 Safari/537.36" "197.211.57.35, 66.102.9.96"
66.102.9.106 - - [15/Aug/2016:21:04:09 +0000] "GET /uploads/illustrations/spectral_good_3D.png HTTP/1.1" 200 61899 "http://melvyn.pythonanywhere.com/posts/3/" "Mozilla/5.0 (Linux; Android 4.2.2; TECNO G9 Build/JDQ39) AppleWebKit/537.36 (KHTML, like Gecko) Chrome/50.0.2661.89 Safari/537.36" "197.211.57.35, 66.102.9.106"
66.102.9.116 - - [15/Aug/2016:21:04:09 +0000] "GET /uploads/illustrations/spectral_good_2D.png HTTP/1.1" 200 37009 "http://melvyn.pythonanywhere.com/posts/3/" "Mozilla/5.0 (Linux; Android 4.2.2; TECNO G9 Build/JDQ39) AppleWebKit/537.36 (KHTML, like Gecko) Chrome/50.0.2661.89 Safari/537.36" "197.211.57.35, 66.102.9.116"
66.102.9.116 - - [15/Aug/2016:21:04:09 +0000] "GET /uploads/illustrations/hist_10000_good.png HTTP/1.1" 200 23232 "http://melvyn.pythonanywhere.com/posts/3/" "Mozilla/5.0 (Linux; Android 4.2.2; TECNO G9 Build/JDQ39) AppleWebKit/537.36 (KHTML, like Gecko) Chrome/50.0.2661.89 Safari/537.36" "197.211.57.35, 66.102.9.116"
66.102.9.116 - - [15/Aug/2016:21:04:09 +0000] "GET /static/style/css/post.css HTTP/1.1" 200 305 "http://melvyn.pythonanywhere.com/posts/3/" "Mozilla/5.0 (Linux; Android 4.2.2; TECNO G9 Build/JDQ39) AppleWebKit/537.36 (KHTML, like Gecko) Chrome/50.0.2661.89 Safari/537.36" "197.211.57.35, 66.102.9.116"
66.102.9.106 - - [15/Aug/2016:21:04:09 +0000] "GET /uploads/illustrations/hist_100000_good.png HTTP/1.1" 200 22987 "http://melvyn.pythonanywhere.com/posts/3/" "Mozilla/5.0 (Linux; Android 4.2.2; TECNO G9 Build/JDQ39) AppleWebKit/537.36 (KHTML, like Gecko) Chrome/50.0.2661.89 Safari/537.36" "197.211.57.35, 66.102.9.106"
66.102.9.116 - - [15/Aug/2016:21:04:09 +0000] "GET /uploads/illustrations/spectral_bad_3D.png HTTP/1.1" 200 107343 "http://melvyn.pythonanywhere.com/posts/3/" "Mozilla/5.0 (Linux; Android 4.2.2; TECNO G9 Build/JDQ39) AppleWebKit/537.36 (KHTML, like Gecko) Chrome/50.0.2661.89 Safari/537.36" "197.211.57.35, 66.102.9.116"
66.102.9.96 - - [15/Aug/2016:21:04:09 +0000] "GET /uploads/illustrations/spectral_bad_2D.png HTTP/1.1" 200 65929 "http://melvyn.pythonanywhere.com/posts/3/" "Mozilla/5.0 (Linux; Android 4.2.2; TECNO G9 Build/JDQ39) AppleWebKit/537.36 (KHTML, like Gecko) Chrome/50.0.2661.89 Safari/537.36" "197.211.57.35, 66.102.9.96"
66.102.9.106 - - [15/Aug/2016:21:04:09 +0000] "GET /uploads/illustrations/spectral_good_3D.png HTTP/1.1" 200 61899 "http://melvyn.pythonanywhere.com/posts/3/" "Mozilla/5.0 (Linux; Android 4.2.2; TECNO G9 Build/JDQ39) AppleWebKit/537.36 (KHTML, like Gecko) Chrome/50.0.2661.89 Safari/537.36" "197.211.57.35, 66.102.9.106"
66.102.9.116 - - [15/Aug/2016:21:04:09 +0000] "GET /uploads/illustrations/spectral_good_2D.png HTTP/1.1" 200 37009 "http://melvyn.pythonanywhere.com/posts/3/" "Mozilla/5.0 (Linux; Android 4.2.2; TECNO G9 Build/JDQ39) AppleWebKit/537.36 (KHTML, like Gecko) Chrome/50.0.2661.89 Safari/537.36" "197.211.57.35, 66.102.9.116"
66.102.9.116 - - [15/Aug/2016:21:04:20 +0000] "GET /favicon.ico HTTP/1.1" 404 1110 "http://melvyn.pythonanywhere.com/posts/3/" "Mozilla/5.0 (Linux; Android 4.2.2; TECNO G9 Build/JDQ39) AppleWebKit/537.36 (KHTML, like Gecko) Chrome/50.0.2661.89 Safari/537.36" "197.211.57.35, 66.102.9.116"
66.102.9.96 - - [15/Aug/2016:21:11:11 +0000] "GET /about HTTP/1.1" 301 5 "http://melvyn.pythonanywhere.com/posts/3/" "Mozilla/5.0 (Linux; Android 4.2.2; TECNO G9 Build/JDQ39) AppleWebKit/537.36 (KHTML, like Gecko) Chrome/50.0.2661.89 Safari/537.36" "197.211.57.35, 66.102.9.96"
66.102.9.96 - - [15/Aug/2016:21:11:12 +0000] "GET /about/ HTTP/1.1" 200 3818 "http://melvyn.pythonanywhere.com/posts/3/" "Mozilla/5.0 (Linux; Android 4.2.2; TECNO G9 Build/JDQ39) AppleWebKit/537.36 (KHTML, like Gecko) Chrome/50.0.2661.89 Safari/537.36" "197.211.57.35, 66.102.9.96"
66.102.9.96 - - [15/Aug/2016:21:11:13 +0000] "GET /static/img/melvyn_peignon.jpg HTTP/1.1" 200 19770 "http://melvyn.pythonanywhere.com/about/" "Mozilla/5.0 (Linux; Android 4.2.2; TECNO G9 Build/JDQ39) AppleWebKit/537.36 (KHTML, like Gecko) Chrome/50.0.2661.89 Safari/537.36" "197.211.57.35, 66.102.9.96"
66.102.9.116 - - [15/Aug/2016:21:11:13 +0000] "GET /static/style/css/about.css HTTP/1.1" 200 978 "http://melvyn.pythonanywhere.com/about/" "Mozilla/5.0 (Linux; Android 4.2.2; TECNO G9 Build/JDQ39) AppleWebKit/537.36 (KHTML, like Gecko) Chrome/50.0.2661.89 Safari/537.36" "197.211.57.35, 66.102.9.116"
66.102.9.106 - - [15/Aug/2016:21:11:13 +0000] "GET /static/img/eisti-logo.png HTTP/1.1" 200 29113 "http://melvyn.pythonanywhere.com/about/" "Mozilla/5.0 (Linux; Android 4.2.2; TECNO G9 Build/JDQ39) AppleWebKit/537.36 (KHTML, like Gecko) Chrome/50.0.2661.89 Safari/537.36" "197.211.57.35, 66.102.9.106"
66.102.9.96 - - [15/Aug/2016:21:11:13 +0000] "GET /static/img/UCP-logo.png HTTP/1.1" 200 82900 "http://melvyn.pythonanywhere.com/about/" "Mozilla/5.0 (Linux; Android 4.2.2; TECNO G9 Build/JDQ39) AppleWebKit/537.36 (KHTML, like Gecko) Chrome/50.0.2661.89 Safari/537.36" "197.211.57.35, 66.102.9.96"
66.102.9.106 - - [15/Aug/2016:21:11:13 +0000] "GET /static/img/rey-logo.png HTTP/1.1" 200 7656 "http://melvyn.pythonanywhere.com/about/" "Mozilla/5.0 (Linux; Android 4.2.2; TECNO G9 Build/JDQ39) AppleWebKit/537.36 (KHTML, like Gecko) Chrome/50.0.2661.89 Safari/537.36" "197.211.57.35, 66.102.9.106"
66.102.9.116 - - [15/Aug/2016:21:11:13 +0000] "GET /static/img/yanport.gif HTTP/1.1" 200 6859 "http://melvyn.pythonanywhere.com/about/" "Mozilla/5.0 (Linux; Android 4.2.2; TECNO G9 Build/JDQ39) AppleWebKit/537.36 (KHTML, like Gecko) Chrome/50.0.2661.89 Safari/537.36" "197.211.57.35, 66.102.9.116"
66.102.9.106 - - [15/Aug/2016:21:11:13 +0000] "GET /static/img/Warner.png HTTP/1.1" 200 114363 "http://melvyn.pythonanywhere.com/about/" "Mozilla/5.0 (Linux; Android 4.2.2; TECNO G9 Build/JDQ39) AppleWebKit/537.36 (KHTML, like Gecko) Chrome/50.0.2661.89 Safari/537.36" "197.211.57.35, 66.102.9.106"
66.102.9.96 - - [15/Aug/2016:21:11:13 +0000] "GET /static/img/h2ces.png HTTP/1.1" 200 22074 "http://melvyn.pythonanywhere.com/about/" "Mozilla/5.0 (Linux; Android 4.2.2; TECNO G9 Build/JDQ39) AppleWebKit/537.36 (KHTML, like Gecko) Chrome/50.0.2661.89 Safari/537.36" "197.211.57.35, 66.102.9.96"
66.102.9.116 - - [15/Aug/2016:21:11:13 +0000] "GET /static/img/currency_arbitrage.png HTTP/1.1" 200 58574 "http://melvyn.pythonanywhere.com/about/" "Mozilla/5.0 (Linux; Android 4.2.2; TECNO G9 Build/JDQ39) AppleWebKit/537.36 (KHTML, like Gecko) Chrome/50.0.2661.89 Safari/537.36" "197.211.57.35, 66.102.9.116"
66.102.9.106 - - [15/Aug/2016:21:11:13 +0000] "GET /static/img/askia.png HTTP/1.1" 200 18575 "http://melvyn.pythonanywhere.com/about/" "Mozilla/5.0 (Linux; Android 4.2.2; TECNO G9 Build/JDQ39) AppleWebKit/537.36 (KHTML, like Gecko) Chrome/50.0.2661.89 Safari/537.36" "197.211.57.35, 66.102.9.106"
66.102.9.116 - - [15/Aug/2016:21:11:13 +0000] "GET /static/img/blog.png HTTP/1.1" 200 359779 "http://melvyn.pythonanywhere.com/about/" "Mozilla/5.0 (Linux; Android 4.2.2; TECNO G9 Build/JDQ39) AppleWebKit/537.36 (KHTML, like Gecko) Chrome/50.0.2661.89 Safari/537.36" "197.211.57.35, 66.102.9.116"
66.102.9.116 - - [15/Aug/2016:21:11:13 +0000] "GET /static/img/sm-linkedin-icon.png HTTP/1.1" 200 1115 "http://melvyn.pythonanywhere.com/static/style/css/about.css" "Mozilla/5.0 (Linux; Android 4.2.2; TECNO G9 Build/JDQ39) AppleWebKit/537.36 (KHTML, like Gecko) Chrome/50.0.2661.89 Safari/537.36" "197.211.57.35, 66.102.9.116"
66.102.9.116 - - [15/Aug/2016:21:11:13 +0000] "GET /static/img/github-logo.png HTTP/1.1" 200 3347 "http://melvyn.pythonanywhere.com/static/style/css/about.css" "Mozilla/5.0 (Linux; Android 4.2.2; TECNO G9 Build/JDQ39) AppleWebKit/537.36 (KHTML, like Gecko) Chrome/50.0.2661.89 Safari/537.36" "197.211.57.35, 66.102.9.116"
66.102.9.96 - - [15/Aug/2016:21:11:13 +0000] "GET /static/img/mail-logo.png HTTP/1.1" 200 2088 "http://melvyn.pythonanywhere.com/static/style/css/base.css" "Mozilla/5.0 (Linux; Android 4.2.2; TECNO G9 Build/JDQ39) AppleWebKit/537.36 (KHTML, like Gecko) Chrome/50.0.2661.89 Safari/537.36" "197.211.57.35, 66.102.9.96"
66.102.9.106 - - [15/Aug/2016:21:11:13 +0000] "GET /static/img/logo-phone.png HTTP/1.1" 200 1996 "http://melvyn.pythonanywhere.com/static/style/css/base.css" "Mozilla/5.0 (Linux; Android 4.2.2; TECNO G9 Build/JDQ39) AppleWebKit/537.36 (KHTML, like Gecko) Chrome/50.0.2661.89 Safari/537.36" "197.211.57.35, 66.102.9.106"
66.102.9.116 - - [15/Aug/2016:21:11:13 +0000] "GET /static/img/position-logo.png HTTP/1.1" 200 1676 "http://melvyn.pythonanywhere.com/static/style/css/base.css" "Mozilla/5.0 (Linux; Android 4.2.2; TECNO G9 Build/JDQ39) AppleWebKit/537.36 (KHTML, like Gecko) Chrome/50.0.2661.89 Safari/537.36" "197.211.57.35, 66.102.9.116"
66.102.9.116 - - [15/Aug/2016:21:11:13 +0000] "GET /static/img/divider.png HTTP/1.1" 200 939 "http://melvyn.pythonanywhere.com/static/style/css/about.css" "Mozilla/5.0 (Linux; Android 4.2.2; TECNO G9 Build/JDQ39) AppleWebKit/537.36 (KHTML, like Gecko) Chrome/50.0.2661.89 Safari/537.36" "197.211.57.35, 66.102.9.116"
66.102.9.96 - - [15/Aug/2016:21:11:13 +0000] "GET /static/img/melvyn_peignon.jpg HTTP/1.1" 200 19770 "http://melvyn.pythonanywhere.com/about/" "Mozilla/5.0 (Linux; Android 4.2.2; TECNO G9 Build/JDQ39) AppleWebKit/537.36 (KHTML, like Gecko) Chrome/50.0.2661.89 Safari/537.36" "197.211.57.35, 66.102.9.96"
66.102.9.116 - - [15/Aug/2016:21:11:13 +0000] "GET /static/style/css/about.css HTTP/1.1" 200 978 "http://melvyn.pythonanywhere.com/about/" "Mozilla/5.0 (Linux; Android 4.2.2; TECNO G9 Build/JDQ39) AppleWebKit/537.36 (KHTML, like Gecko) Chrome/50.0.2661.89 Safari/537.36" "197.211.57.35, 66.102.9.116"
66.102.9.106 - - [15/Aug/2016:21:11:13 +0000] "GET /static/img/eisti-logo.png HTTP/1.1" 200 29113 "http://melvyn.pythonanywhere.com/about/" "Mozilla/5.0 (Linux; Android 4.2.2; TECNO G9 Build/JDQ39) AppleWebKit/537.36 (KHTML, like Gecko) Chrome/50.0.2661.89 Safari/537.36" "197.211.57.35, 66.102.9.106"
66.102.9.96 - - [15/Aug/2016:21:11:13 +0000] "GET /static/img/UCP-logo.png HTTP/1.1" 200 82900 "http://melvyn.pythonanywhere.com/about/" "Mozilla/5.0 (Linux; Android 4.2.2; TECNO G9 Build/JDQ39) AppleWebKit/537.36 (KHTML, like Gecko) Chrome/50.0.2661.89 Safari/537.36" "197.211.57.35, 66.102.9.96"
66.102.9.106 - - [15/Aug/2016:21:11:13 +0000] "GET /static/img/rey-logo.png HTTP/1.1" 200 7656 "http://melvyn.pythonanywhere.com/about/" "Mozilla/5.0 (Linux; Android 4.2.2; TECNO G9 Build/JDQ39) AppleWebKit/537.36 (KHTML, like Gecko) Chrome/50.0.2661.89 Safari/537.36" "197.211.57.35, 66.102.9.106"
66.102.9.116 - - [15/Aug/2016:21:11:13 +0000] "GET /static/img/yanport.gif HTTP/1.1" 200 6859 "http://melvyn.pythonanywhere.com/about/" "Mozilla/5.0 (Linux; Android 4.2.2; TECNO G9 Build/JDQ39) AppleWebKit/537.36 (KHTML, like Gecko) Chrome/50.0.2661.89 Safari/537.36" "197.211.57.35, 66.102.9.116"
66.102.9.106 - - [15/Aug/2016:21:11:13 +0000] "GET /static/img/Warner.png HTTP/1.1" 200 114363 "http://melvyn.pythonanywhere.com/about/" "Mozilla/5.0 (Linux; Android 4.2.2; TECNO G9 Build/JDQ39) AppleWebKit/537.36 (KHTML, like Gecko) Chrome/50.0.2661.89 Safari/537.36" "197.211.57.35, 66.102.9.106"
66.102.9.96 - - [15/Aug/2016:21:11:13 +0000] "GET /static/img/h2ces.png HTTP/1.1" 200 22074 "http://melvyn.pythonanywhere.com/about/" "Mozilla/5.0 (Linux; Android 4.2.2; TECNO G9 Build/JDQ39) AppleWebKit/537.36 (KHTML, like Gecko) Chrome/50.0.2661.89 Safari/537.36" "197.211.57.35, 66.102.9.96"
66.102.9.116 - - [15/Aug/2016:21:11:13 +0000] "GET /static/img/currency_arbitrage.png HTTP/1.1" 200 58574 "http://melvyn.pythonanywhere.com/about/" "Mozilla/5.0 (Linux; Android 4.2.2; TECNO G9 Build/JDQ39) AppleWebKit/537.36 (KHTML, like Gecko) Chrome/50.0.2661.89 Safari/537.36" "197.211.57.35, 66.102.9.116"
66.102.9.106 - - [15/Aug/2016:21:11:13 +0000] "GET /static/img/askia.png HTTP/1.1" 200 18575 "http://melvyn.pythonanywhere.com/about/" "Mozilla/5.0 (Linux; Android 4.2.2; TECNO G9 Build/JDQ39) AppleWebKit/537.36 (KHTML, like Gecko) Chrome/50.0.2661.89 Safari/537.36" "197.211.57.35, 66.102.9.106"
66.102.9.116 - - [15/Aug/2016:21:11:13 +0000] "GET /static/img/blog.png HTTP/1.1" 200 359779 "http://melvyn.pythonanywhere.com/about/" "Mozilla/5.0 (Linux; Android 4.2.2; TECNO G9 Build/JDQ39) AppleWebKit/537.36 (KHTML, like Gecko) Chrome/50.0.2661.89 Safari/537.36" "197.211.57.35, 66.102.9.116"
66.102.9.116 - - [15/Aug/2016:21:11:13 +0000] "GET /static/img/sm-linkedin-icon.png HTTP/1.1" 200 1115 "http://melvyn.pythonanywhere.com/static/style/css/about.css" "Mozilla/5.0 (Linux; Android 4.2.2; TECNO G9 Build/JDQ39) AppleWebKit/537.36 (KHTML, like Gecko) Chrome/50.0.2661.89 Safari/537.36" "197.211.57.35, 66.102.9.116"
66.102.9.116 - - [15/Aug/2016:21:11:13 +0000] "GET /static/img/github-logo.png HTTP/1.1" 200 3347 "http://melvyn.pythonanywhere.com/static/style/css/about.css" "Mozilla/5.0 (Linux; Android 4.2.2; TECNO G9 Build/JDQ39) AppleWebKit/537.36 (KHTML, like Gecko) Chrome/50.0.2661.89 Safari/537.36" "197.211.57.35, 66.102.9.116"
66.102.9.96 - - [15/Aug/2016:21:11:13 +0000] "GET /static/img/mail-logo.png HTTP/1.1" 200 2088 "http://melvyn.pythonanywhere.com/static/style/css/base.css" "Mozilla/5.0 (Linux; Android 4.2.2; TECNO G9 Build/JDQ39) AppleWebKit/537.36 (KHTML, like Gecko) Chrome/50.0.2661.89 Safari/537.36" "197.211.57.35, 66.102.9.96"
66.102.9.106 - - [15/Aug/2016:21:11:13 +0000] "GET /static/img/logo-phone.png HTTP/1.1" 200 1996 "http://melvyn.pythonanywhere.com/static/style/css/base.css" "Mozilla/5.0 (Linux; Android 4.2.2; TECNO G9 Build/JDQ39) AppleWebKit/537.36 (KHTML, like Gecko) Chrome/50.0.2661.89 Safari/537.36" "197.211.57.35, 66.102.9.106"
66.102.9.116 - - [15/Aug/2016:21:11:13 +0000] "GET /static/img/position-logo.png HTTP/1.1" 200 1676 "http://melvyn.pythonanywhere.com/static/style/css/base.css" "Mozilla/5.0 (Linux; Android 4.2.2; TECNO G9 Build/JDQ39) AppleWebKit/537.36 (KHTML, like Gecko) Chrome/50.0.2661.89 Safari/537.36" "197.211.57.35, 66.102.9.116"
66.102.9.116 - - [15/Aug/2016:21:11:13 +0000] "GET /static/img/divider.png HTTP/1.1" 200 939 "http://melvyn.pythonanywhere.com/static/style/css/about.css" "Mozilla/5.0 (Linux; Android 4.2.2; TECNO G9 Build/JDQ39) AppleWebKit/537.36 (KHTML, like Gecko) Chrome/50.0.2661.89 Safari/537.36" "197.211.57.35, 66.102.9.116"
66.102.9.96 - - [15/Aug/2016:21:11:13 +0000] "GET /static/img/melvyn_peignon.jpg HTTP/1.1" 200 19770 "http://melvyn.pythonanywhere.com/about/" "Mozilla/5.0 (Linux; Android 4.2.2; TECNO G9 Build/JDQ39) AppleWebKit/537.36 (KHTML, like Gecko) Chrome/50.0.2661.89 Safari/537.36" "197.211.57.35, 66.102.9.96"
66.102.9.116 - - [15/Aug/2016:21:11:13 +0000] "GET /static/style/css/about.css HTTP/1.1" 200 978 "http://melvyn.pythonanywhere.com/about/" "Mozilla/5.0 (Linux; Android 4.2.2; TECNO G9 Build/JDQ39) AppleWebKit/537.36 (KHTML, like Gecko) Chrome/50.0.2661.89 Safari/537.36" "197.211.57.35, 66.102.9.116"
66.102.9.106 - - [15/Aug/2016:21:11:13 +0000] "GET /static/img/eisti-logo.png HTTP/1.1" 200 29113 "http://melvyn.pythonanywhere.com/about/" "Mozilla/5.0 (Linux; Android 4.2.2; TECNO G9 Build/JDQ39) AppleWebKit/537.36 (KHTML, like Gecko) Chrome/50.0.2661.89 Safari/537.36" "197.211.57.35, 66.102.9.106"
66.102.9.96 - - [15/Aug/2016:21:11:13 +0000] "GET /static/img/UCP-logo.png HTTP/1.1" 200 82900 "http://melvyn.pythonanywhere.com/about/" "Mozilla/5.0 (Linux; Android 4.2.2; TECNO G9 Build/JDQ39) AppleWebKit/537.36 (KHTML, like Gecko) Chrome/50.0.2661.89 Safari/537.36" "197.211.57.35, 66.102.9.96"
66.102.9.106 - - [15/Aug/2016:21:11:13 +0000] "GET /static/img/rey-logo.png HTTP/1.1" 200 7656 "http://melvyn.pythonanywhere.com/about/" "Mozilla/5.0 (Linux; Android 4.2.2; TECNO G9 Build/JDQ39) AppleWebKit/537.36 (KHTML, like Gecko) Chrome/50.0.2661.89 Safari/537.36" "197.211.57.35, 66.102.9.106"
66.102.9.116 - - [15/Aug/2016:21:11:13 +0000] "GET /static/img/yanport.gif HTTP/1.1" 200 6859 "http://melvyn.pythonanywhere.com/about/" "Mozilla/5.0 (Linux; Android 4.2.2; TECNO G9 Build/JDQ39) AppleWebKit/537.36 (KHTML, like Gecko) Chrome/50.0.2661.89 Safari/537.36" "197.211.57.35, 66.102.9.116"
66.102.9.106 - - [15/Aug/2016:21:11:13 +0000] "GET /static/img/Warner.png HTTP/1.1" 200 114363 "http://melvyn.pythonanywhere.com/about/" "Mozilla/5.0 (Linux; Android 4.2.2; TECNO G9 Build/JDQ39) AppleWebKit/537.36 (KHTML, like Gecko) Chrome/50.0.2661.89 Safari/537.36" "197.211.57.35, 66.102.9.106"
66.102.9.96 - - [15/Aug/2016:21:11:13 +0000] "GET /static/img/h2ces.png HTTP/1.1" 200 22074 "http://melvyn.pythonanywhere.com/about/" "Mozilla/5.0 (Linux; Android 4.2.2; TECNO G9 Build/JDQ39) AppleWebKit/537.36 (KHTML, like Gecko) Chrome/50.0.2661.89 Safari/537.36" "197.211.57.35, 66.102.9.96"
66.102.9.116 - - [15/Aug/2016:21:11:13 +0000] "GET /static/img/currency_arbitrage.png HTTP/1.1" 200 58574 "http://melvyn.pythonanywhere.com/about/" "Mozilla/5.0 (Linux; Android 4.2.2; TECNO G9 Build/JDQ39) AppleWebKit/537.36 (KHTML, like Gecko) Chrome/50.0.2661.89 Safari/537.36" "197.211.57.35, 66.102.9.116"
66.102.9.106 - - [15/Aug/2016:21:11:13 +0000] "GET /static/img/askia.png HTTP/1.1" 200 18575 "http://melvyn.pythonanywhere.com/about/" "Mozilla/5.0 (Linux; Android 4.2.2; TECNO G9 Build/JDQ39) AppleWebKit/537.36 (KHTML, like Gecko) Chrome/50.0.2661.89 Safari/537.36" "197.211.57.35, 66.102.9.106"
66.102.9.116 - - [15/Aug/2016:21:11:13 +0000] "GET /static/img/blog.png HTTP/1.1" 200 359779 "http://melvyn.pythonanywhere.com/about/" "Mozilla/5.0 (Linux; Android 4.2.2; TECNO G9 Build/JDQ39) AppleWebKit/537.36 (KHTML, like Gecko) Chrome/50.0.2661.89 Safari/537.36" "197.211.57.35, 66.102.9.116"
66.102.9.116 - - [15/Aug/2016:21:11:13 +0000] "GET /static/img/sm-linkedin-icon.png HTTP/1.1" 200 1115 "http://melvyn.pythonanywhere.com/static/style/css/about.css" "Mozilla/5.0 (Linux; Android 4.2.2; TECNO G9 Build/JDQ39) AppleWebKit/537.36 (KHTML, like Gecko) Chrome/50.0.2661.89 Safari/537.36" "197.211.57.35, 66.102.9.116"
66.102.9.116 - - [15/Aug/2016:21:11:13 +0000] "GET /static/img/github-logo.png HTTP/1.1" 200 3347 "http://melvyn.pythonanywhere.com/static/style/css/about.css" "Mozilla/5.0 (Linux; Android 4.2.2; TECNO G9 Build/JDQ39) AppleWebKit/537.36 (KHTML, like Gecko) Chrome/50.0.2661.89 Safari/537.36" "197.211.57.35, 66.102.9.116"
66.102.9.96 - - [15/Aug/2016:21:11:13 +0000] "GET /static/img/mail-logo.png HTTP/1.1" 200 2088 "http://melvyn.pythonanywhere.com/static/style/css/base.css" "Mozilla/5.0 (Linux; Android 4.2.2; TECNO G9 Build/JDQ39) AppleWebKit/537.36 (KHTML, like Gecko) Chrome/50.0.2661.89 Safari/537.36" "197.211.57.35, 66.102.9.96"
66.102.9.106 - - [15/Aug/2016:21:11:13 +0000] "GET /static/img/logo-phone.png HTTP/1.1" 200 1996 "http://melvyn.pythonanywhere.com/static/style/css/base.css" "Mozilla/5.0 (Linux; Android 4.2.2; TECNO G9 Build/JDQ39) AppleWebKit/537.36 (KHTML, like Gecko) Chrome/50.0.2661.89 Safari/537.36" "197.211.57.35, 66.102.9.106"
66.102.9.116 - - [15/Aug/2016:21:11:13 +0000] "GET /static/img/position-logo.png HTTP/1.1" 200 1676 "http://melvyn.pythonanywhere.com/static/style/css/base.css" "Mozilla/5.0 (Linux; Android 4.2.2; TECNO G9 Build/JDQ39) AppleWebKit/537.36 (KHTML, like Gecko) Chrome/50.0.2661.89 Safari/537.36" "197.211.57.35, 66.102.9.116"
66.102.9.116 - - [15/Aug/2016:21:11:13 +0000] "GET /static/img/divider.png HTTP/1.1" 200 939 "http://melvyn.pythonanywhere.com/static/style/css/about.css" "Mozilla/5.0 (Linux; Android 4.2.2; TECNO G9 Build/JDQ39) AppleWebKit/537.36 (KHTML, like Gecko) Chrome/50.0.2661.89 Safari/537.36" "197.211.57.35, 66.102.9.116"
197.211.57.35 - - [15/Aug/2016:21:11:53 +0000] "GET /static/cv/CVanglais-.pdf HTTP/1.1" 200 120370 "-" "Dalvik/1.6.0 (Linux; U; Android 4.2.2; TECNO G9 Build/JDQ39)" "197.211.57.35"
98.124.60.144 - - [15/Aug/2016:21:16:06 +0000] "GET /posts/3/ HTTP/1.1" 200 6200 "-" "Mozilla/5.0 (Macintosh; Intel Mac OS X 10_11_5) AppleWebKit/537.36 (KHTML, like Gecko) Chrome/51.0.2704.103 Safari/537.36" "10.210.249.17, 98.124.60.144"
98.124.60.144 - - [15/Aug/2016:21:16:06 +0000] "GET /static/style/css/base.css HTTP/1.1" 200 722 "http://melvyn.pythonanywhere.com/posts/3/" "Mozilla/5.0 (Macintosh; Intel Mac OS X 10_11_5) AppleWebKit/537.36 (KHTML, like Gecko) Chrome/51.0.2704.103 Safari/537.36" "10.210.249.17, 98.124.60.144"
98.124.60.144 - - [15/Aug/2016:21:16:06 +0000] "GET /static/style/css/post.css HTTP/1.1" 200 305 "http://melvyn.pythonanywhere.com/posts/3/" "Mozilla/5.0 (Macintosh; Intel Mac OS X 10_11_5) AppleWebKit/537.36 (KHTML, like Gecko) Chrome/51.0.2704.103 Safari/537.36" "10.210.249.17, 98.124.60.144"
98.124.60.144 - - [15/Aug/2016:21:16:06 +0000] "GET /static/js/jquery.easing.1.3.js HTTP/1.1" 200 2027 "http://melvyn.pythonanywhere.com/posts/3/" "Mozilla/5.0 (Macintosh; Intel Mac OS X 10_11_5) AppleWebKit/537.36 (KHTML, like Gecko) Chrome/51.0.2704.103 Safari/537.36" "10.210.249.17, 98.124.60.144"
98.124.60.144 - - [15/Aug/2016:21:16:06 +0000] "GET /static/img/logo.png HTTP/1.1" 200 10965 "http://melvyn.pythonanywhere.com/posts/3/" "Mozilla/5.0 (Macintosh; Intel Mac OS X 10_11_5) AppleWebKit/537.36 (KHTML, like Gecko) Chrome/51.0.2704.103 Safari/537.36" "10.210.249.17, 98.124.60.144"
98.124.60.144 - - [15/Aug/2016:21:16:06 +0000] "GET /uploads/illustrations/bitcoin-dice.jpg HTTP/1.1" 200 47730 "http://melvyn.pythonanywhere.com/posts/3/" "Mozilla/5.0 (Macintosh; Intel Mac OS X 10_11_5) AppleWebKit/537.36 (KHTML, like Gecko) Chrome/51.0.2704.103 Safari/537.36" "10.210.249.17, 98.124.60.144"
98.124.60.144 - - [15/Aug/2016:21:16:06 +0000] "GET /posts/3/ HTTP/1.1" 200 6200 "-" "Mozilla/5.0 (Macintosh; Intel Mac OS X 10_11_5) AppleWebKit/537.36 (KHTML, like Gecko) Chrome/51.0.2704.103 Safari/537.36" "10.210.249.17, 98.124.60.144"
98.124.60.144 - - [15/Aug/2016:21:16:06 +0000] "GET /static/style/css/base.css HTTP/1.1" 200 722 "http://melvyn.pythonanywhere.com/posts/3/" "Mozilla/5.0 (Macintosh; Intel Mac OS X 10_11_5) AppleWebKit/537.36 (KHTML, like Gecko) Chrome/51.0.2704.103 Safari/537.36" "10.210.249.17, 98.124.60.144"
98.124.60.144 - - [15/Aug/2016:21:16:06 +0000] "GET /static/style/css/post.css HTTP/1.1" 200 305 "http://melvyn.pythonanywhere.com/posts/3/" "Mozilla/5.0 (Macintosh; Intel Mac OS X 10_11_5) AppleWebKit/537.36 (KHTML, like Gecko) Chrome/51.0.2704.103 Safari/537.36" "10.210.249.17, 98.124.60.144"
98.124.60.144 - - [15/Aug/2016:21:16:06 +0000] "GET /static/js/jquery.easing.1.3.js HTTP/1.1" 200 2027 "http://melvyn.pythonanywhere.com/posts/3/" "Mozilla/5.0 (Macintosh; Intel Mac OS X 10_11_5) AppleWebKit/537.36 (KHTML, like Gecko) Chrome/51.0.2704.103 Safari/537.36" "10.210.249.17, 98.124.60.144"
98.124.60.144 - - [15/Aug/2016:21:16:06 +0000] "GET /static/img/logo.png HTTP/1.1" 200 10965 "http://melvyn.pythonanywhere.com/posts/3/" "Mozilla/5.0 (Macintosh; Intel Mac OS X 10_11_5) AppleWebKit/537.36 (KHTML, like Gecko) Chrome/51.0.2704.103 Safari/537.36" "10.210.249.17, 98.124.60.144"
98.124.60.144 - - [15/Aug/2016:21:16:06 +0000] "GET /uploads/illustrations/bitcoin-dice.jpg HTTP/1.1" 200 47730 "http://melvyn.pythonanywhere.com/posts/3/" "Mozilla/5.0 (Macintosh; Intel Mac OS X 10_11_5) AppleWebKit/537.36 (KHTML, like Gecko) Chrome/51.0.2704.103 Safari/537.36" "10.210.249.17, 98.124.60.144"
98.124.60.144 - - [15/Aug/2016:21:16:06 +0000] "GET /posts/3/ HTTP/1.1" 200 6200 "-" "Mozilla/5.0 (Macintosh; Intel Mac OS X 10_11_5) AppleWebKit/537.36 (KHTML, like Gecko) Chrome/51.0.2704.103 Safari/537.36" "10.210.249.17, 98.124.60.144"
98.124.60.144 - - [15/Aug/2016:21:16:06 +0000] "GET /static/style/css/base.css HTTP/1.1" 200 722 "http://melvyn.pythonanywhere.com/posts/3/" "Mozilla/5.0 (Macintosh; Intel Mac OS X 10_11_5) AppleWebKit/537.36 (KHTML, like Gecko) Chrome/51.0.2704.103 Safari/537.36" "10.210.249.17, 98.124.60.144"
98.124.60.144 - - [15/Aug/2016:21:16:06 +0000] "GET /static/style/css/post.css HTTP/1.1" 200 305 "http://melvyn.pythonanywhere.com/posts/3/" "Mozilla/5.0 (Macintosh; Intel Mac OS X 10_11_5) AppleWebKit/537.36 (KHTML, like Gecko) Chrome/51.0.2704.103 Safari/537.36" "10.210.249.17, 98.124.60.144"
98.124.60.144 - - [15/Aug/2016:21:16:06 +0000] "GET /static/js/jquery.easing.1.3.js HTTP/1.1" 200 2027 "http://melvyn.pythonanywhere.com/posts/3/" "Mozilla/5.0 (Macintosh; Intel Mac OS X 10_11_5) AppleWebKit/537.36 (KHTML, like Gecko) Chrome/51.0.2704.103 Safari/537.36" "10.210.249.17, 98.124.60.144"
98.124.60.144 - - [15/Aug/2016:21:16:06 +0000] "GET /static/img/logo.png HTTP/1.1" 200 10965 "http://melvyn.pythonanywhere.com/posts/3/" "Mozilla/5.0 (Macintosh; Intel Mac OS X 10_11_5) AppleWebKit/537.36 (KHTML, like Gecko) Chrome/51.0.2704.103 Safari/537.36" "10.210.249.17, 98.124.60.144"
98.124.60.144 - - [15/Aug/2016:21:16:06 +0000] "GET /uploads/illustrations/bitcoin-dice.jpg HTTP/1.1" 200 47730 "http://melvyn.pythonanywhere.com/posts/3/" "Mozilla/5.0 (Macintosh; Intel Mac OS X 10_11_5) AppleWebKit/537.36 (KHTML, like Gecko) Chrome/51.0.2704.103 Safari/537.36" "10.210.249.17, 98.124.60.144"
138.59.71.162 - - [15/Aug/2016:21:34:13 +0000] "GET /posts/3/ HTTP/1.1" 200 6200 "-" "Mozilla/5.0 (Windows NT 10.0; WOW64) AppleWebKit/537.36 (KHTML, like Gecko) Chrome/52.0.2743.116 Safari/537.36" "138.59.71.162"
138.59.71.162 - - [15/Aug/2016:21:34:13 +0000] "GET /static/style/css/base.css HTTP/1.1" 200 722 "http://melvyn.pythonanywhere.com/posts/3/" "Mozilla/5.0 (Windows NT 10.0; WOW64) AppleWebKit/537.36 (KHTML, like Gecko) Chrome/52.0.2743.116 Safari/537.36" "138.59.71.162"
138.59.71.162 - - [15/Aug/2016:21:34:13 +0000] "GET /static/js/jquery.easing.1.3.js HTTP/1.1" 200 2027 "http://melvyn.pythonanywhere.com/posts/3/" "Mozilla/5.0 (Windows NT 10.0; WOW64) AppleWebKit/537.36 (KHTML, like Gecko) Chrome/52.0.2743.116 Safari/537.36" "138.59.71.162"
138.59.71.162 - - [15/Aug/2016:21:34:14 +0000] "GET /static/img/logo.png HTTP/1.1" 200 10965 "http://melvyn.pythonanywhere.com/posts/3/" "Mozilla/5.0 (Windows NT 10.0; WOW64) AppleWebKit/537.36 (KHTML, like Gecko) Chrome/52.0.2743.116 Safari/537.36" "138.59.71.162"
138.59.71.162 - - [15/Aug/2016:21:34:14 +0000] "GET /static/style/css/post.css HTTP/1.1" 200 305 "http://melvyn.pythonanywhere.com/posts/3/" "Mozilla/5.0 (Windows NT 10.0; WOW64) AppleWebKit/537.36 (KHTML, like Gecko) Chrome/52.0.2743.116 Safari/537.36" "138.59.71.162"
138.59.71.162 - - [15/Aug/2016:21:34:14 +0000] "GET /uploads/illustrations/bitcoin-dice.jpg HTTP/1.1" 200 47730 "http://melvyn.pythonanywhere.com/posts/3/" "Mozilla/5.0 (Windows NT 10.0; WOW64) AppleWebKit/537.36 (KHTML, like Gecko) Chrome/52.0.2743.116 Safari/537.36" "138.59.71.162"
138.59.71.162 - - [15/Aug/2016:21:34:14 +0000] "GET /uploads/illustrations/hist_1000_good.png HTTP/1.1" 200 21646 "http://melvyn.pythonanywhere.com/posts/3/" "Mozilla/5.0 (Windows NT 10.0; WOW64) AppleWebKit/537.36 (KHTML, like Gecko) Chrome/52.0.2743.116 Safari/537.36" "138.59.71.162"
138.59.71.162 - - [15/Aug/2016:21:34:14 +0000] "GET /uploads/illustrations/hist_100000_good.png HTTP/1.1" 200 22987 "http://melvyn.pythonanywhere.com/posts/3/" "Mozilla/5.0 (Windows NT 10.0; WOW64) AppleWebKit/537.36 (KHTML, like Gecko) Chrome/52.0.2743.116 Safari/537.36" "138.59.71.162"
138.59.71.162 - - [15/Aug/2016:21:34:14 +0000] "GET /uploads/illustrations/hist_10000_good.png HTTP/1.1" 200 23232 "http://melvyn.pythonanywhere.com/posts/3/" "Mozilla/5.0 (Windows NT 10.0; WOW64) AppleWebKit/537.36 (KHTML, like Gecko) Chrome/52.0.2743.116 Safari/537.36" "138.59.71.162"
138.59.71.162 - - [15/Aug/2016:21:34:14 +0000] "GET /uploads/illustrations/hist_1000_bad.png HTTP/1.1" 200 25062 "http://melvyn.pythonanywhere.com/posts/3/" "Mozilla/5.0 (Windows NT 10.0; WOW64) AppleWebKit/537.36 (KHTML, like Gecko) Chrome/52.0.2743.116 Safari/537.36" "138.59.71.162"
138.59.71.162 - - [15/Aug/2016:21:34:14 +0000] "GET /uploads/illustrations/spectral_good_2D.png HTTP/1.1" 200 37009 "http://melvyn.pythonanywhere.com/posts/3/" "Mozilla/5.0 (Windows NT 10.0; WOW64) AppleWebKit/537.36 (KHTML, like Gecko) Chrome/52.0.2743.116 Safari/537.36" "138.59.71.162"
138.59.71.162 - - [15/Aug/2016:21:34:14 +0000] "GET /uploads/illustrations/spectral_good_3D.png HTTP/1.1" 200 61899 "http://melvyn.pythonanywhere.com/posts/3/" "Mozilla/5.0 (Windows NT 10.0; WOW64) AppleWebKit/537.36 (KHTML, like Gecko) Chrome/52.0.2743.116 Safari/537.36" "138.59.71.162"
138.59.71.162 - - [15/Aug/2016:21:34:15 +0000] "GET /uploads/illustrations/spectral_bad_2D.png HTTP/1.1" 200 65929 "http://melvyn.pythonanywhere.com/posts/3/" "Mozilla/5.0 (Windows NT 10.0; WOW64) AppleWebKit/537.36 (KHTML, like Gecko) Chrome/52.0.2743.116 Safari/537.36" "138.59.71.162"
138.59.71.162 - - [15/Aug/2016:21:34:15 +0000] "GET /uploads/illustrations/spectral_bad_3D.png HTTP/1.1" 200 107343 "http://melvyn.pythonanywhere.com/posts/3/" "Mozilla/5.0 (Windows NT 10.0; WOW64) AppleWebKit/537.36 (KHTML, like Gecko) Chrome/52.0.2743.116 Safari/537.36" "138.59.71.162"
138.59.71.162 - - [15/Aug/2016:21:34:13 +0000] "GET /posts/3/ HTTP/1.1" 200 6200 "-" "Mozilla/5.0 (Windows NT 10.0; WOW64) AppleWebKit/537.36 (KHTML, like Gecko) Chrome/52.0.2743.116 Safari/537.36" "138.59.71.162"
138.59.71.162 - - [15/Aug/2016:21:34:13 +0000] "GET /static/style/css/base.css HTTP/1.1" 200 722 "http://melvyn.pythonanywhere.com/posts/3/" "Mozilla/5.0 (Windows NT 10.0; WOW64) AppleWebKit/537.36 (KHTML, like Gecko) Chrome/52.0.2743.116 Safari/537.36" "138.59.71.162"
138.59.71.162 - - [15/Aug/2016:21:34:13 +0000] "GET /static/js/jquery.easing.1.3.js HTTP/1.1" 200 2027 "http://melvyn.pythonanywhere.com/posts/3/" "Mozilla/5.0 (Windows NT 10.0; WOW64) AppleWebKit/537.36 (KHTML, like Gecko) Chrome/52.0.2743.116 Safari/537.36" "138.59.71.162"
138.59.71.162 - - [15/Aug/2016:21:34:14 +0000] "GET /static/img/logo.png HTTP/1.1" 200 10965 "http://melvyn.pythonanywhere.com/posts/3/" "Mozilla/5.0 (Windows NT 10.0; WOW64) AppleWebKit/537.36 (KHTML, like Gecko) Chrome/52.0.2743.116 Safari/537.36" "138.59.71.162"
138.59.71.162 - - [15/Aug/2016:21:34:14 +0000] "GET /static/style/css/post.css HTTP/1.1" 200 305 "http://melvyn.pythonanywhere.com/posts/3/" "Mozilla/5.0 (Windows NT 10.0; WOW64) AppleWebKit/537.36 (KHTML, like Gecko) Chrome/52.0.2743.116 Safari/537.36" "138.59.71.162"
138.59.71.162 - - [15/Aug/2016:21:34:14 +0000] "GET /uploads/illustrations/bitcoin-dice.jpg HTTP/1.1" 200 47730 "http://melvyn.pythonanywhere.com/posts/3/" "Mozilla/5.0 (Windows NT 10.0; WOW64) AppleWebKit/537.36 (KHTML, like Gecko) Chrome/52.0.2743.116 Safari/537.36" "138.59.71.162"
138.59.71.162 - - [15/Aug/2016:21:34:14 +0000] "GET /uploads/illustrations/hist_1000_good.png HTTP/1.1" 200 21646 "http://melvyn.pythonanywhere.com/posts/3/" "Mozilla/5.0 (Windows NT 10.0; WOW64) AppleWebKit/537.36 (KHTML, like Gecko) Chrome/52.0.2743.116 Safari/537.36" "138.59.71.162"
138.59.71.162 - - [15/Aug/2016:21:34:14 +0000] "GET /uploads/illustrations/hist_100000_good.png HTTP/1.1" 200 22987 "http://melvyn.pythonanywhere.com/posts/3/" "Mozilla/5.0 (Windows NT 10.0; WOW64) AppleWebKit/537.36 (KHTML, like Gecko) Chrome/52.0.2743.116 Safari/537.36" "138.59.71.162"
138.59.71.162 - - [15/Aug/2016:21:34:14 +0000] "GET /uploads/illustrations/hist_10000_good.png HTTP/1.1" 200 23232 "http://melvyn.pythonanywhere.com/posts/3/" "Mozilla/5.0 (Windows NT 10.0; WOW64) AppleWebKit/537.36 (KHTML, like Gecko) Chrome/52.0.2743.116 Safari/537.36" "138.59.71.162"
138.59.71.162 - - [15/Aug/2016:21:34:14 +0000] "GET /uploads/illustrations/hist_1000_bad.png HTTP/1.1" 200 25062 "http://melvyn.pythonanywhere.com/posts/3/" "Mozilla/5.0 (Windows NT 10.0; WOW64) AppleWebKit/537.36 (KHTML, like Gecko) Chrome/52.0.2743.116 Safari/537.36" "138.59.71.162"
138.59.71.162 - - [15/Aug/2016:21:34:14 +0000] "GET /uploads/illustrations/spectral_good_2D.png HTTP/1.1" 200 37009 "http://melvyn.pythonanywhere.com/posts/3/" "Mozilla/5.0 (Windows NT 10.0; WOW64) AppleWebKit/537.36 (KHTML, like Gecko) Chrome/52.0.2743.116 Safari/537.36" "138.59.71.162"
138.59.71.162 - - [15/Aug/2016:21:34:14 +0000] "GET /uploads/illustrations/spectral_good_3D.png HTTP/1.1" 200 61899 "http://melvyn.pythonanywhere.com/posts/3/" "Mozilla/5.0 (Windows NT 10.0; WOW64) AppleWebKit/537.36 (KHTML, like Gecko) Chrome/52.0.2743.116 Safari/537.36" "138.59.71.162"
138.59.71.162 - - [15/Aug/2016:21:34:15 +0000] "GET /uploads/illustrations/spectral_bad_2D.png HTTP/1.1" 200 65929 "http://melvyn.pythonanywhere.com/posts/3/" "Mozilla/5.0 (Windows NT 10.0; WOW64) AppleWebKit/537.36 (KHTML, like Gecko) Chrome/52.0.2743.116 Safari/537.36" "138.59.71.162"
138.59.71.162 - - [15/Aug/2016:21:34:15 +0000] "GET /uploads/illustrations/spectral_bad_3D.png HTTP/1.1" 200 107343 "http://melvyn.pythonanywhere.com/posts/3/" "Mozilla/5.0 (Windows NT 10.0; WOW64) AppleWebKit/537.36 (KHTML, like Gecko) Chrome/52.0.2743.116 Safari/537.36" "138.59.71.162"
138.59.71.162 - - [15/Aug/2016:21:34:13 +0000] "GET /posts/3/ HTTP/1.1" 200 6200 "-" "Mozilla/5.0 (Windows NT 10.0; WOW64) AppleWebKit/537.36 (KHTML, like Gecko) Chrome/52.0.2743.116 Safari/537.36" "138.59.71.162"
138.59.71.162 - - [15/Aug/2016:21:34:13 +0000] "GET /static/style/css/base.css HTTP/1.1" 200 722 "http://melvyn.pythonanywhere.com/posts/3/" "Mozilla/5.0 (Windows NT 10.0; WOW64) AppleWebKit/537.36 (KHTML, like Gecko) Chrome/52.0.2743.116 Safari/537.36" "138.59.71.162"
138.59.71.162 - - [15/Aug/2016:21:34:13 +0000] "GET /static/js/jquery.easing.1.3.js HTTP/1.1" 200 2027 "http://melvyn.pythonanywhere.com/posts/3/" "Mozilla/5.0 (Windows NT 10.0; WOW64) AppleWebKit/537.36 (KHTML, like Gecko) Chrome/52.0.2743.116 Safari/537.36" "138.59.71.162"
138.59.71.162 - - [15/Aug/2016:21:34:14 +0000] "GET /static/img/logo.png HTTP/1.1" 200 10965 "http://melvyn.pythonanywhere.com/posts/3/" "Mozilla/5.0 (Windows NT 10.0; WOW64) AppleWebKit/537.36 (KHTML, like Gecko) Chrome/52.0.2743.116 Safari/537.36" "138.59.71.162"
138.59.71.162 - - [15/Aug/2016:21:34:14 +0000] "GET /static/style/css/post.css HTTP/1.1" 200 305 "http://melvyn.pythonanywhere.com/posts/3/" "Mozilla/5.0 (Windows NT 10.0; WOW64) AppleWebKit/537.36 (KHTML, like Gecko) Chrome/52.0.2743.116 Safari/537.36" "138.59.71.162"
138.59.71.162 - - [15/Aug/2016:21:34:14 +0000] "GET /uploads/illustrations/bitcoin-dice.jpg HTTP/1.1" 200 47730 "http://melvyn.pythonanywhere.com/posts/3/" "Mozilla/5.0 (Windows NT 10.0; WOW64) AppleWebKit/537.36 (KHTML, like Gecko) Chrome/52.0.2743.116 Safari/537.36" "138.59.71.162"
138.59.71.162 - - [15/Aug/2016:21:34:14 +0000] "GET /uploads/illustrations/hist_1000_good.png HTTP/1.1" 200 21646 "http://melvyn.pythonanywhere.com/posts/3/" "Mozilla/5.0 (Windows NT 10.0; WOW64) AppleWebKit/537.36 (KHTML, like Gecko) Chrome/52.0.2743.116 Safari/537.36" "138.59.71.162"
138.59.71.162 - - [15/Aug/2016:21:34:14 +0000] "GET /uploads/illustrations/hist_100000_good.png HTTP/1.1" 200 22987 "http://melvyn.pythonanywhere.com/posts/3/" "Mozilla/5.0 (Windows NT 10.0; WOW64) AppleWebKit/537.36 (KHTML, like Gecko) Chrome/52.0.2743.116 Safari/537.36" "138.59.71.162"
138.59.71.162 - - [15/Aug/2016:21:34:14 +0000] "GET /uploads/illustrations/hist_10000_good.png HTTP/1.1" 200 23232 "http://melvyn.pythonanywhere.com/posts/3/" "Mozilla/5.0 (Windows NT 10.0; WOW64) AppleWebKit/537.36 (KHTML, like Gecko) Chrome/52.0.2743.116 Safari/537.36" "138.59.71.162"
138.59.71.162 - - [15/Aug/2016:21:34:14 +0000] "GET /uploads/illustrations/hist_1000_bad.png HTTP/1.1" 200 25062 "http://melvyn.pythonanywhere.com/posts/3/" "Mozilla/5.0 (Windows NT 10.0; WOW64) AppleWebKit/537.36 (KHTML, like Gecko) Chrome/52.0.2743.116 Safari/537.36" "138.59.71.162"
138.59.71.162 - - [15/Aug/2016:21:34:14 +0000] "GET /uploads/illustrations/spectral_good_2D.png HTTP/1.1" 200 37009 "http://melvyn.pythonanywhere.com/posts/3/" "Mozilla/5.0 (Windows NT 10.0; WOW64) AppleWebKit/537.36 (KHTML, like Gecko) Chrome/52.0.2743.116 Safari/537.36" "138.59.71.162"
138.59.71.162 - - [15/Aug/2016:21:34:14 +0000] "GET /uploads/illustrations/spectral_good_3D.png HTTP/1.1" 200 61899 "http://melvyn.pythonanywhere.com/posts/3/" "Mozilla/5.0 (Windows NT 10.0; WOW64) AppleWebKit/537.36 (KHTML, like Gecko) Chrome/52.0.2743.116 Safari/537.36" "138.59.71.162"
138.59.71.162 - - [15/Aug/2016:21:34:15 +0000] "GET /uploads/illustrations/spectral_bad_2D.png HTTP/1.1" 200 65929 "http://melvyn.pythonanywhere.com/posts/3/" "Mozilla/5.0 (Windows NT 10.0; WOW64) AppleWebKit/537.36 (KHTML, like Gecko) Chrome/52.0.2743.116 Safari/537.36" "138.59.71.162"
138.59.71.162 - - [15/Aug/2016:21:34:15 +0000] "GET /uploads/illustrations/spectral_bad_3D.png HTTP/1.1" 200 107343 "http://melvyn.pythonanywhere.com/posts/3/" "Mozilla/5.0 (Windows NT 10.0; WOW64) AppleWebKit/537.36 (KHTML, like Gecko) Chrome/52.0.2743.116 Safari/537.36" "138.59.71.162"
138.59.71.162 - - [15/Aug/2016:21:34:13 +0000] "GET /posts/3/ HTTP/1.1" 200 6200 "-" "Mozilla/5.0 (Windows NT 10.0; WOW64) AppleWebKit/537.36 (KHTML, like Gecko) Chrome/52.0.2743.116 Safari/537.36" "138.59.71.162"
138.59.71.162 - - [15/Aug/2016:21:34:13 +0000] "GET /static/style/css/base.css HTTP/1.1" 200 722 "http://melvyn.pythonanywhere.com/posts/3/" "Mozilla/5.0 (Windows NT 10.0; WOW64) AppleWebKit/537.36 (KHTML, like Gecko) Chrome/52.0.2743.116 Safari/537.36" "138.59.71.162"
138.59.71.162 - - [15/Aug/2016:21:34:13 +0000] "GET /static/js/jquery.easing.1.3.js HTTP/1.1" 200 2027 "http://melvyn.pythonanywhere.com/posts/3/" "Mozilla/5.0 (Windows NT 10.0; WOW64) AppleWebKit/537.36 (KHTML, like Gecko) Chrome/52.0.2743.116 Safari/537.36" "138.59.71.162"
138.59.71.162 - - [15/Aug/2016:21:34:14 +0000] "GET /static/img/logo.png HTTP/1.1" 200 10965 "http://melvyn.pythonanywhere.com/posts/3/" "Mozilla/5.0 (Windows NT 10.0; WOW64) AppleWebKit/537.36 (KHTML, like Gecko) Chrome/52.0.2743.116 Safari/537.36" "138.59.71.162"
138.59.71.162 - - [15/Aug/2016:21:34:14 +0000] "GET /static/style/css/post.css HTTP/1.1" 200 305 "http://melvyn.pythonanywhere.com/posts/3/" "Mozilla/5.0 (Windows NT 10.0; WOW64) AppleWebKit/537.36 (KHTML, like Gecko) Chrome/52.0.2743.116 Safari/537.36" "138.59.71.162"
138.59.71.162 - - [15/Aug/2016:21:34:14 +0000] "GET /uploads/illustrations/bitcoin-dice.jpg HTTP/1.1" 200 47730 "http://melvyn.pythonanywhere.com/posts/3/" "Mozilla/5.0 (Windows NT 10.0; WOW64) AppleWebKit/537.36 (KHTML, like Gecko) Chrome/52.0.2743.116 Safari/537.36" "138.59.71.162"
138.59.71.162 - - [15/Aug/2016:21:34:13 +0000] "GET /posts/3/ HTTP/1.1" 200 6200 "-" "Mozilla/5.0 (Windows NT 10.0; WOW64) AppleWebKit/537.36 (KHTML, like Gecko) Chrome/52.0.2743.116 Safari/537.36" "138.59.71.162"
138.59.71.162 - - [15/Aug/2016:21:34:13 +0000] "GET /static/style/css/base.css HTTP/1.1" 200 722 "http://melvyn.pythonanywhere.com/posts/3/" "Mozilla/5.0 (Windows NT 10.0; WOW64) AppleWebKit/537.36 (KHTML, like Gecko) Chrome/52.0.2743.116 Safari/537.36" "138.59.71.162"
138.59.71.162 - - [15/Aug/2016:21:34:13 +0000] "GET /static/js/jquery.easing.1.3.js HTTP/1.1" 200 2027 "http://melvyn.pythonanywhere.com/posts/3/" "Mozilla/5.0 (Windows NT 10.0; WOW64) AppleWebKit/537.36 (KHTML, like Gecko) Chrome/52.0.2743.116 Safari/537.36" "138.59.71.162"
138.59.71.162 - - [15/Aug/2016:21:34:14 +0000] "GET /static/img/logo.png HTTP/1.1" 200 10965 "http://melvyn.pythonanywhere.com/posts/3/" "Mozilla/5.0 (Windows NT 10.0; WOW64) AppleWebKit/537.36 (KHTML, like Gecko) Chrome/52.0.2743.116 Safari/537.36" "138.59.71.162"
138.59.71.162 - - [15/Aug/2016:21:34:14 +0000] "GET /static/style/css/post.css HTTP/1.1" 200 305 "http://melvyn.pythonanywhere.com/posts/3/" "Mozilla/5.0 (Windows NT 10.0; WOW64) AppleWebKit/537.36 (KHTML, like Gecko) Chrome/52.0.2743.116 Safari/537.36" "138.59.71.162"
138.59.71.162 - - [15/Aug/2016:21:34:14 +0000] "GET /uploads/illustrations/bitcoin-dice.jpg HTTP/1.1" 200 47730 "http://melvyn.pythonanywhere.com/posts/3/" "Mozilla/5.0 (Windows NT 10.0; WOW64) AppleWebKit/537.36 (KHTML, like Gecko) Chrome/52.0.2743.116 Safari/537.36" "138.59.71.162"
70.187.181.80 - - [15/Aug/2016:21:38:22 +0000] "GET /posts/3/ HTTP/1.1" 200 6200 "-" "Mozilla/5.0 (iPhone; CPU iPhone OS 9_3_4 like Mac OS X) AppleWebKit/601.1.46 (KHTML, like Gecko) Version/9.0 Mobile/13G35 Safari/601.1" "70.187.181.80"
70.187.181.80 - - [15/Aug/2016:21:38:22 +0000] "GET /static/style/css/base.css HTTP/1.1" 200 722 "http://melvyn.pythonanywhere.com/posts/3/" "Mozilla/5.0 (iPhone; CPU iPhone OS 9_3_4 like Mac OS X) AppleWebKit/601.1.46 (KHTML, like Gecko) Version/9.0 Mobile/13G35 Safari/601.1" "70.187.181.80"
70.187.181.80 - - [15/Aug/2016:21:38:22 +0000] "GET /uploads/illustrations/hist_10000_good.png HTTP/1.1" 200 23232 "http://melvyn.pythonanywhere.com/posts/3/" "Mozilla/5.0 (iPhone; CPU iPhone OS 9_3_4 like Mac OS X) AppleWebKit/601.1.46 (KHTML, like Gecko) Version/9.0 Mobile/13G35 Safari/601.1" "70.187.181.80"
70.187.181.80 - - [15/Aug/2016:21:38:22 +0000] "GET /uploads/illustrations/hist_100000_good.png HTTP/1.1" 200 22987 "http://melvyn.pythonanywhere.com/posts/3/" "Mozilla/5.0 (iPhone; CPU iPhone OS 9_3_4 like Mac OS X) AppleWebKit/601.1.46 (KHTML, like Gecko) Version/9.0 Mobile/13G35 Safari/601.1" "70.187.181.80"
70.187.181.80 - - [15/Aug/2016:21:38:23 +0000] "GET /static/js/jquery.easing.1.3.js HTTP/1.1" 200 2027 "http://melvyn.pythonanywhere.com/posts/3/" "Mozilla/5.0 (iPhone; CPU iPhone OS 9_3_4 like Mac OS X) AppleWebKit/601.1.46 (KHTML, like Gecko) Version/9.0 Mobile/13G35 Safari/601.1" "70.187.181.80"
70.187.181.80 - - [15/Aug/2016:21:38:23 +0000] "GET /static/img/logo.png HTTP/1.1" 200 10965 "http://melvyn.pythonanywhere.com/posts/3/" "Mozilla/5.0 (iPhone; CPU iPhone OS 9_3_4 like Mac OS X) AppleWebKit/601.1.46 (KHTML, like Gecko) Version/9.0 Mobile/13G35 Safari/601.1" "70.187.181.80"
70.187.181.80 - - [15/Aug/2016:21:38:23 +0000] "GET /uploads/illustrations/hist_1000_good.png HTTP/1.1" 200 21646 "http://melvyn.pythonanywhere.com/posts/3/" "Mozilla/5.0 (iPhone; CPU iPhone OS 9_3_4 like Mac OS X) AppleWebKit/601.1.46 (KHTML, like Gecko) Version/9.0 Mobile/13G35 Safari/601.1" "70.187.181.80"
70.187.181.80 - - [15/Aug/2016:21:38:23 +0000] "GET /uploads/illustrations/bitcoin-dice.jpg HTTP/1.1" 200 47730 "http://melvyn.pythonanywhere.com/posts/3/" "Mozilla/5.0 (iPhone; CPU iPhone OS 9_3_4 like Mac OS X) AppleWebKit/601.1.46 (KHTML, like Gecko) Version/9.0 Mobile/13G35 Safari/601.1" "70.187.181.80"
70.187.181.80 - - [15/Aug/2016:21:38:23 +0000] "GET /static/style/css/post.css HTTP/1.1" 200 305 "http://melvyn.pythonanywhere.com/posts/3/" "Mozilla/5.0 (iPhone; CPU iPhone OS 9_3_4 like Mac OS X) AppleWebKit/601.1.46 (KHTML, like Gecko) Version/9.0 Mobile/13G35 Safari/601.1" "70.187.181.80"
70.187.181.80 - - [15/Aug/2016:21:38:23 +0000] "GET /uploads/illustrations/spectral_good_3D.png HTTP/1.1" 200 61899 "http://melvyn.pythonanywhere.com/posts/3/" "Mozilla/5.0 (iPhone; CPU iPhone OS 9_3_4 like Mac OS X) AppleWebKit/601.1.46 (KHTML, like Gecko) Version/9.0 Mobile/13G35 Safari/601.1" "70.187.181.80"
70.187.181.80 - - [15/Aug/2016:21:38:23 +0000] "GET /uploads/illustrations/hist_1000_bad.png HTTP/1.1" 200 25062 "http://melvyn.pythonanywhere.com/posts/3/" "Mozilla/5.0 (iPhone; CPU iPhone OS 9_3_4 like Mac OS X) AppleWebKit/601.1.46 (KHTML, like Gecko) Version/9.0 Mobile/13G35 Safari/601.1" "70.187.181.80"
70.187.181.80 - - [15/Aug/2016:21:38:23 +0000] "GET /uploads/illustrations/spectral_good_2D.png HTTP/1.1" 200 37009 "http://melvyn.pythonanywhere.com/posts/3/" "Mozilla/5.0 (iPhone; CPU iPhone OS 9_3_4 like Mac OS X) AppleWebKit/601.1.46 (KHTML, like Gecko) Version/9.0 Mobile/13G35 Safari/601.1" "70.187.181.80"
70.187.181.80 - - [15/Aug/2016:21:38:23 +0000] "GET /uploads/illustrations/spectral_bad_2D.png HTTP/1.1" 200 65929 "http://melvyn.pythonanywhere.com/posts/3/" "Mozilla/5.0 (iPhone; CPU iPhone OS 9_3_4 like Mac OS X) AppleWebKit/601.1.46 (KHTML, like Gecko) Version/9.0 Mobile/13G35 Safari/601.1" "70.187.181.80"
70.187.181.80 - - [15/Aug/2016:21:38:23 +0000] "GET /uploads/illustrations/spectral_bad_3D.png HTTP/1.1" 200 107343 "http://melvyn.pythonanywhere.com/posts/3/" "Mozilla/5.0 (iPhone; CPU iPhone OS 9_3_4 like Mac OS X) AppleWebKit/601.1.46 (KHTML, like Gecko) Version/9.0 Mobile/13G35 Safari/601.1" "70.187.181.80"
101.167.107.124 - - [15/Aug/2016:21:46:49 +0000] "GET /posts/3/ HTTP/1.1" 200 6200 "-" "Mozilla/5.0 (Windows NT 10.0; WOW64) AppleWebKit/537.36 (KHTML, like Gecko) Chrome/52.0.2743.116 Safari/537.36" "101.167.107.124"
101.167.107.124 - - [15/Aug/2016:21:46:50 +0000] "GET /static/style/css/base.css HTTP/1.1" 200 722 "http://melvyn.pythonanywhere.com/posts/3/" "Mozilla/5.0 (Windows NT 10.0; WOW64) AppleWebKit/537.36 (KHTML, like Gecko) Chrome/52.0.2743.116 Safari/537.36" "101.167.107.124"
101.167.107.124 - - [15/Aug/2016:21:46:50 +0000] "GET /static/js/jquery.easing.1.3.js HTTP/1.1" 200 2027 "http://melvyn.pythonanywhere.com/posts/3/" "Mozilla/5.0 (Windows NT 10.0; WOW64) AppleWebKit/537.36 (KHTML, like Gecko) Chrome/52.0.2743.116 Safari/537.36" "101.167.107.124"
101.167.107.124 - - [15/Aug/2016:21:46:50 +0000] "GET /static/img/logo.png HTTP/1.1" 200 10965 "http://melvyn.pythonanywhere.com/posts/3/" "Mozilla/5.0 (Windows NT 10.0; WOW64) AppleWebKit/537.36 (KHTML, like Gecko) Chrome/52.0.2743.116 Safari/537.36" "101.167.107.124"
101.167.107.124 - - [15/Aug/2016:21:46:50 +0000] "GET /static/style/css/post.css HTTP/1.1" 200 305 "http://melvyn.pythonanywhere.com/posts/3/" "Mozilla/5.0 (Windows NT 10.0; WOW64) AppleWebKit/537.36 (KHTML, like Gecko) Chrome/52.0.2743.116 Safari/537.36" "101.167.107.124"
101.167.107.124 - - [15/Aug/2016:21:46:50 +0000] "GET /uploads/illustrations/bitcoin-dice.jpg HTTP/1.1" 200 47730 "http://melvyn.pythonanywhere.com/posts/3/" "Mozilla/5.0 (Windows NT 10.0; WOW64) AppleWebKit/537.36 (KHTML, like Gecko) Chrome/52.0.2743.116 Safari/537.36" "101.167.107.124"
