94.187.74.35 - - [15/Aug/2016:20:24:30 +0000] "GET /posts/2/ HTTP/1.1" 200 3719 "http://melvyn.pythonanywhere.com/posts/?page=1" "Mozilla/5.0 (Windows NT 10.0; WOW64) AppleWebKit/537.36 (KHTML, like Gecko) Chrome/52.0.2743.116 Safari/537.36" "94.187.74.35"
94.187.74.35 - - [15/Aug/2016:20:24:30 +0000] "GET /uploads/illustrations/pie_win_rate.png HTTP/1.1" 200 35657 "http://melvyn.pythonanywhere.com/posts/2/" "Mozilla/5.0 (Windows NT 10.0; WOW64) AppleWebKit/537.36 (KHTML, like Gecko) Chrome/52.0.2743.116 Safari/537.36" "94.187.74.35"
94.187.74.35 - - [15/Aug/2016:20:24:30 +0000] "GET /uploads/illustrations/column_win_rate.png HTTP/1.1" 200 19205 "http://melvyn.pythonanywhere.com/posts/2/" "Mozilla/5.0 (Windows NT 10.0; WOW64) AppleWebKit/537.36 (KHTML, like Gecko) Chrome/52.0.2743.116 Safari/537.36" "94.187.74.35"
94.187.74.35 - - [15/Aug/2016:20:25:15 +0000] "GET / HTTP/1.1" 200 1041 "http://melvyn.pythonanywhere.com/posts/2/" "Mozilla/5.0 (Windows NT 10.0; WOW64) AppleWebKit/537.36 (KHTML, like Gecko) Chrome/52.0.2743.116 Safari/537.36" "94.187.74.35"
68.185.185.189 - - [15/Aug/2016:20:32:10 +0000] "GET /posts/3/ HTTP/1.1" 200 6200 "-" "Mozilla/5.0 (Windows NT 10.0; WOW64) AppleWebKit/537.36 (KHTML, like Gecko) Chrome/52.0.2743.116 Safari/537.36" "68.185.185.189"
68.185.185.189 - - [15/Aug/2016:20:32:12 +0000] "GET /static/style/css/base.css HTTP/1.1" 200 722 "http://melvyn.pythonanywhere.com/posts/3/" "Mozilla/5.0 (Windows NT 10.0; WOW64) AppleWebKit/537.36 (KHTML, like Gecko) Chrome/52.0.2743.116 Safari/537.36" "68.185.185.189"
68.185.185.189 - - [15/Aug/2016:20:32:12 +0000] "GET /static/js/jquery.easing.1.3.js HTTP/1.1" 200 2027 "http://melvyn.pythonanywhere.com/posts/3/" "Mozilla/5.0 (Windows NT 10.0; WOW64) AppleWebKit/537.36 (KHTML, like Gecko) Chrome/52.0.2743.116 Safari/537.36" "68.185.185.189"
68.185.185.189 - - [15/Aug/2016:20:32:12 +0000] "GET /static/style/css/post.css HTTP/1.1" 200 305 "http://melvyn.pythonanywhere.com/posts/3/" "Mozilla/5.0 (Windows NT 10.0; WOW64) AppleWebKit/537.36 (KHTML, like Gecko) Chrome/52.0.2743.116 Safari/537.36" "68.185.185.189"
68.185.185.189 - - [15/Aug/2016:20:32:12 +0000] "GET /static/img/logo.png HTTP/1.1" 200 10965 "http://melvyn.pythonanywhere.com/posts/3/" "Mozilla/5.0 (Windows NT 10.0; WOW64) AppleWebKit/537.36 (KHTML, like Gecko) Chrome/52.0.2743.116 Safari/537.36" "68.185.185.189"
68.185.185.189 - - [15/Aug/2016:20:32:12 +0000] "GET /uploads/illustrations/bitcoin-dice.jpg HTTP/1.1" 200 47730 "http://melvyn.pythonanywhere.com/posts/3/" "Mozilla/5.0 (Windows NT 10.0; WOW64) AppleWebKit/537.36 (KHTML, like Gecko) Chrome/52.0.2743.116 Safari/537.36" "68.185.185.189"
68.185.185.189 - - [15/Aug/2016:20:32:12 +0000] "GET /uploads/illustrations/hist_1000_good.png HTTP/1.1" 200 21646 "http://melvyn.pythonanywhere.com/posts/3/" "Mozilla/5.0 (Windows NT 10.0; WOW64) AppleWebKit/537.36 (KHTML, like Gecko) Chrome/52.0.2743.116 Safari/537.36" "68.185.185.189"
68.185.185.189 - - [15/Aug/2016:20:32:12 +0000] "GET /uploads/illustrations/hist_10000_good.png HTTP/1.1" 200 23232 "http://melvyn.pythonanywhere.com/posts/3/" "Mozilla/5.0 (Windows NT 10.0; WOW64) AppleWebKit/537.36 (KHTML, like Gecko) Chrome/52.0.2743.116 Safari/537.36" "68.185.185.189"
68.185.185.189 - - [15/Aug/2016:20:32:12 +0000] "GET /uploads/illustrations/hist_100000_good.png HTTP/1.1" 200 22987 "http://melvyn.pythonanywhere.com/posts/3/" "Mozilla/5.0 (Windows NT 10.0; WOW64) AppleWebKit/537.36 (KHTML, like Gecko) Chrome/52.0.2743.116 Safari/537.36" "68.185.185.189"
68.185.185.189 - - [15/Aug/2016:20:32:12 +0000] "GET /uploads/illustrations/spectral_good_2D.png HTTP/1.1" 200 37009 "http://melvyn.pythonanywhere.com/posts/3/" "Mozilla/5.0 (Windows NT 10.0; WOW64) AppleWebKit/537.36 (KHTML, like Gecko) Chrome/52.0.2743.116 Safari/537.36" "68.185.185.189"
68.185.185.189 - - [15/Aug/2016:20:32:13 +0000] "GET /uploads/illustrations/hist_1000_bad.png HTTP/1.1" 200 25062 "http://melvyn.pythonanywhere.com/posts/3/" "Mozilla/5.0 (Windows NT 10.0; WOW64) AppleWebKit/537.36 (KHTML, like Gecko) Chrome/52.0.2743.116 Safari/537.36" "68.185.185.189"
68.185.185.189 - - [15/Aug/2016:20:32:13 +0000] "GET /uploads/illustrations/spectral_good_3D.png HTTP/1.1" 200 61899 "http://melvyn.pythonanywhere.com/posts/3/" "Mozilla/5.0 (Windows NT 10.0; WOW64) AppleWebKit/537.36 (KHTML, like Gecko) Chrome/52.0.2743.116 Safari/537.36" "68.185.185.189"
68.185.185.189 - - [15/Aug/2016:20:32:13 +0000] "GET /uploads/illustrations/spectral_bad_2D.png HTTP/1.1" 200 65929 "http://melvyn.pythonanywhere.com/posts/3/" "Mozilla/5.0 (Windows NT 10.0; WOW64) AppleWebKit/537.36 (KHTML, like Gecko) Chrome/52.0.2743.116 Safari/537.36" "68.185.185.189"
68.185.185.189 - - [15/Aug/2016:20:32:13 +0000] "GET /uploads/illustrations/spectral_bad_3D.png HTTP/1.1" 200 107343 "http://melvyn.pythonanywhere.com/posts/3/" "Mozilla/5.0 (Windows NT 10.0; WOW64) AppleWebKit/537.36 (KHTML, like Gecko) Chrome/52.0.2743.116 Safari/537.36" "68.185.185.189"
68.185.185.189 - - [15/Aug/2016:20:32:16 +0000] "GET /favicon.ico HTTP/1.1" 404 1110 "http://melvyn.pythonanywhere.com/posts/3/" "Mozilla/5.0 (Windows NT 10.0; WOW64) AppleWebKit/537.36 (KHTML, like Gecko) Chrome/52.0.2743.116 Safari/537.36" "68.185.185.189"
95.42.31.185 - - [15/Aug/2016:20:37:07 +0000] "GET /posts/3/ HTTP/1.1" 200 6200 "-" "Mozilla/5.0 (Windows NT 6.1; WOW64; rv:47.0) Gecko/20100101 Firefox/47.0" "95.42.31.185"
95.42.31.185 - - [15/Aug/2016:20:37:08 +0000] "GET /static/style/css/base.css HTTP/1.1" 200 722 "http://melvyn.pythonanywhere.com/posts/3/" "Mozilla/5.0 (Windows NT 6.1; WOW64; rv:47.0) Gecko/20100101 Firefox/47.0" "95.42.31.185"
95.42.31.185 - - [15/Aug/2016:20:37:08 +0000] "GET /static/js/jquery.easing.1.3.js HTTP/1.1" 200 2027 "http://melvyn.pythonanywhere.com/posts/3/" "Mozilla/5.0 (Windows NT 6.1; WOW64; rv:47.0) Gecko/20100101 Firefox/47.0" "95.42.31.185"
95.42.31.185 - - [15/Aug/2016:20:37:08 +0000] "GET /static/style/css/post.css HTTP/1.1" 200 305 "http://melvyn.pythonanywhere.com/posts/3/" "Mozilla/5.0 (Windows NT 6.1; WOW64; rv:47.0) Gecko/20100101 Firefox/47.0" "95.42.31.185"
95.42.31.185 - - [15/Aug/2016:20:37:09 +0000] "GET /static/img/logo.png HTTP/1.1" 200 10965 "http://melvyn.pythonanywhere.com/posts/3/" "Mozilla/5.0 (Windows NT 6.1; WOW64; rv:47.0) Gecko/20100101 Firefox/47.0" "95.42.31.185"
95.42.31.185 - - [15/Aug/2016:20:37:09 +0000] "GET /uploads/illustrations/bitcoin-dice.jpg HTTP/1.1" 200 47730 "http://melvyn.pythonanywhere.com/posts/3/" "Mozilla/5.0 (Windows NT 6.1; WOW64; rv:47.0) Gecko/20100101 Firefox/47.0" "95.42.31.185"
95.42.31.185 - - [15/Aug/2016:20:37:09 +0000] "GET /uploads/illustrations/hist_1000_good.png HTTP/1.1" 200 21646 "http://melvyn.pythonanywhere.com/posts/3/" "Mozilla/5.0 (Windows NT 6.1; WOW64; rv:47.0) Gecko/20100101 Firefox/47.0" "95.42.31.185"
95.42.31.185 - - [15/Aug/2016:20:37:09 +0000] "GET /uploads/illustrations/hist_10000_good.png HTTP/1.1" 200 23232 "http://melvyn.pythonanywhere.com/posts/3/" "Mozilla/5.0 (Windows NT 6.1; WOW64; rv:47.0) Gecko/20100101 Firefox/47.0" "95.42.31.185"
95.42.31.185 - - [15/Aug/2016:20:37:09 +0000] "GET /uploads/illustrations/hist_100000_good.png HTTP/1.1" 200 22987 "http://melvyn.pythonanywhere.com/posts/3/" "Mozilla/5.0 (Windows NT 6.1; WOW64; rv:47.0) Gecko/20100101 Firefox/47.0" "95.42.31.185"
95.42.31.185 - - [15/Aug/2016:20:37:09 +0000] "GET /uploads/illustrations/hist_1000_bad.png HTTP/1.1" 200 25062 "http://melvyn.pythonanywhere.com/posts/3/" "Mozilla/5.0 (Windows NT 6.1; WOW64; rv:47.0) Gecko/20100101 Firefox/47.0" "95.42.31.185"
95.42.31.185 - - [15/Aug/2016:20:37:09 +0000] "GET /uploads/illustrations/spectral_good_2D.png HTTP/1.1" 200 37009 "http://melvyn.pythonanywhere.com/posts/3/" "Mozilla/5.0 (Windows NT 6.1; WOW64; rv:47.0) Gecko/20100101 Firefox/47.0" "95.42.31.185"
95.42.31.185 - - [15/Aug/2016:20:37:09 +0000] "GET /uploads/illustrations/spectral_good_3D.png HTTP/1.1" 200 61899 "http://melvyn.pythonanywhere.com/posts/3/" "Mozilla/5.0 (Windows NT 6.1; WOW64; rv:47.0) Gecko/20100101 Firefox/47.0" "95.42.31.185"
95.42.31.185 - - [15/Aug/2016:20:37:10 +0000] "GET /uploads/illustrations/spectral_bad_2D.png HTTP/1.1" 200 65929 "http://melvyn.pythonanywhere.com/posts/3/" "Mozilla/5.0 (Windows NT 6.1; WOW64; rv:47.0) Gecko/20100101 Firefox/47.0" "95.42.31.185"
95.42.31.185 - - [15/Aug/2016:20:37:10 +0000] "GET /uploads/illustrations/spectral_bad_3D.png HTTP/1.1" 200 107343 "http://melvyn.pythonanywhere.com/posts/3/" "Mozilla/5.0 (Windows NT 6.1; WOW64; rv:47.0) Gecko/20100101 Firefox/47.0" "95.42.31.185"
95.42.31.185 - - [15/Aug/2016:20:37:11 +0000] "GET /favicon.ico HTTP/1.1" 404 1110 "-" "Mozilla/5.0 (Windows NT 6.1; WOW64; rv:47.0) Gecko/20100101 Firefox/47.0" "95.42.31.185"
95.42.31.185 - - [15/Aug/2016:20:37:11 +0000] "GET /favicon.ico HTTP/1.1" 404 1110 "-" "Mozilla/5.0 (Windows NT 6.1; WOW64; rv:47.0) Gecko/20100101 Firefox/47.0" "95.42.31.185"
95.42.31.185 - - [15/Aug/2016:20:37:09 +0000] "GET /uploads/illustrations/hist_100000_good.png HTTP/1.1" 200 22987 "http://melvyn.pythonanywhere.com/posts/3/" "Mozilla/5.0 (Windows NT 6.1; WOW64; rv:47.0) Gecko/20100101 Firefox/47.0" "95.42.31.185"
95.42.31.185 - - [15/Aug/2016:20:37:09 +0000] "GET /uploads/illustrations/hist_1000_bad.png HTTP/1.1" 200 25062 "http://melvyn.pythonanywhere.com/posts/3/" "Mozilla/5.0 (Windows NT 6.1; WOW64; rv:47.0) Gecko/20100101 Firefox/47.0" "95.42.31.185"
95.42.31.185 - - [15/Aug/2016:20:37:09 +0000] "GET /uploads/illustrations/spectral_good_2D.png HTTP/1.1" 200 37009 "http://melvyn.pythonanywhere.com/posts/3/" "Mozilla/5.0 (Windows NT 6.1; WOW64; rv:47.0) Gecko/20100101 Firefox/47.0" "95.42.31.185"
95.42.31.185 - - [15/Aug/2016:20:37:09 +0000] "GET /uploads/illustrations/spectral_good_3D.png HTTP/1.1" 200 61899 "http://melvyn.pythonanywhere.com/posts/3/" "Mozilla/5.0 (Windows NT 6.1; WOW64; rv:47.0) Gecko/20100101 Firefox/47.0" "95.42.31.185"
95.42.31.185 - - [15/Aug/2016:20:37:10 +0000] "GET /uploads/illustrations/spectral_bad_2D.png HTTP/1.1" 200 65929 "http://melvyn.pythonanywhere.com/posts/3/" "Mozilla/5.0 (Windows NT 6.1; WOW64; rv:47.0) Gecko/20100101 Firefox/47.0" "95.42.31.185"
95.42.31.185 - - [15/Aug/2016:20:37:10 +0000] "GET /uploads/illustrations/spectral_bad_3D.png HTTP/1.1" 200 107343 "http://melvyn.pythonanywhere.com/posts/3/" "Mozilla/5.0 (Windows NT 6.1; WOW64; rv:47.0) Gecko/20100101 Firefox/47.0" "95.42.31.185"
95.42.31.185 - - [15/Aug/2016:20:37:11 +0000] "GET /favicon.ico HTTP/1.1" 404 1110 "-" "Mozilla/5.0 (Windows NT 6.1; WOW64; rv:47.0) Gecko/20100101 Firefox/47.0" "95.42.31.185"
95.42.31.185 - - [15/Aug/2016:20:37:11 +0000] "GET /favicon.ico HTTP/1.1" 404 1110 "-" "Mozilla/5.0 (Windows NT 6.1; WOW64; rv:47.0) Gecko/20100101 Firefox/47.0" "95.42.31.185"
95.42.31.185 - - [15/Aug/2016:20:37:09 +0000] "GET /uploads/illustrations/hist_100000_good.png HTTP/1.1" 200 22987 "http://melvyn.pythonanywhere.com/posts/3/" "Mozilla/5.0 (Windows NT 6.1; WOW64; rv:47.0) Gecko/20100101 Firefox/47.0" "95.42.31.185"
95.42.31.185 - - [15/Aug/2016:20:37:09 +0000] "GET /uploads/illustrations/hist_1000_bad.png HTTP/1.1" 200 25062 "http://melvyn.pythonanywhere.com/posts/3/" "Mozilla/5.0 (Windows NT 6.1; WOW64; rv:47.0) Gecko/20100101 Firefox/47.0" "95.42.31.185"
95.42.31.185 - - [15/Aug/2016:20:37:09 +0000] "GET /uploads/illustrations/spectral_good_2D.png HTTP/1.1" 200 37009 "http://melvyn.pythonanywhere.com/posts/3/" "Mozilla/5.0 (Windows NT 6.1; WOW64; rv:47.0) Gecko/20100101 Firefox/47.0" "95.42.31.185"
95.42.31.185 - - [15/Aug/2016:20:37:09 +0000] "GET /uploads/illustrations/spectral_good_3D.png HTTP/1.1" 200 61899 "http://melvyn.pythonanywhere.com/posts/3/" "Mozilla/5.0 (Windows NT 6.1; WOW64; rv:47.0) Gecko/20100101 Firefox/47.0" "95.42.31.185"
95.42.31.185 - - [15/Aug/2016:20:37:10 +0000] "GET /uploads/illustrations/spectral_bad_2D.png HTTP/1.1" 200 65929 "http://melvyn.pythonanywhere.com/posts/3/" "Mozilla/5.0 (Windows NT 6.1; WOW64; rv:47.0) Gecko/20100101 Firefox/47.0" "95.42.31.185"
95.42.31.185 - - [15/Aug/2016:20:37:10 +0000] "GET /uploads/illustrations/spectral_bad_3D.png HTTP/1.1" 200 107343 "http://melvyn.pythonanywhere.com/posts/3/" "Mozilla/5.0 (Windows NT 6.1; WOW64; rv:47.0) Gecko/20100101 Firefox/47.0" "95.42.31.185"
95.42.31.185 - - [15/Aug/2016:20:37:11 +0000] "GET /favicon.ico HTTP/1.1" 404 1110 "-" "Mozilla/5.0 (Windows NT 6.1; WOW64; rv:47.0) Gecko/20100101 Firefox/47.0" "95.42.31.185"
95.42.31.185 - - [15/Aug/2016:20:37:11 +0000] "GET /favicon.ico HTTP/1.1" 404 1110 "-" "Mozilla/5.0 (Windows NT 6.1; WOW64; rv:47.0) Gecko/20100101 Firefox/47.0" "95.42.31.185"
95.42.31.185 - - [15/Aug/2016:20:37:09 +0000] "GET /uploads/illustrations/hist_100000_good.png HTTP/1.1" 200 22987 "http://melvyn.pythonanywhere.com/posts/3/" "Mozilla/5.0 (Windows NT 6.1; WOW64; rv:47.0) Gecko/20100101 Firefox/47.0" "95.42.31.185"
95.42.31.185 - - [15/Aug/2016:20:37:09 +0000] "GET /uploads/illustrations/hist_1000_bad.png HTTP/1.1" 200 25062 "http://melvyn.pythonanywhere.com/posts/3/" "Mozilla/5.0 (Windows NT 6.1; WOW64; rv:47.0) Gecko/20100101 Firefox/47.0" "95.42.31.185"
95.42.31.185 - - [15/Aug/2016:20:37:09 +0000] "GET /uploads/illustrations/spectral_good_2D.png HTTP/1.1" 200 37009 "http://melvyn.pythonanywhere.com/posts/3/" "Mozilla/5.0 (Windows NT 6.1; WOW64; rv:47.0) Gecko/20100101 Firefox/47.0" "95.42.31.185"
95.42.31.185 - - [15/Aug/2016:20:37:09 +0000] "GET /uploads/illustrations/spectral_good_3D.png HTTP/1.1" 200 61899 "http://melvyn.pythonanywhere.com/posts/3/" "Mozilla/5.0 (Windows NT 6.1; WOW64; rv:47.0) Gecko/20100101 Firefox/47.0" "95.42.31.185"
95.42.31.185 - - [15/Aug/2016:20:37:10 +0000] "GET /uploads/illustrations/spectral_bad_2D.png HTTP/1.1" 200 65929 "http://melvyn.pythonanywhere.com/posts/3/" "Mozilla/5.0 (Windows NT 6.1; WOW64; rv:47.0) Gecko/20100101 Firefox/47.0" "95.42.31.185"
95.42.31.185 - - [15/Aug/2016:20:37:10 +0000] "GET /uploads/illustrations/spectral_bad_3D.png HTTP/1.1" 200 107343 "http://melvyn.pythonanywhere.com/posts/3/" "Mozilla/5.0 (Windows NT 6.1; WOW64; rv:47.0) Gecko/20100101 Firefox/47.0" "95.42.31.185"
95.42.31.185 - - [15/Aug/2016:20:37:11 +0000] "GET /favicon.ico HTTP/1.1" 404 1110 "-" "Mozilla/5.0 (Windows NT 6.1; WOW64; rv:47.0) Gecko/20100101 Firefox/47.0" "95.42.31.185"
95.42.31.185 - - [15/Aug/2016:20:37:11 +0000] "GET /favicon.ico HTTP/1.1" 404 1110 "-" "Mozilla/5.0 (Windows NT 6.1; WOW64; rv:47.0) Gecko/20100101 Firefox/47.0" "95.42.31.185"
95.42.31.185 - - [15/Aug/2016:20:37:09 +0000] "GET /uploads/illustrations/hist_100000_good.png HTTP/1.1" 200 22987 "http://melvyn.pythonanywhere.com/posts/3/" "Mozilla/5.0 (Windows NT 6.1; WOW64; rv:47.0) Gecko/20100101 Firefox/47.0" "95.42.31.185"
95.42.31.185 - - [15/Aug/2016:20:37:09 +0000] "GET /uploads/illustrations/hist_1000_bad.png HTTP/1.1" 200 25062 "http://melvyn.pythonanywhere.com/posts/3/" "Mozilla/5.0 (Windows NT 6.1; WOW64; rv:47.0) Gecko/20100101 Firefox/47.0" "95.42.31.185"
95.42.31.185 - - [15/Aug/2016:20:37:09 +0000] "GET /uploads/illustrations/spectral_good_2D.png HTTP/1.1" 200 37009 "http://melvyn.pythonanywhere.com/posts/3/" "Mozilla/5.0 (Windows NT 6.1; WOW64; rv:47.0) Gecko/20100101 Firefox/47.0" "95.42.31.185"
95.42.31.185 - - [15/Aug/2016:20:37:09 +0000] "GET /uploads/illustrations/spectral_good_3D.png HTTP/1.1" 200 61899 "http://melvyn.pythonanywhere.com/posts/3/" "Mozilla/5.0 (Windows NT 6.1; WOW64; rv:47.0) Gecko/20100101 Firefox/47.0" "95.42.31.185"
95.42.31.185 - - [15/Aug/2016:20:37:10 +0000] "GET /uploads/illustrations/spectral_bad_2D.png HTTP/1.1" 200 65929 "http://melvyn.pythonanywhere.com/posts/3/" "Mozilla/5.0 (Windows NT 6.1; WOW64; rv:47.0) Gecko/20100101 Firefox/47.0" "95.42.31.185"
95.42.31.185 - - [15/Aug/2016:20:37:10 +0000] "GET /uploads/illustrations/spectral_bad_3D.png HTTP/1.1" 200 107343 "http://melvyn.pythonanywhere.com/posts/3/" "Mozilla/5.0 (Windows NT 6.1; WOW64; rv:47.0) Gecko/20100101 Firefox/47.0" "95.42.31.185"
95.42.31.185 - - [15/Aug/2016:20:37:11 +0000] "GET /favicon.ico HTTP/1.1" 404 1110 "-" "Mozilla/5.0 (Windows NT 6.1; WOW64; rv:47.0) Gecko/20100101 Firefox/47.0" "95.42.31.185"
95.42.31.185 - - [15/Aug/2016:20:37:11 +0000] "GET /favicon.ico HTTP/1.1" 404 1110 "-" "Mozilla/5.0 (Windows NT 6.1; WOW64; rv:47.0) Gecko/20100101 Firefox/47.0" "95.42.31.185"
95.42.31.185 - - [15/Aug/2016:20:37:09 +0000] "GET /uploads/illustrations/hist_100000_good.png HTTP/1.1" 200 22987 "http://melvyn.pythonanywhere.com/posts/3/" "Mozilla/5.0 (Windows NT 6.1; WOW64; rv:47.0) Gecko/20100101 Firefox/47.0" "95.42.31.185"
95.42.31.185 - - [15/Aug/2016:20:37:09 +0000] "GET /uploads/illustrations/hist_1000_bad.png HTTP/1.1" 200 25062 "http://melvyn.pythonanywhere.com/posts/3/" "Mozilla/5.0 (Windows NT 6.1; WOW64; rv:47.0) Gecko/20100101 Firefox/47.0" "95.42.31.185"
95.42.31.185 - - [15/Aug/2016:20:37:09 +0000] "GET /uploads/illustrations/spectral_good_2D.png HTTP/1.1" 200 37009 "http://melvyn.pythonanywhere.com/posts/3/" "Mozilla/5.0 (Windows NT 6.1; WOW64; rv:47.0) Gecko/20100101 Firefox/47.0" "95.42.31.185"
95.42.31.185 - - [15/Aug/2016:20:37:09 +0000] "GET /uploads/illustrations/spectral_good_3D.png HTTP/1.1" 200 61899 "http://melvyn.pythonanywhere.com/posts/3/" "Mozilla/5.0 (Windows NT 6.1; WOW64; rv:47.0) Gecko/20100101 Firefox/47.0" "95.42.31.185"
95.42.31.185 - - [15/Aug/2016:20:37:10 +0000] "GET /uploads/illustrations/spectral_bad_2D.png HTTP/1.1" 200 65929 "http://melvyn.pythonanywhere.com/posts/3/" "Mozilla/5.0 (Windows NT 6.1; WOW64; rv:47.0) Gecko/20100101 Firefox/47.0" "95.42.31.185"
95.42.31.185 - - [15/Aug/2016:20:37:10 +0000] "GET /uploads/illustrations/spectral_bad_3D.png HTTP/1.1" 200 107343 "http://melvyn.pythonanywhere.com/posts/3/" "Mozilla/5.0 (Windows NT 6.1; WOW64; rv:47.0) Gecko/20100101 Firefox/47.0" "95.42.31.185"
95.42.31.185 - - [15/Aug/2016:20:37:11 +0000] "GET /favicon.ico HTTP/1.1" 404 1110 "-" "Mozilla/5.0 (Windows NT 6.1; WOW64; rv:47.0) Gecko/20100101 Firefox/47.0" "95.42.31.185"
95.42.31.185 - - [15/Aug/2016:20:37:11 +0000] "GET /favicon.ico HTTP/1.1" 404 1110 "-" "Mozilla/5.0 (Windows NT 6.1; WOW64; rv:47.0) Gecko/20100101 Firefox/47.0" "95.42.31.185"
95.42.31.185 - - [15/Aug/2016:20:37:09 +0000] "GET /uploads/illustrations/hist_100000_good.png HTTP/1.1" 200 22987 "http://melvyn.pythonanywhere.com/posts/3/" "Mozilla/5.0 (Windows NT 6.1; WOW64; rv:47.0) Gecko/20100101 Firefox/47.0" "95.42.31.185"
95.42.31.185 - - [15/Aug/2016:20:37:09 +0000] "GET /uploads/illustrations/hist_1000_bad.png HTTP/1.1" 200 25062 "http://melvyn.pythonanywhere.com/posts/3/" "Mozilla/5.0 (Windows NT 6.1; WOW64; rv:47.0) Gecko/20100101 Firefox/47.0" "95.42.31.185"
95.42.31.185 - - [15/Aug/2016:20:37:09 +0000] "GET /uploads/illustrations/spectral_good_2D.png HTTP/1.1" 200 37009 "http://melvyn.pythonanywhere.com/posts/3/" "Mozilla/5.0 (Windows NT 6.1; WOW64; rv:47.0) Gecko/20100101 Firefox/47.0" "95.42.31.185"
95.42.31.185 - - [15/Aug/2016:20:37:09 +0000] "GET /uploads/illustrations/spectral_good_3D.png HTTP/1.1" 200 61899 "http://melvyn.pythonanywhere.com/posts/3/" "Mozilla/5.0 (Windows NT 6.1; WOW64; rv:47.0) Gecko/20100101 Firefox/47.0" "95.42.31.185"
95.42.31.185 - - [15/Aug/2016:20:37:10 +0000] "GET /uploads/illustrations/spectral_bad_2D.png HTTP/1.1" 200 65929 "http://melvyn.pythonanywhere.com/posts/3/" "Mozilla/5.0 (Windows NT 6.1; WOW64; rv:47.0) Gecko/20100101 Firefox/47.0" "95.42.31.185"
95.42.31.185 - - [15/Aug/2016:20:37:10 +0000] "GET /uploads/illustrations/spectral_bad_3D.png HTTP/1.1" 200 107343 "http://melvyn.pythonanywhere.com/posts/3/" "Mozilla/5.0 (Windows NT 6.1; WOW64; rv:47.0) Gecko/20100101 Firefox/47.0" "95.42.31.185"
95.42.31.185 - - [15/Aug/2016:20:37:11 +0000] "GET /favicon.ico HTTP/1.1" 404 1110 "-" "Mozilla/5.0 (Windows NT 6.1; WOW64; rv:47.0) Gecko/20100101 Firefox/47.0" "95.42.31.185"
95.42.31.185 - - [15/Aug/2016:20:37:11 +0000] "GET /favicon.ico HTTP/1.1" 404 1110 "-" "Mozilla/5.0 (Windows NT 6.1; WOW64; rv:47.0) Gecko/20100101 Firefox/47.0" "95.42.31.185"
184.23.225.146 - - [15/Aug/2016:20:47:40 +0000] "GET /posts/3/ HTTP/1.1" 200 6200 "-" "Mozilla/5.0 (Macintosh; Intel Mac OS X 10_11_4) AppleWebKit/537.36 (KHTML, like Gecko) Chrome/52.0.2743.116 Safari/537.36" "184.23.225.146"
184.23.225.146 - - [15/Aug/2016:20:47:40 +0000] "GET /static/style/css/base.css HTTP/1.1" 200 722 "http://melvyn.pythonanywhere.com/posts/3/" "Mozilla/5.0 (Macintosh; Intel Mac OS X 10_11_4) AppleWebKit/537.36 (KHTML, like Gecko) Chrome/52.0.2743.116 Safari/537.36" "184.23.225.146"
184.23.225.146 - - [15/Aug/2016:20:47:40 +0000] "GET /static/js/jquery.easing.1.3.js HTTP/1.1" 200 2027 "http://melvyn.pythonanywhere.com/posts/3/" "Mozilla/5.0 (Macintosh; Intel Mac OS X 10_11_4) AppleWebKit/537.36 (KHTML, like Gecko) Chrome/52.0.2743.116 Safari/537.36" "184.23.225.146"
184.23.225.146 - - [15/Aug/2016:20:47:40 +0000] "GET /static/style/css/post.css HTTP/1.1" 200 305 "http://melvyn.pythonanywhere.com/posts/3/" "Mozilla/5.0 (Macintosh; Intel Mac OS X 10_11_4) AppleWebKit/537.36 (KHTML, like Gecko) Chrome/52.0.2743.116 Safari/537.36" "184.23.225.146"
184.23.225.146 - - [15/Aug/2016:20:47:41 +0000] "GET /static/img/logo.png HTTP/1.1" 200 10965 "http://melvyn.pythonanywhere.com/posts/3/" "Mozilla/5.0 (Macintosh; Intel Mac OS X 10_11_4) AppleWebKit/537.36 (KHTML, like Gecko) Chrome/52.0.2743.116 Safari/537.36" "184.23.225.146"
184.23.225.146 - - [15/Aug/2016:20:47:41 +0000] "GET /uploads/illustrations/bitcoin-dice.jpg HTTP/1.1" 200 47730 "http://melvyn.pythonanywhere.com/posts/3/" "Mozilla/5.0 (Macintosh; Intel Mac OS X 10_11_4) AppleWebKit/537.36 (KHTML, like Gecko) Chrome/52.0.2743.116 Safari/537.36" "184.23.225.146"
184.23.225.146 - - [15/Aug/2016:20:47:41 +0000] "GET /uploads/illustrations/hist_1000_good.png HTTP/1.1" 200 21646 "http://melvyn.pythonanywhere.com/posts/3/" "Mozilla/5.0 (Macintosh; Intel Mac OS X 10_11_4) AppleWebKit/537.36 (KHTML, like Gecko) Chrome/52.0.2743.116 Safari/537.36" "184.23.225.146"
184.23.225.146 - - [15/Aug/2016:20:47:41 +0000] "GET /uploads/illustrations/hist_10000_good.png HTTP/1.1" 200 23232 "http://melvyn.pythonanywhere.com/posts/3/" "Mozilla/5.0 (Macintosh; Intel Mac OS X 10_11_4) AppleWebKit/537.36 (KHTML, like Gecko) Chrome/52.0.2743.116 Safari/537.36" "184.23.225.146"
184.23.225.146 - - [15/Aug/2016:20:47:41 +0000] "GET /uploads/illustrations/hist_100000_good.png HTTP/1.1" 200 22987 "http://melvyn.pythonanywhere.com/posts/3/" "Mozilla/5.0 (Macintosh; Intel Mac OS X 10_11_4) AppleWebKit/537.36 (KHTML, like Gecko) Chrome/52.0.2743.116 Safari/537.36" "184.23.225.146"
184.23.225.146 - - [15/Aug/2016:20:47:41 +0000] "GET /uploads/illustrations/hist_1000_bad.png HTTP/1.1" 200 25062 "http://melvyn.pythonanywhere.com/posts/3/" "Mozilla/5.0 (Macintosh; Intel Mac OS X 10_11_4) AppleWebKit/537.36 (KHTML, like Gecko) Chrome/52.0.2743.116 Safari/537.36" "184.23.225.146"
184.23.225.146 - - [15/Aug/2016:20:47:41 +0000] "GET /uploads/illustrations/spectral_good_2D.png HTTP/1.1" 200 37009 "http://melvyn.pythonanywhere.com/posts/3/" "Mozilla/5.0 (Macintosh; Intel Mac OS X 10_11_4) AppleWebKit/537.36 (KHTML, like Gecko) Chrome/52.0.2743.116 Safari/537.36" "184.23.225.146"
184.23.225.146 - - [15/Aug/2016:20:47:41 +0000] "GET /uploads/illustrations/spectral_good_3D.png HTTP/1.1" 200 61899 "http://melvyn.pythonanywhere.com/posts/3/" "Mozilla/5.0 (Macintosh; Intel Mac OS X 10_11_4) AppleWebKit/537.36 (KHTML, like Gecko) Chrome/52.0.2743.116 Safari/537.36" "184.23.225.146"
184.23.225.146 - - [15/Aug/2016:20:47:41 +0000] "GET /uploads/illustrations/spectral_bad_2D.png HTTP/1.1" 200 65929 "http://melvyn.pythonanywhere.com/posts/3/" "Mozilla/5.0 (Macintosh; Intel Mac OS X 10_11_4) AppleWebKit/537.36 (KHTML, like Gecko) Chrome/52.0.2743.116 Safari/537.36" "184.23.225.146"
184.23.225.146 - - [15/Aug/2016:20:47:41 +0000] "GET /uploads/illustrations/spectral_bad_3D.png HTTP/1.1" 200 107343 "http://melvyn.pythonanywhere.com/posts/3/" "Mozilla/5.0 (Macintosh; Intel Mac OS X 10_11_4) AppleWebKit/537.36 (KHTML, like Gecko) Chrome/52.0.2743.116 Safari/537.36" "184.23.225.146"
184.23.225.146 - - [15/Aug/2016:20:47:41 +0000] "GET /favicon.ico HTTP/1.1" 404 1110 "http://melvyn.pythonanywhere.com/posts/3/" "Mozilla/5.0 (Macintosh; Intel Mac OS X 10_11_4) AppleWebKit/537.36 (KHTML, like Gecko) Chrome/52.0.2743.116 Safari/537.36" "184.23.225.146"
140.180.241.230 - - [15/Aug/2016:20:52:59 +0000] "GET /posts/3/ HTTP/1.1" 200 6200 "-" "Mozilla/5.0 (Macintosh; Intel Mac OS X 10_11_5) AppleWebKit/537.36 (KHTML, like Gecko) Chrome/49.0.2623.112 Safari/537.36" "140.180.241.230"
140.180.241.230 - - [15/Aug/2016:20:52:59 +0000] "GET /static/style/css/base.css HTTP/1.1" 200 722 "http://melvyn.pythonanywhere.com/posts/3/" "Mozilla/5.0 (Macintosh; Intel Mac OS X 10_11_5) AppleWebKit/537.36 (KHTML, like Gecko) Chrome/49.0.2623.112 Safari/537.36" "140.180.241.230"
140.180.241.230 - - [15/Aug/2016:20:52:59 +0000] "GET /static/js/jquery.easing.1.3.js HTTP/1.1" 200 2027 "http://melvyn.pythonanywhere.com/posts/3/" "Mozilla/5.0 (Macintosh; Intel Mac OS X 10_11_5) AppleWebKit/537.36 (KHTML, like Gecko) Chrome/49.0.2623.112 Safari/537.36" "140.180.241.230"
140.180.241.230 - - [15/Aug/2016:20:52:59 +0000] "GET /static/style/css/post.css HTTP/1.1" 200 305 "http://melvyn.pythonanywhere.com/posts/3/" "Mozilla/5.0 (Macintosh; Intel Mac OS X 10_11_5) AppleWebKit/537.36 (KHTML, like Gecko) Chrome/49.0.2623.112 Safari/537.36" "140.180.241.230"
140.180.241.230 - - [15/Aug/2016:20:52:59 +0000] "GET /static/img/logo.png HTTP/1.1" 200 10965 "http://melvyn.pythonanywhere.com/posts/3/" "Mozilla/5.0 (Macintosh; Intel Mac OS X 10_11_5) AppleWebKit/537.36 (KHTML, like Gecko) Chrome/49.0.2623.112 Safari/537.36" "140.180.241.230"
140.180.241.230 - - [15/Aug/2016:20:52:59 +0000] "GET /uploads/illustrations/bitcoin-dice.jpg HTTP/1.1" 200 47730 "http://melvyn.pythonanywhere.com/posts/3/" "Mozilla/5.0 (Macintosh; Intel Mac OS X 10_11_5) AppleWebKit/537.36 (KHTML, like Gecko) Chrome/49.0.2623.112 Safari/537.36" "140.180.241.230"
140.180.241.230 - - [15/Aug/2016:20:52:59 +0000] "GET /uploads/illustrations/hist_1000_good.png HTTP/1.1" 200 21646 "http://melvyn.pythonanywhere.com/posts/3/" "Mozilla/5.0 (Macintosh; Intel Mac OS X 10_11_5) AppleWebKit/537.36 (KHTML, like Gecko) Chrome/49.0.2623.112 Safari/537.36" "140.180.241.230"
140.180.241.230 - - [15/Aug/2016:20:52:59 +0000] "GET /uploads/illustrations/hist_10000_good.png HTTP/1.1" 200 23232 "http://melvyn.pythonanywhere.com/posts/3/" "Mozilla/5.0 (Macintosh; Intel Mac OS X 10_11_5) AppleWebKit/537.36 (KHTML, like Gecko) Chrome/49.0.2623.112 Safari/537.36" "140.180.241.230"
140.180.241.230 - - [15/Aug/2016:20:52:59 +0000] "GET /uploads/illustrations/hist_100000_good.png HTTP/1.1" 200 22987 "http://melvyn.pythonanywhere.com/posts/3/" "Mozilla/5.0 (Macintosh; Intel Mac OS X 10_11_5) AppleWebKit/537.36 (KHTML, like Gecko) Chrome/49.0.2623.112 Safari/537.36" "140.180.241.230"
140.180.241.230 - - [15/Aug/2016:20:52:59 +0000] "GET /uploads/illustrations/hist_1000_bad.png HTTP/1.1" 200 25062 "http://melvyn.pythonanywhere.com/posts/3/" "Mozilla/5.0 (Macintosh; Intel Mac OS X 10_11_5) AppleWebKit/537.36 (KHTML, like Gecko) Chrome/49.0.2623.112 Safari/537.36" "140.180.241.230"
140.180.241.230 - - [15/Aug/2016:20:52:59 +0000] "GET /uploads/illustrations/spectral_good_2D.png HTTP/1.1" 200 37009 "http://melvyn.pythonanywhere.com/posts/3/" "Mozilla/5.0 (Macintosh; Intel Mac OS X 10_11_5) AppleWebKit/537.36 (KHTML, like Gecko) Chrome/49.0.2623.112 Safari/537.36" "140.180.241.230"
140.180.241.230 - - [15/Aug/2016:20:52:59 +0000] "GET /uploads/illustrations/spectral_good_3D.png HTTP/1.1" 200 61899 "http://melvyn.pythonanywhere.com/posts/3/" "Mozilla/5.0 (Macintosh; Intel Mac OS X 10_11_5) AppleWebKit/537.36 (KHTML, like Gecko) Chrome/49.0.2623.112 Safari/537.36" "140.180.241.230"
140.180.241.230 - - [15/Aug/2016:20:52:59 +0000] "GET /uploads/illustrations/spectral_bad_2D.png HTTP/1.1" 200 65929 "http://melvyn.pythonanywhere.com/posts/3/" "Mozilla/5.0 (Macintosh; Intel Mac OS X 10_11_5) AppleWebKit/537.36 (KHTML, like Gecko) Chrome/49.0.2623.112 Safari/537.36" "140.180.241.230"
140.180.241.230 - - [15/Aug/2016:20:53:00 +0000] "GET /uploads/illustrations/spectral_bad_3D.png HTTP/1.1" 200 107343 "http://melvyn.pythonanywhere.com/posts/3/" "Mozilla/5.0 (Macintosh; Intel Mac OS X 10_11_5) AppleWebKit/537.36 (KHTML, like Gecko) Chrome/49.0.2623.112 Safari/537.36" "140.180.241.230"
140.180.241.230 - - [15/Aug/2016:20:53:00 +0000] "GET /favicon.ico HTTP/1.1" 404 1110 "http://melvyn.pythonanywhere.com/posts/3/" "Mozilla/5.0 (Macintosh; Intel Mac OS X 10_11_5) AppleWebKit/537.36 (KHTML, like Gecko) Chrome/49.0.2623.112 Safari/537.36" "140.180.241.230"
140.180.241.230 - - [15/Aug/2016:20:52:59 +0000] "GET /posts/3/ HTTP/1.1" 200 6200 "-" "Mozilla/5.0 (Macintosh; Intel Mac OS X 10_11_5) AppleWebKit/537.36 (KHTML, like Gecko) Chrome/49.0.2623.112 Safari/537.36" "140.180.241.230"
140.180.241.230 - - [15/Aug/2016:20:52:59 +0000] "GET /static/style/css/base.css HTTP/1.1" 200 722 "http://melvyn.pythonanywhere.com/posts/3/" "Mozilla/5.0 (Macintosh; Intel Mac OS X 10_11_5) AppleWebKit/537.36 (KHTML, like Gecko) Chrome/49.0.2623.112 Safari/537.36" "140.180.241.230"
140.180.241.230 - - [15/Aug/2016:20:52:59 +0000] "GET /static/js/jquery.easing.1.3.js HTTP/1.1" 200 2027 "http://melvyn.pythonanywhere.com/posts/3/" "Mozilla/5.0 (Macintosh; Intel Mac OS X 10_11_5) AppleWebKit/537.36 (KHTML, like Gecko) Chrome/49.0.2623.112 Safari/537.36" "140.180.241.230"
140.180.241.230 - - [15/Aug/2016:20:52:59 +0000] "GET /static/style/css/post.css HTTP/1.1" 200 305 "http://melvyn.pythonanywhere.com/posts/3/" "Mozilla/5.0 (Macintosh; Intel Mac OS X 10_11_5) AppleWebKit/537.36 (KHTML, like Gecko) Chrome/49.0.2623.112 Safari/537.36" "140.180.241.230"
140.180.241.230 - - [15/Aug/2016:20:52:59 +0000] "GET /static/img/logo.png HTTP/1.1" 200 10965 "http://melvyn.pythonanywhere.com/posts/3/" "Mozilla/5.0 (Macintosh; Intel Mac OS X 10_11_5) AppleWebKit/537.36 (KHTML, like Gecko) Chrome/49.0.2623.112 Safari/537.36" "140.180.241.230"
140.180.241.230 - - [15/Aug/2016:20:52:59 +0000] "GET /uploads/illustrations/bitcoin-dice.jpg HTTP/1.1" 200 47730 "http://melvyn.pythonanywhere.com/posts/3/" "Mozilla/5.0 (Macintosh; Intel Mac OS X 10_11_5) AppleWebKit/537.36 (KHTML, like Gecko) Chrome/49.0.2623.112 Safari/537.36" "140.180.241.230"
140.180.241.230 - - [15/Aug/2016:20:52:59 +0000] "GET /uploads/illustrations/hist_1000_good.png HTTP/1.1" 200 21646 "http://melvyn.pythonanywhere.com/posts/3/" "Mozilla/5.0 (Macintosh; Intel Mac OS X 10_11_5) AppleWebKit/537.36 (KHTML, like Gecko) Chrome/49.0.2623.112 Safari/537.36" "140.180.241.230"
140.180.241.230 - - [15/Aug/2016:20:52:59 +0000] "GET /uploads/illustrations/hist_10000_good.png HTTP/1.1" 200 23232 "http://melvyn.pythonanywhere.com/posts/3/" "Mozilla/5.0 (Macintosh; Intel Mac OS X 10_11_5) AppleWebKit/537.36 (KHTML, like Gecko) Chrome/49.0.2623.112 Safari/537.36" "140.180.241.230"
140.180.241.230 - - [15/Aug/2016:20:52:59 +0000] "GET /uploads/illustrations/hist_100000_good.png HTTP/1.1" 200 22987 "http://melvyn.pythonanywhere.com/posts/3/" "Mozilla/5.0 (Macintosh; Intel Mac OS X 10_11_5) AppleWebKit/537.36 (KHTML, like Gecko) Chrome/49.0.2623.112 Safari/537.36" "140.180.241.230"
140.180.241.230 - - [15/Aug/2016:20:52:59 +0000] "GET /uploads/illustrations/hist_1000_bad.png HTTP/1.1" 200 25062 "http://melvyn.pythonanywhere.com/posts/3/" "Mozilla/5.0 (Macintosh; Intel Mac OS X 10_11_5) AppleWebKit/537.36 (KHTML, like Gecko) Chrome/49.0.2623.112 Safari/537.36" "140.180.241.230"
140.180.241.230 - - [15/Aug/2016:20:52:59 +0000] "GET /uploads/illustrations/spectral_good_2D.png HTTP/1.1" 200 37009 "http://melvyn.pythonanywhere.com/posts/3/" "Mozilla/5.0 (Macintosh; Intel Mac OS X 10_11_5) AppleWebKit/537.36 (KHTML, like Gecko) Chrome/49.0.2623.112 Safari/537.36" "140.180.241.230"
140.180.241.230 - - [15/Aug/2016:20:52:59 +0000] "GET /uploads/illustrations/spectral_good_3D.png HTTP/1.1" 200 61899 "http://melvyn.pythonanywhere.com/posts/3/" "Mozilla/5.0 (Macintosh; Intel Mac OS X 10_11_5) AppleWebKit/537.36 (KHTML, like Gecko) Chrome/49.0.2623.112 Safari/537.36" "140.180.241.230"
140.180.241.230 - - [15/Aug/2016:20:52:59 +0000] "GET /uploads/illustrations/spectral_bad_2D.png HTTP/1.1" 200 65929 "http://melvyn.pythonanywhere.com/posts/3/" "Mozilla/5.0 (Macintosh; Intel Mac OS X 10_11_5) AppleWebKit/537.36 (KHTML, like Gecko) Chrome/49.0.2623.112 Safari/537.36" "140.180.241.230"
140.180.241.230 - - [15/Aug/2016:20:53:00 +0000] "GET /uploads/illustrations/spectral_bad_3D.png HTTP/1.1" 200 107343 "http://melvyn.pythonanywhere.com/posts/3/" "Mozilla/5.0 (Macintosh; Intel Mac OS X 10_11_5) AppleWebKit/537.36 (KHTML, like Gecko) Chrome/49.0.2623.112 Safari/537.36" "140.180.241.230"
140.180.241.230 - - [15/Aug/2016:20:53:00 +0000] "GET /favicon.ico HTTP/1.1" 404 1110 "http://melvyn.pythonanywhere.com/posts/3/" "Mozilla/5.0 (Macintosh; Intel Mac OS X 10_11_5) AppleWebKit/537.36 (KHTML, like Gecko) Chrome/49.0.2623.112 Safari/537.36" "140.180.241.230"
140.180.241.230 - - [15/Aug/2016:20:52:59 +0000] "GET /posts/3/ HTTP/1.1" 200 6200 "-" "Mozilla/5.0 (Macintosh; Intel Mac OS X 10_11_5) AppleWebKit/537.36 (KHTML, like Gecko) Chrome/49.0.2623.112 Safari/537.36" "140.180.241.230"
140.180.241.230 - - [15/Aug/2016:20:52:59 +0000] "GET /static/style/css/base.css HTTP/1.1" 200 722 "http://melvyn.pythonanywhere.com/posts/3/" "Mozilla/5.0 (Macintosh; Intel Mac OS X 10_11_5) AppleWebKit/537.36 (KHTML, like Gecko) Chrome/49.0.2623.112 Safari/537.36" "140.180.241.230"
140.180.241.230 - - [15/Aug/2016:20:52:59 +0000] "GET /static/js/jquery.easing.1.3.js HTTP/1.1" 200 2027 "http://melvyn.pythonanywhere.com/posts/3/" "Mozilla/5.0 (Macintosh; Intel Mac OS X 10_11_5) AppleWebKit/537.36 (KHTML, like Gecko) Chrome/49.0.2623.112 Safari/537.36" "140.180.241.230"
140.180.241.230 - - [15/Aug/2016:20:52:59 +0000] "GET /static/style/css/post.css HTTP/1.1" 200 305 "http://melvyn.pythonanywhere.com/posts/3/" "Mozilla/5.0 (Macintosh; Intel Mac OS X 10_11_5) AppleWebKit/537.36 (KHTML, like Gecko) Chrome/49.0.2623.112 Safari/537.36" "140.180.241.230"
140.180.241.230 - - [15/Aug/2016:20:52:59 +0000] "GET /static/img/logo.png HTTP/1.1" 200 10965 "http://melvyn.pythonanywhere.com/posts/3/" "Mozilla/5.0 (Macintosh; Intel Mac OS X 10_11_5) AppleWebKit/537.36 (KHTML, like Gecko) Chrome/49.0.2623.112 Safari/537.36" "140.180.241.230"
140.180.241.230 - - [15/Aug/2016:20:52:59 +0000] "GET /uploads/illustrations/bitcoin-dice.jpg HTTP/1.1" 200 47730 "http://melvyn.pythonanywhere.com/posts/3/" "Mozilla/5.0 (Macintosh; Intel Mac OS X 10_11_5) AppleWebKit/537.36 (KHTML, like Gecko) Chrome/49.0.2623.112 Safari/537.36" "140.180.241.230"
140.180.241.230 - - [15/Aug/2016:20:52:59 +0000] "GET /uploads/illustrations/hist_1000_good.png HTTP/1.1" 200 21646 "http://melvyn.pythonanywhere.com/posts/3/" "Mozilla/5.0 (Macintosh; Intel Mac OS X 10_11_5) AppleWebKit/537.36 (KHTML, like Gecko) Chrome/49.0.2623.112 Safari/537.36" "140.180.241.230"
140.180.241.230 - - [15/Aug/2016:20:52:59 +0000] "GET /uploads/illustrations/hist_10000_good.png HTTP/1.1" 200 23232 "http://melvyn.pythonanywhere.com/posts/3/" "Mozilla/5.0 (Macintosh; Intel Mac OS X 10_11_5) AppleWebKit/537.36 (KHTML, like Gecko) Chrome/49.0.2623.112 Safari/537.36" "140.180.241.230"
140.180.241.230 - - [15/Aug/2016:20:52:59 +0000] "GET /uploads/illustrations/hist_100000_good.png HTTP/1.1" 200 22987 "http://melvyn.pythonanywhere.com/posts/3/" "Mozilla/5.0 (Macintosh; Intel Mac OS X 10_11_5) AppleWebKit/537.36 (KHTML, like Gecko) Chrome/49.0.2623.112 Safari/537.36" "140.180.241.230"
140.180.241.230 - - [15/Aug/2016:20:52:59 +0000] "GET /uploads/illustrations/hist_1000_bad.png HTTP/1.1" 200 25062 "http://melvyn.pythonanywhere.com/posts/3/" "Mozilla/5.0 (Macintosh; Intel Mac OS X 10_11_5) AppleWebKit/537.36 (KHTML, like Gecko) Chrome/49.0.2623.112 Safari/537.36" "140.180.241.230"
140.180.241.230 - - [15/Aug/2016:20:52:59 +0000] "GET /uploads/illustrations/spectral_good_2D.png HTTP/1.1" 200 37009 "http://melvyn.pythonanywhere.com/posts/3/" "Mozilla/5.0 (Macintosh; Intel Mac OS X 10_11_5) AppleWebKit/537.36 (KHTML, like Gecko) Chrome/49.0.2623.112 Safari/537.36" "140.180.241.230"
140.180.241.230 - - [15/Aug/2016:20:52:59 +0000] "GET /uploads/illustrations/spectral_good_3D.png HTTP/1.1" 200 61899 "http://melvyn.pythonanywhere.com/posts/3/" "Mozilla/5.0 (Macintosh; Intel Mac OS X 10_11_5) AppleWebKit/537.36 (KHTML, like Gecko) Chrome/49.0.2623.112 Safari/537.36" "140.180.241.230"
140.180.241.230 - - [15/Aug/2016:20:52:59 +0000] "GET /uploads/illustrations/spectral_bad_2D.png HTTP/1.1" 200 65929 "http://melvyn.pythonanywhere.com/posts/3/" "Mozilla/5.0 (Macintosh; Intel Mac OS X 10_11_5) AppleWebKit/537.36 (KHTML, like Gecko) Chrome/49.0.2623.112 Safari/537.36" "140.180.241.230"
140.180.241.230 - - [15/Aug/2016:20:53:00 +0000] "GET /uploads/illustrations/spectral_bad_3D.png HTTP/1.1" 200 107343 "http://melvyn.pythonanywhere.com/posts/3/" "Mozilla/5.0 (Macintosh; Intel Mac OS X 10_11_5) AppleWebKit/537.36 (KHTML, like Gecko) Chrome/49.0.2623.112 Safari/537.36" "140.180.241.230"
140.180.241.230 - - [15/Aug/2016:20:53:00 +0000] "GET /favicon.ico HTTP/1.1" 404 1110 "http://melvyn.pythonanywhere.com/posts/3/" "Mozilla/5.0 (Macintosh; Intel Mac OS X 10_11_5) AppleWebKit/537.36 (KHTML, like Gecko) Chrome/49.0.2623.112 Safari/537.36" "140.180.241.230"
66.102.9.106 - - [15/Aug/2016:21:04:08 +0000] "GET /posts/3/ HTTP/1.1" 200 6200 "-" "Mozilla/5.0 (Linux; Android 4.2.2; TECNO G9 Build/JDQ39) AppleWebKit/537.36 (KHTML, like Gecko) Chrome/50.0.2661.89 Safari/537.36" "197.211.57.35, 66.102.9.106"
66.102.9.106 - - [15/Aug/2016:21:04:09 +0000] "GET /static/style/css/base.css HTTP/1.1" 200 722 "http://melvyn.pythonanywhere.com/posts/3/" "Mozilla/5.0 (Linux; Android 4.2.2; TECNO G9 Build/JDQ39) AppleWebKit/537.36 (KHTML, like Gecko) Chrome/50.0.2661.89 Safari/537.36" "197.211.57.35, 66.102.9.106"
66.102.9.116 - - [15/Aug/2016:21:04:09 +0000] "GET /static/js/jquery.easing.1.3.js HTTP/1.1" 200 2027 "http://melvyn.pythonanywhere.com/posts/3/" "Mozilla/5.0 (Linux; Android 4.2.2; TECNO G9 Build/JDQ39) AppleWebKit/537.36 (KHTML, like Gecko) Chrome/50.0.2661.89 Safari/537.36" "197.211.57.35, 66.102.9.116"
66.102.9.116 - - [15/Aug/2016:21:04:09 +0000] "GET /static/img/logo.png HTTP/1.1" 200 10965 "http://melvyn.pythonanywhere.com/posts/3/" "Mozilla/5.0 (Linux; Android 4.2.2; TECNO G9 Build/JDQ39) AppleWebKit/537.36 (KHTML, like Gecko) Chrome/50.0.2661.89 Safari/537.36" "197.211.57.35, 66.102.9.116"
66.102.9.116 - - [15/Aug/2016:21:04:09 +0000] "GET /uploads/illustrations/bitcoin-dice.jpg HTTP/1.1" 200 47730 "http://melvyn.pythonanywhere.com/posts/3/" "Mozilla/5.0 (Linux; Android 4.2.2; TECNO G9 Build/JDQ39) AppleWebKit/537.36 (KHTML, like Gecko) Chrome/50.0.2661.89 Safari/537.36" "197.211.57.35, 66.102.9.116"
66.102.9.106 - - [15/Aug/2016:21:04:09 +0000] "GET /uploads/illustrations/hist_1000_bad.png HTTP/1.1" 200 25062 "http://melvyn.pythonanywhere.com/posts/3/" "Mozilla/5.0 (Linux; Android 4.2.2; TECNO G9 Build/JDQ39) AppleWebKit/537.36 (KHTML, like Gecko) Chrome/50.0.2661.89 Safari/537.36" "197.211.57.35, 66.102.9.106"
66.102.9.106 - - [15/Aug/2016:21:04:09 +0000] "GET /uploads/illustrations/hist_1000_good.png HTTP/1.1" 200 21646 "http://melvyn.pythonanywhere.com/posts/3/" "Mozilla/5.0 (Linux; Android 4.2.2; TECNO G9 Build/JDQ39) AppleWebKit/537.36 (KHTML, like Gecko) Chrome/50.0.2661.89 Safari/537.36" "197.211.57.35, 66.102.9.106"
66.102.9.116 - - [15/Aug/2016:21:04:09 +0000] "GET /uploads/illustrations/hist_10000_good.png HTTP/1.1" 200 23232 "http://melvyn.pythonanywhere.com/posts/3/" "Mozilla/5.0 (Linux; Android 4.2.2; TECNO G9 Build/JDQ39) AppleWebKit/537.36 (KHTML, like Gecko) Chrome/50.0.2661.89 Safari/537.36" "197.211.57.35, 66.102.9.116"
66.102.9.116 - - [15/Aug/2016:21:04:09 +0000] "GET /static/style/css/post.css HTTP/1.1" 200 305 "http://melvyn.pythonanywhere.com/posts/3/" "Mozilla/5.0 (Linux; Android 4.2.2; TECNO G9 Build/JDQ39) AppleWebKit/537.36 (KHTML, like Gecko) Chrome/50.0.2661.89 Safari/537.36" "197.211.57.35, 66.102.9.116"
66.102.9.106 - - [15/Aug/2016:21:04:09 +0000] "GET /uploads/illustrations/hist_100000_good.png HTTP/1.1" 200 22987 "http://melvyn.pythonanywhere.com/posts/3/" "Mozilla/5.0 (Linux; Android 4.2.2; TECNO G9 Build/JDQ39) AppleWebKit/537.36 (KHTML, like Gecko) Chrome/50.0.2661.89 Safari/537.36" "197.211.57.35, 66.102.9.106"
66.102.9.116 - - [15/Aug/2016:21:04:09 +0000] "GET /uploads/illustrations/spectral_bad_3D.png HTTP/1.1" 200 107343 "http://melvyn.pythonanywhere.com/posts/3/" "Mozilla/5.0 (Linux; Android 4.2.2; TECNO G9 Build/JDQ39) AppleWebKit/537.36 (KHTML, like Gecko) Chrome/50.0.2661.89 Safari/537.36" "197.211.57.35, 66.102.9.116"
66.102.9.96 - - [15/Aug/2016:21:04:09 +0000] "GET /uploads/illustrations/spectral_bad_2D.png HTTP/1.1" 200 65929 "http://melvyn.pythonanywhere.com/posts/3/" "Mozilla/5.0 (Linux; Android 4.2.2; TECNO G9 Build/JDQ39) AppleWebKit/537.36 (KHTML, like Gecko) Chrome/50.0.2661.89 Safari/537.36" "197.211.57.35, 66.102.9.96"
66.102.9.106 - - [15/Aug/2016:21:04:09 +0000] "GET /uploads/illustrations/spectral_good_3D.png HTTP/1.1" 200 61899 "http://melvyn.pythonanywhere.com/posts/3/" "Mozilla/5.0 (Linux; Android 4.2.2; TECNO G9 Build/JDQ39) AppleWebKit/537.36 (KHTML, like Gecko) Chrome/50.0.2661.89 Safari/537.36" "197.211.57.35, 66.102.9.106"
66.102.9.116 - - [15/Aug/2016:21:04:09 +0000] "GET /uploads/illustrations/spectral_good_2D.png HTTP/1.1" 200 37009 "http://melvyn.pythonanywhere.com/posts/3/" "Mozilla/5.0 (Linux; Android 4.2.2; TECNO G9 Build/JDQ39) AppleWebKit/537.36 (KHTML, like Gecko) Chrome/50.0.2661.89 Safari/537.36" "197.211.57.35, 66.102.9.116"
66.102.9.116 - - [15/Aug/2016:21:04:09 +0000] "GET /uploads/illustrations/hist_10000_good.png HTTP/1.1" 200 23232 "http://melvyn.pythonanywhere.com/posts/3/" "Mozilla/5.0 (Linux; Android 4.2.2; TECNO G9 Build/JDQ39) AppleWebKit/537.36 (KHTML, like Gecko) Chrome/50.0.2661.89 Safari/537.36" "197.211.57.35, 66.102.9.116"
66.102.9.116 - - [15/Aug/2016:21:04:09 +0000] "GET /static/style/css/post.css HTTP/1.1" 200 305 "http://melvyn.pythonanywhere.com/posts/3/" "Mozilla/5.0 (Linux; Android 4.2.2; TECNO G9 Build/JDQ39) AppleWebKit/537.36 (KHTML, like Gecko) Chrome/50.0.2661.89 Safari/537.36" "197.211.57.35, 66.102.9.116"
66.102.9.106 - - [15/Aug/2016:21:04:09 +0000] "GET /uploads/illustrations/hist_100000_good.png HTTP/1.1" 200 22987 "http://melvyn.pythonanywhere.com/posts/3/" "Mozilla/5.0 (Linux; Android 4.2.2; TECNO G9 Build/JDQ39) AppleWebKit/537.36 (KHTML, like Gecko) Chrome/50.0.2661.89 Safari/537.36" "197.211.57.35, 66.102.9.106"
66.102.9.116 - - [15/Aug/2016:21:04:09 +0000] "GET /uploads/illustrations/spectral_bad_3D.png HTTP/1.1" 200 107343 "http://melvyn.pythonanywhere.com/posts/3/" "Mozilla/5.0 (Linux; Android 4.2.2; TECNO G9 Build/JDQ39) AppleWebKit/537.36 (KHTML, like Gecko) Chrome/50.0.2661.89 Safari/537.36" "197.211.57.35, 66.102.9.116"
66.102.9.96 - - [15/Aug/2016:21:04:09 +0000] "GET /uploads/illustrations/spectral_bad_2D.png HTTP/1.1" 200 65929 "http://melvyn.pythonanywhere.com/posts/3/" "Mozilla/5.0 (Linux; Android 4.2.2; TECNO G9 Build/JDQ39) AppleWebKit/537.36 (KHTML, like Gecko) Chrome/50.0.2661.89 Safari/537.36" "197.211.57.35, 66.102.9.96"
66.102.9.106 - - [15/Aug/2016:21:04:09 +0000] "GET /uploads/illustrations/spectral_good_3D.png HTTP/1.1" 200 61899 "http://melvyn.pythonanywhere.com/posts/3/" "Mozilla/5.0 (Linux; Android 4.2.2; TECNO G9 Build/JDQ39) AppleWebKit/537.36 (KHTML, like Gecko) Chrome/50.0.2661.89 Safari/537.36" "197.211.57.35, 66.102.9.106"
66.102.9.116 - - [15/Aug/2016:21:04:09 +0000] "GET /uploads/illustrations/spectral_good_2D.png HTTP/1.1" 200 37009 "http://melvyn.pythonanywhere.com/posts/3/" "Mozilla/5.0 (Linux; Android 4.2.2; TECNO G9 Build/JDQ39) AppleWebKit/537.36 (KHTML, like Gecko) Chrome/50.0.2661.89 Safari/537.36" "197.211.57.35, 66.102.9.116"
66.102.9.116 - - [15/Aug/2016:21:04:09 +0000] "GET /uploads/illustrations/hist_10000_good.png HTTP/1.1" 200 23232 "http://melvyn.pythonanywhere.com/posts/3/" "Mozilla/5.0 (Linux; Android 4.2.2; TECNO G9 Build/JDQ39) AppleWebKit/537.36 (KHTML, like Gecko) Chrome/50.0.2661.89 Safari/537.36" "197.211.57.35, 66.102.9.116"
66.102.9.116 - - [15/Aug/2016:21:04:09 +0000] "GET /static/style/css/post.css HTTP/1.1" 200 305 "http://melvyn.pythonanywhere.com/posts/3/" "Mozilla/5.0 (Linux; Android 4.2.2; TECNO G9 Build/JDQ39) AppleWebKit/537.36 (KHTML, like Gecko) Chrome/50.0.2661.89 Safari/537.36" "197.211.57.35, 66.102.9.116"
66.102.9.106 - - [15/Aug/2016:21:04:09 +0000] "GET /uploads/illustrations/hist_100000_good.png HTTP/1.1" 200 22987 "http://melvyn.pythonanywhere.com/posts/3/" "Mozilla/5.0 (Linux; Android 4.2.2; TECNO G9 Build/JDQ39) AppleWebKit/537.36 (KHTML, like Gecko) Chrome/50.0.2661.89 Safari/537.36" "197.211.57.35, 66.102.9.106"
66.102.9.116 - - [15/Aug/2016:21:04:09 +0000] "GET /uploads/illustrations/spectral_bad_3D.png HTTP/1.1" 200 107343 "http://melvyn.pythonanywhere.com/posts/3/" "Mozilla/5.0 (Linux; Android 4.2.2; TECNO G9 Build/JDQ39) AppleWebKit/537.36 (KHTML, like Gecko) Chrome/50.0.2661.89 Safari/537.36" "197.211.57.35, 66.102.9.116"
66.102.9.96 - - [15/Aug/2016:21:04:09 +0000] "GET /uploads/illustrations/spectral_bad_2D.png HTTP/1.1" 200 65929 "http://melvyn.pythonanywhere.com/posts/3/" "Mozilla/5.0 (Linux; Android 4.2.2; TECNO G9 Build/JDQ39) AppleWebKit/537.36 (KHTML, like Gecko) Chrome/50.0.2661.89 Safari/537.36" "197.211.57.35, 66.102.9.96"
66.102.9.106 - - [15/Aug/2016:21:04:09 +0000] "GET /uploads/illustrations/spectral_good_3D.png HTTP/1.1" 200 61899 "http://melvyn.pythonanywhere.com/posts/3/" "Mozilla/5.0 (Linux; Android 4.2.2; TECNO G9 Build/JDQ39) AppleWebKit/537.36 (KHTML, like Gecko) Chrome/50.0.2661.89 Safari/537.36" "197.211.57.35, 66.102.9.106"
66.102.9.116 - - [15/Aug/2016:21:04:09 +0000] "GET /uploads/illustrations/spectral_good_2D.png HTTP/1.1" 200 37009 "http://melvyn.pythonanywhere.com/posts/3/" "Mozilla/5.0 (Linux; Android 4.2.2; TECNO G9 Build/JDQ39) AppleWebKit/537.36 (KHTML, like Gecko) Chrome/50.0.2661.89 Safari/537.36" "197.211.57.35, 66.102.9.116"
66.102.9.116 - - [15/Aug/2016:21:04:09 +0000] "GET /uploads/illustrations/hist_10000_good.png HTTP/1.1" 200 23232 "http://melvyn.pythonanywhere.com/posts/3/" "Mozilla/5.0 (Linux; Android 4.2.2; TECNO G9 Build/JDQ39) AppleWebKit/537.36 (KHTML, like Gecko) Chrome/50.0.2661.89 Safari/537.36" "197.211.57.35, 66.102.9.116"
66.102.9.116 - - [15/Aug/2016:21:04:09 +0000] "GET /static/style/css/post.css HTTP/1.1" 200 305 "http://melvyn.pythonanywhere.com/posts/3/" "Mozilla/5.0 (Linux; Android 4.2.2; TECNO G9 Build/JDQ39) AppleWebKit/537.36 (KHTML, like Gecko) Chrome/50.0.2661.89 Safari/537.36" "197.211.57.35, 66.102.9.116"
66.102.9.106 - - [15/Aug/2016:21:04:09 +0000] "GET /uploads/illustrations/hist_100000_good.png HTTP/1.1" 200 22987 "http://melvyn.pythonanywhere.com/posts/3/" "Mozilla/5.0 (Linux; Android 4.2.2; TECNO G9 Build/JDQ39) AppleWebKit/537.36 (KHTML, like Gecko) Chrome/50.0.2661.89 Safari/537.36" "197.211.57.35, 66.102.9.106"
66.102.9.116 - - [15/Aug/2016:21:04:09 +0000] "GET /uploads/illustrations/spectral_bad_3D.png HTTP/1.1" 200 107343 "http://melvyn.pythonanywhere.com/posts/3/" "Mozilla/5.0 (Linux; Android 4.2.2; TECNO G9 Build/JDQ39) AppleWebKit/537.36 (KHTML, like Gecko) Chrome/50.0.2661.89 Safari/537.36" "197.211.57.35, 66.102.9.116"
66.102.9.96 - - [15/Aug/2016:21:04:09 +0000] "GET /uploads/illustrations/spectral_bad_2D.png HTTP/1.1" 200 65929 "http://melvyn.pythonanywhere.com/posts/3/" "Mozilla/5.0 (Linux; Android 4.2.2; TECNO G9 Build/JDQ39) AppleWebKit/537.36 (KHTML, like Gecko) Chrome/50.0.2661.89 Safari/537.36" "197.211.57.35, 66.102.9.96"
66.102.9.106 - - [15/Aug/2016:21:04:09 +0000] "GET /uploads/illustrations/spectral_good_3D.png HTTP/1.1" 200 61899 "http://melvyn.pythonanywhere.com/posts/3/" "Mozilla/5.0 (Linux; Android 4.2.2; TECNO G9 Build/JDQ39) AppleWebKit/537.36 (KHTML, like Gecko) Chrome/50.0.2661.89 Safari/537.36" "197.211.57.35, 66.102.9.106"
66.102.9.116 - - [15/Aug/2016:21:04:09 +0000] "GET /uploads/illustrations/spectral_good_2D.png HTTP/1.1" 200 37009 "http://melvyn.pythonanywhere.com/posts/3/" "Mozilla/5.0 (Linux; Android 4.2.2; TECNO G9 Build/JDQ39) AppleWebKit/537.36 (KHTML, like Gecko) Chrome/50.0.2661.89 Safari/537.36" "197.211.57.35, 66.102.9.116"
66.102.9.116 - - [15/Aug/2016:21:04:09 +0000] "GET /uploads/illustrations/hist_10000_good.png HTTP/1.1" 200 23232 "http://melvyn.pythonanywhere.com/posts/3/" "Mozilla/5.0 (Linux; Android 4.2.2; TECNO G9 Build/JDQ39) AppleWebKit/537.36 (KHTML, like Gecko) Chrome/50.0.2661.89 Safari/537.36" "197.211.57.35, 66.102.9.116"
66.102.9.116 - - [15/Aug/2016:21:04:09 +0000] "GET /static/style/css/post.css HTTP/1.1" 200 305 "http://melvyn.pythonanywhere.com/posts/3/" "Mozilla/5.0 (Linux; Android 4.2.2; TECNO G9 Build/JDQ39) AppleWebKit/537.36 (KHTML, like Gecko) Chrome/50.0.2661.89 Safari/537.36" "197.211.57.35, 66.102.9.116"
66.102.9.106 - - [15/Aug/2016:21:04:09 +0000] "GET /uploads/illustrations/hist_100000_good.png HTTP/1.1" 200 22987 "http://melvyn.pythonanywhere.com/posts/3/" "Mozilla/5.0 (Linux; Android 4.2.2; TECNO G9 Build/JDQ39) AppleWebKit/537.36 (KHTML, like Gecko) Chrome/50.0.2661.89 Safari/537.36" "197.211.57.35, 66.102.9.106"
66.102.9.116 - - [15/Aug/2016:21:04:09 +0000] "GET /uploads/illustrations/spectral_bad_3D.png HTTP/1.1" 200 107343 "http://melvyn.pythonanywhere.com/posts/3/" "Mozilla/5.0 (Linux; Android 4.2.2; TECNO G9 Build/JDQ39) AppleWebKit/537.36 (KHTML, like Gecko) Chrome/50.0.2661.89 Safari/537.36" "197.211.57.35, 66.102.9.116"
